Archive member included because of file (symbol)

c:/program files (x86)/atmel/atmel toolchain/arm gcc/native/4.8.1443/arm-gnu-toolchain/bin/../lib/gcc/arm-none-eabi/4.8.4/../../../../arm-none-eabi/lib/armv7-m\libm.a(lib_a-s_cos.o)
                              src/navigation.o (cos)
c:/program files (x86)/atmel/atmel toolchain/arm gcc/native/4.8.1443/arm-gnu-toolchain/bin/../lib/gcc/arm-none-eabi/4.8.4/../../../../arm-none-eabi/lib/armv7-m\libm.a(lib_a-s_sin.o)
                              src/navigation.o (sin)
c:/program files (x86)/atmel/atmel toolchain/arm gcc/native/4.8.1443/arm-gnu-toolchain/bin/../lib/gcc/arm-none-eabi/4.8.4/../../../../arm-none-eabi/lib/armv7-m\libm.a(lib_a-w_atan2.o)
                              src/navigation.o (atan2)
c:/program files (x86)/atmel/atmel toolchain/arm gcc/native/4.8.1443/arm-gnu-toolchain/bin/../lib/gcc/arm-none-eabi/4.8.4/../../../../arm-none-eabi/lib/armv7-m\libm.a(lib_a-w_sqrt.o)
                              src/navigation.o (sqrt)
c:/program files (x86)/atmel/atmel toolchain/arm gcc/native/4.8.1443/arm-gnu-toolchain/bin/../lib/gcc/arm-none-eabi/4.8.4/../../../../arm-none-eabi/lib/armv7-m\libm.a(lib_a-e_atan2.o)
                              c:/program files (x86)/atmel/atmel toolchain/arm gcc/native/4.8.1443/arm-gnu-toolchain/bin/../lib/gcc/arm-none-eabi/4.8.4/../../../../arm-none-eabi/lib/armv7-m\libm.a(lib_a-w_atan2.o) (__ieee754_atan2)
c:/program files (x86)/atmel/atmel toolchain/arm gcc/native/4.8.1443/arm-gnu-toolchain/bin/../lib/gcc/arm-none-eabi/4.8.4/../../../../arm-none-eabi/lib/armv7-m\libm.a(lib_a-e_rem_pio2.o)
                              c:/program files (x86)/atmel/atmel toolchain/arm gcc/native/4.8.1443/arm-gnu-toolchain/bin/../lib/gcc/arm-none-eabi/4.8.4/../../../../arm-none-eabi/lib/armv7-m\libm.a(lib_a-s_cos.o) (__ieee754_rem_pio2)
c:/program files (x86)/atmel/atmel toolchain/arm gcc/native/4.8.1443/arm-gnu-toolchain/bin/../lib/gcc/arm-none-eabi/4.8.4/../../../../arm-none-eabi/lib/armv7-m\libm.a(lib_a-e_sqrt.o)
                              c:/program files (x86)/atmel/atmel toolchain/arm gcc/native/4.8.1443/arm-gnu-toolchain/bin/../lib/gcc/arm-none-eabi/4.8.4/../../../../arm-none-eabi/lib/armv7-m\libm.a(lib_a-w_sqrt.o) (__ieee754_sqrt)
c:/program files (x86)/atmel/atmel toolchain/arm gcc/native/4.8.1443/arm-gnu-toolchain/bin/../lib/gcc/arm-none-eabi/4.8.4/../../../../arm-none-eabi/lib/armv7-m\libm.a(lib_a-k_cos.o)
                              c:/program files (x86)/atmel/atmel toolchain/arm gcc/native/4.8.1443/arm-gnu-toolchain/bin/../lib/gcc/arm-none-eabi/4.8.4/../../../../arm-none-eabi/lib/armv7-m\libm.a(lib_a-s_cos.o) (__kernel_cos)
c:/program files (x86)/atmel/atmel toolchain/arm gcc/native/4.8.1443/arm-gnu-toolchain/bin/../lib/gcc/arm-none-eabi/4.8.4/../../../../arm-none-eabi/lib/armv7-m\libm.a(lib_a-k_rem_pio2.o)
                              c:/program files (x86)/atmel/atmel toolchain/arm gcc/native/4.8.1443/arm-gnu-toolchain/bin/../lib/gcc/arm-none-eabi/4.8.4/../../../../arm-none-eabi/lib/armv7-m\libm.a(lib_a-e_rem_pio2.o) (__kernel_rem_pio2)
c:/program files (x86)/atmel/atmel toolchain/arm gcc/native/4.8.1443/arm-gnu-toolchain/bin/../lib/gcc/arm-none-eabi/4.8.4/../../../../arm-none-eabi/lib/armv7-m\libm.a(lib_a-k_sin.o)
                              c:/program files (x86)/atmel/atmel toolchain/arm gcc/native/4.8.1443/arm-gnu-toolchain/bin/../lib/gcc/arm-none-eabi/4.8.4/../../../../arm-none-eabi/lib/armv7-m\libm.a(lib_a-s_cos.o) (__kernel_sin)
c:/program files (x86)/atmel/atmel toolchain/arm gcc/native/4.8.1443/arm-gnu-toolchain/bin/../lib/gcc/arm-none-eabi/4.8.4/../../../../arm-none-eabi/lib/armv7-m\libm.a(lib_a-s_atan.o)
                              c:/program files (x86)/atmel/atmel toolchain/arm gcc/native/4.8.1443/arm-gnu-toolchain/bin/../lib/gcc/arm-none-eabi/4.8.4/../../../../arm-none-eabi/lib/armv7-m\libm.a(lib_a-e_atan2.o) (atan)
c:/program files (x86)/atmel/atmel toolchain/arm gcc/native/4.8.1443/arm-gnu-toolchain/bin/../lib/gcc/arm-none-eabi/4.8.4/../../../../arm-none-eabi/lib/armv7-m\libm.a(lib_a-s_fabs.o)
                              c:/program files (x86)/atmel/atmel toolchain/arm gcc/native/4.8.1443/arm-gnu-toolchain/bin/../lib/gcc/arm-none-eabi/4.8.4/../../../../arm-none-eabi/lib/armv7-m\libm.a(lib_a-e_atan2.o) (fabs)
c:/program files (x86)/atmel/atmel toolchain/arm gcc/native/4.8.1443/arm-gnu-toolchain/bin/../lib/gcc/arm-none-eabi/4.8.4/../../../../arm-none-eabi/lib/armv7-m\libm.a(lib_a-s_floor.o)
                              c:/program files (x86)/atmel/atmel toolchain/arm gcc/native/4.8.1443/arm-gnu-toolchain/bin/../lib/gcc/arm-none-eabi/4.8.4/../../../../arm-none-eabi/lib/armv7-m\libm.a(lib_a-k_rem_pio2.o) (floor)
c:/program files (x86)/atmel/atmel toolchain/arm gcc/native/4.8.1443/arm-gnu-toolchain/bin/../lib/gcc/arm-none-eabi/4.8.4/../../../../arm-none-eabi/lib/armv7-m\libm.a(lib_a-s_fpclassify.o)
[...]
Memory Configuration

Name             Origin             Length             Attributes
rom              0x00080000         0x00080000         xr
sram0            0x20000000         0x00010000         xrw
sram1            0x20080000         0x00008000         xrw
ram              0x20070000         0x00018000         xrw
*default*        0x00000000         0xffffffff

Linker script and memory map

LOAD c:/program files (x86)/atmel/atmel toolchain/arm gcc/native/4.8.1443/arm-gnu-toolchain/bin/../lib/gcc/arm-none-eabi/4.8.4/armv7-m/crti.o
LOAD c:/program files (x86)/atmel/atmel toolchain/arm gcc/native/4.8.1443/arm-gnu-toolchain/bin/../lib/gcc/arm-none-eabi/4.8.4/armv7-m/crtbegin.o
LOAD c:/program files (x86)/atmel/atmel toolchain/arm gcc/native/4.8.1443/arm-gnu-toolchain/bin/../lib/gcc/arm-none-eabi/4.8.4/../../../../arm-none-eabi/lib/armv7-m/crt0.o
LOAD src/consoleFunctions.o
LOAD test/navigationTest.o
LOAD test/testRunner.o
LOAD unity/unity.o
LOAD src/ASF/common/services/serial/usart_serial.o
LOAD src/ASF/common/utils/stdio/read.o
LOAD src/ASF/common/utils/stdio/write.o
LOAD src/ASF/sam/drivers/uart/uart.o
LOAD src/ASF/sam/drivers/usart/usart.o
LOAD src/buttonInterrupt.o
LOAD src/distanceSensor.o
LOAD src/navigation.o
LOAD src/pulseCounterHandler.o
LOAD src/ASF/common/services/clock/sam3x/sysclk.o
LOAD src/ASF/common/services/delay/sam/cycle_counter.o
LOAD src/ASF/common/utils/interrupt/interrupt_sam_nvic.o
LOAD src/ASF/sam/boards/arduino_due_x/init.o
LOAD src/ASF/sam/drivers/pio/pio.o
LOAD src/ASF/sam/drivers/pio/pio_handler.o
LOAD src/ASF/sam/drivers/pmc/pmc.o
LOAD src/ASF/sam/drivers/pmc/sleep.o
LOAD src/ASF/sam/drivers/tc/tc.o
LOAD src/ASF/sam/utils/cmsis/sam3x/source/templates/exceptions.o
LOAD src/ASF/sam/utils/cmsis/sam3x/source/templates/gcc/startup_sam3x.o
LOAD src/ASF/sam/utils/cmsis/sam3x/source/templates/system_sam3x.o
LOAD src/ASF/sam/utils/syscalls/gcc/syscalls.o
LOAD src/motorFunc.o
LOAD src/main.o
START GROUP
LOAD ../src/ASF/thirdparty/CMSIS/Lib/GCC\libarm_cortexM3l_math.a
LOAD c:/program files (x86)/atmel/atmel toolchain/arm gcc/native/4.8.1443/arm-gnu-toolchain/bin/../lib/gcc/arm-none-eabi/4.8.4/../../../../arm-none-eabi/lib/armv7-m\libm.a
END GROUP
START GROUP
LOAD c:/program files (x86)/atmel/atmel toolchain/arm gcc/native/4.8.1443/arm-gnu-toolchain/bin/../lib/gcc/arm-none-eabi/4.8.4/armv7-m\libgcc.a
LOAD c:/program files (x86)/atmel/atmel toolchain/arm gcc/native/4.8.1443/arm-gnu-toolchain/bin/../lib/gcc/arm-none-eabi/4.8.4/../../../../arm-none-eabi/lib/armv7-m\libc.a
END GROUP
LOAD c:/program files (x86)/atmel/atmel toolchain/arm gcc/native/4.8.1443/arm-gnu-toolchain/bin/../lib/gcc/arm-none-eabi/4.8.4/armv7-m/crtend.o
LOAD c:/program files (x86)/atmel/atmel toolchain/arm gcc/native/4.8.1443/arm-gnu-toolchain/bin/../lib/gcc/arm-none-eabi/4.8.4/armv7-m/crtn.o
                0x00002000                __stack_size__ = DEFINED (__stack_size__)?__stack_size__:0x2000
                0x20087ffc                __ram_end__ = ((ORIGIN (ram) + 0x18000) - 0x4)

.text           0x00080000     0x6d0c
                0x00080000                . = ALIGN (0x4)
                0x00080000                _sfixed = .
 *(.vectors .vectors.*)
 .vectors       0x00080000       0xf4 src/ASF/sam/utils/cmsis/sam3x/source/templates/gcc/startup_sam3x.o
                0x00080000                exception_table
 *(.text .text.* .gnu.linkonce.t.*)
 .text          0x000800f4       0x54 c:/program files (x86)/atmel/atmel toolchain/arm gcc/native/4.8.1443/arm-gnu-toolchain/bin/../lib/gcc/arm-none-eabi/4.8.4/armv7-m/crtbegin.o
 .text.usart_serial_getchar
                0x00080148       0xa8 src/consoleFunctions.o
 .text.usart_serial_putchar
                0x000801f0       0xa8 src/consoleFunctions.o
 .text.configureConsole
                0x00080298       0x94 src/consoleFunctions.o
                0x00080298                configureConsole
 .text._read    0x0008032c       0x40 src/ASF/common/utils/stdio/read.o
                0x0008032c                _read
 .text._write   0x0008036c       0x54 src/ASF/common/utils/stdio/write.o
                0x0008036c                _write
 .text.uart_init
                0x000803c0       0x38 src/ASF/sam/drivers/uart/uart.o
                0x000803c0                uart_init
 .text.uart_write
                0x000803f8       0x10 src/ASF/sam/drivers/uart/uart.o
                0x000803f8                uart_write
 .text.uart_read
                0x00080408       0x14 src/ASF/sam/drivers/uart/uart.o
                0x00080408                uart_read
 .text.usart_write
                0x0008041c       0x14 src/ASF/sam/drivers/usart/usart.o
                0x0008041c                usart_write
 .text.usart_read
                0x00080430       0x18 src/ASF/sam/drivers/usart/usart.o
                0x00080430                usart_read
 .text.setObject
                0x00080448       0x40 src/navigation.o
                0x00080448                setObject
 .text.setCollectAll
                0x00080488        0xc src/navigation.o
                0x00080488                setCollectAll
 .text.calcMidPos
                0x00080494       0x24 src/navigation.o
                0x00080494                calcMidPos
 .text.angleToPos
                0x000804b8       0x6c src/navigation.o
                0x000804b8                angleToPos
 *fill*         0x00080524        0x4 
 .text.valuesCalc
                0x00080528       0xa8 src/navigation.o
                0x00080528                valuesCalc
 .text.distanceToPosition
                0x000805d0       0x78 src/navigation.o
                0x000805d0                distanceToPosition
 .text.updateAngle
                0x00080648       0x34 src/navigation.o
                0x00080648                updateAngle
 *fill*         0x0008067c        0x4 
 .text.updatePos
                0x00080680      0x108 src/navigation.o
                0x00080680                updatePos
 .text.rotationChooser
                0x00080788       0x2c src/navigation.o
                0x00080788                rotationChooser
 *fill*         0x000807b4        0x4 
 .text.angleCheck
                0x000807b8       0xe8 src/navigation.o
                0x000807b8                angleCheck
 .text.setPath  0x000808a0       0x60 src/navigation.o
                0x000808a0                setPath
 .text.goToNext
                0x00080900      0x188 src/navigation.o
                0x00080900                goToNext
 .text.pulseCounter_handlerA
                0x00080a88       0x1c src/pulseCounterHandler.o
                0x00080a88                pulseCounter_handlerA
 .text.pulseCounter_handlerB
                0x00080aa4       0x1c src/pulseCounterHandler.o
                0x00080aa4                pulseCounter_handlerB
 .text.pulseCounter_configA
                0x00080ac0       0x60 src/pulseCounterHandler.o
                0x00080ac0                pulseCounter_configA
 .text.pulseCounter_configB
                0x00080b20       0x60 src/pulseCounterHandler.o
                0x00080b20                pulseCounter_configB
 .text.sysclk_init
                0x00080b80       0x64 src/ASF/common/services/clock/sam3x/sysclk.o
                0x00080b80                sysclk_init
 .text.board_init
                0x00080be4       0x70 src/ASF/sam/boards/arduino_due_x/init.o
                0x00080be4                board_init
 .text.pio_set_peripheral
                0x00080c54       0x40 src/ASF/sam/drivers/pio/pio.o
                0x00080c54                pio_set_peripheral
 .text.pio_set_input
                0x00080c94       0x34 src/ASF/sam/drivers/pio/pio.o
                0x00080c94                pio_set_input
 .text.pio_set_output
                0x00080cc8       0x28 src/ASF/sam/drivers/pio/pio.o
                0x00080cc8                pio_set_output
 .text.pio_configure_interrupt
                0x00080cf0       0x30 src/ASF/sam/drivers/pio/pio.o
                0x00080cf0                pio_configure_interrupt
 .text.pio_enable_interrupt
                0x00080d20        0x8 src/ASF/sam/drivers/pio/pio.o
                0x00080d20                pio_enable_interrupt
 .text.pio_get_interrupt_status
                0x00080d28        0x4 src/ASF/sam/drivers/pio/pio.o
                0x00080d28                pio_get_interrupt_status
 .text.pio_get_interrupt_mask
                0x00080d2c        0x4 src/ASF/sam/drivers/pio/pio.o
                0x00080d2c                pio_get_interrupt_mask
 .text.pio_configure_pin
                0x00080d30       0xd4 src/ASF/sam/drivers/pio/pio.o
                0x00080d30                pio_configure_pin
 .text.pio_configure_pin_group
                0x00080e04       0xa0 src/ASF/sam/drivers/pio/pio.o
                0x00080e04                pio_configure_pin_group
 .text.pio_handler_process
                0x00080ea4       0x58 src/ASF/sam/drivers/pio/pio_handler.o
                0x00080ea4                pio_handler_process
 .text.pio_handler_set
                0x00080efc       0x3c src/ASF/sam/drivers/pio/pio_handler.o
                0x00080efc                pio_handler_set
 .text.PIOA_Handler
                0x00080f38       0x14 src/ASF/sam/drivers/pio/pio_handler.o
                0x00080f38                PIOA_Handler
 .text.PIOB_Handler
                0x00080f4c       0x14 src/ASF/sam/drivers/pio/pio_handler.o
                0x00080f4c                PIOB_Handler
 .text.PIOC_Handler
                0x00080f60       0x14 src/ASF/sam/drivers/pio/pio_handler.o
                0x00080f60                PIOC_Handler
 .text.PIOD_Handler
                0x00080f74       0x14 src/ASF/sam/drivers/pio/pio_handler.o
                0x00080f74                PIOD_Handler
 .text.pmc_switch_mck_to_pllack
                0x00080f88       0x64 src/ASF/sam/drivers/pmc/pmc.o
                0x00080f88                pmc_switch_mck_to_pllack
 .text.pmc_switch_mainck_to_xtal
                0x00080fec       0x54 src/ASF/sam/drivers/pmc/pmc.o
                0x00080fec                pmc_switch_mainck_to_xtal
 .text.pmc_osc_is_ready_mainck
                0x00081040       0x10 src/ASF/sam/drivers/pmc/pmc.o
                0x00081040                pmc_osc_is_ready_mainck
 .text.pmc_disable_pllack
                0x00081050       0x10 src/ASF/sam/drivers/pmc/pmc.o
                0x00081050                pmc_disable_pllack
 .text.pmc_is_locked_pllack
                0x00081060       0x10 src/ASF/sam/drivers/pmc/pmc.o
                0x00081060                pmc_is_locked_pllack
 .text.pmc_enable_periph_clk
                0x00081070       0x58 src/ASF/sam/drivers/pmc/pmc.o
                0x00081070                pmc_enable_periph_clk
 .text.pmc_set_writeprotect
                0x000810c8       0x24 src/ASF/sam/drivers/pmc/pmc.o
                0x000810c8                pmc_set_writeprotect
 .text.Dummy_Handler
                0x000810ec        0x4 src/ASF/sam/utils/cmsis/sam3x/source/templates/exceptions.o
                0x000810ec                DACC_Handler
                0x000810ec                DebugMon_Handler
                0x000810ec                DMAC_Handler
                0x000810ec                TRNG_Handler
                0x000810ec                HardFault_Handler
                0x000810ec                TC2_Handler
                0x000810ec                SysTick_Handler
                0x000810ec                USART3_Handler
                0x000810ec                TWI1_Handler
                0x000810ec                PendSV_Handler
                0x000810ec                NMI_Handler
                0x000810ec                TC7_Handler
                0x000810ec                ADC_Handler
                0x000810ec                SMC_Handler
                0x000810ec                USART0_Handler
                0x000810ec                RTT_Handler
                0x000810ec                EFC1_Handler
                0x000810ec                RTC_Handler
                0x000810ec                UsageFault_Handler
                0x000810ec                TC6_Handler
                0x000810ec                WDT_Handler
                0x000810ec                CAN0_Handler
                0x000810ec                TC4_Handler
                0x000810ec                TC1_Handler
                0x000810ec                HSMCI_Handler
                0x000810ec                TC3_Handler
                0x000810ec                Dummy_Handler
                0x000810ec                TWI0_Handler
                0x000810ec                USART1_Handler
                0x000810ec                SSC_Handler
                0x000810ec                EFC0_Handler
                0x000810ec                PMC_Handler
                0x000810ec                PWM_Handler
                0x000810ec                CAN1_Handler
                0x000810ec                MemManage_Handler
                0x000810ec                SUPC_Handler
                0x000810ec                SVC_Handler
                0x000810ec                TC8_Handler
                0x000810ec                USART2_Handler
                0x000810ec                EMAC_Handler
                0x000810ec                UART_Handler
                0x000810ec                BusFault_Handler
                0x000810ec                RSTC_Handler
                0x000810ec                TC0_Handler
                0x000810ec                TC5_Handler
                0x000810ec                UOTGHS_Handler
                0x000810ec                SPI0_Handler
 .text.Reset_Handler
                0x000810f0       0xb0 src/ASF/sam/utils/cmsis/sam3x/source/templates/gcc/startup_sam3x.o
                0x000810f0                Reset_Handler
 .text.SystemCoreClockUpdate
                0x000811a0      0x11c src/ASF/sam/utils/cmsis/sam3x/source/templates/system_sam3x.o
                0x000811a0                SystemCoreClockUpdate
 .text._sbrk    0x000812bc       0x34 src/ASF/sam/utils/syscalls/gcc/syscalls.o
                0x000812bc                _sbrk
 .text._close   0x000812f0        0x8 src/ASF/sam/utils/syscalls/gcc/syscalls.o
                0x000812f0                _close
 .text._fstat   0x000812f8        0xc src/ASF/sam/utils/syscalls/gcc/syscalls.o
                0x000812f8                _fstat
 .text._isatty  0x00081304        0x4 src/ASF/sam/utils/syscalls/gcc/syscalls.o
                0x00081304                _isatty
 .text._lseek   0x00081308        0x4 src/ASF/sam/utils/syscalls/gcc/syscalls.o
                0x00081308                _lseek
 *fill*         0x0008130c        0x4 
 .text.pulse    0x00081310       0x50 src/motorFunc.o
                0x00081310                pulse
 .text.stop     0x00081360       0x2c src/motorFunc.o
                0x00081360                stop
 *fill*         0x0008138c        0x4 
 .text.rotateRightByDegrees
                0x00081390       0xa0 src/motorFunc.o
                0x00081390                rotateRightByDegrees
 .text.rotateRight
                0x00081430       0x28 src/motorFunc.o
                0x00081430                rotateRight
 .text.rotateLeftByDegrees
                0x00081458       0xa0 src/motorFunc.o
                0x00081458                rotateLeftByDegrees
 .text.rotateLeft
                0x000814f8       0x28 src/motorFunc.o
                0x000814f8                rotateLeft
 .text.wheelControl
                0x00081520       0x80 src/motorFunc.o
                0x00081520                wheelControl
 .text.main     0x000815a0       0xc4 src/main.o
                0x000815a0                main
 .text.cos      0x00081664       0x8c c:/program files (x86)/atmel/atmel toolchain/arm gcc/native/4.8.1443/arm-gnu-toolchain/bin/../lib/gcc/arm-none-eabi/4.8.4/../../../../arm-none-eabi/lib/armv7-m\libm.a(lib_a-s_cos.o)
                0x00081664                cos
 .text.sin      0x000816f0       0x94 c:/program files (x86)/atmel/atmel toolchain/arm gcc/native/4.8.1443/arm-gnu-toolchain/bin/../lib/gcc/arm-none-eabi/4.8.4/../../../../arm-none-eabi/lib/armv7-m\libm.a(lib_a-s_sin.o)
                0x000816f0                sin
 .text.atan2    0x00081784        0x4 c:/program files (x86)/atmel/atmel toolchain/arm gcc/native/4.8.1443/arm-gnu-toolchain/bin/../lib/gcc/arm-none-eabi/4.8.4/../../../../arm-none-eabi/lib/armv7-m\libm.a(lib_a-w_atan2.o)
                0x00081784                atan2
 .text.sqrt     0x00081788       0xac c:/program files (x86)/atmel/atmel toolchain/arm gcc/native/4.8.1443/arm-gnu-toolchain/bin/../lib/gcc/arm-none-eabi/4.8.4/../../../../arm-none-eabi/lib/armv7-m\libm.a(lib_a-w_sqrt.o)
                0x00081788                sqrt
 *fill*         0x00081834        0x4 
 .text.__ieee754_atan2
                0x00081838      0x1f0 c:/program files (x86)/atmel/atmel toolchain/arm gcc/native/4.8.1443/arm-gnu-toolchain/bin/../lib/gcc/arm-none-eabi/4.8.4/../../../../arm-none-eabi/lib/armv7-m\libm.a(lib_a-e_atan2.o)
                0x00081838                __ieee754_atan2
 .text.__ieee754_rem_pio2
                0x00081a28      0x440 c:/program files (x86)/atmel/atmel toolchain/arm gcc/native/4.8.1443/arm-gnu-toolchain/bin/../lib/gcc/arm-none-eabi/4.8.4/../../../../arm-none-eabi/lib/armv7-m\libm.a(lib_a-e_rem_pio2.o)
                0x00081a28                __ieee754_rem_pio2
 .text.__ieee754_sqrt
                0x00081e68      0x180 c:/program files (x86)/atmel/atmel toolchain/arm gcc/native/4.8.1443/arm-gnu-toolchain/bin/../lib/gcc/arm-none-eabi/4.8.4/../../../../arm-none-eabi/lib/armv7-m\libm.a(lib_a-e_sqrt.o)
                0x00081e68                __ieee754_sqrt
 .text.__kernel_cos
                0x00081fe8      0x248 c:/program files (x86)/atmel/atmel toolchain/arm gcc/native/4.8.1443/arm-gnu-toolchain/bin/../lib/gcc/arm-none-eabi/4.8.4/../../../../arm-none-eabi/lib/armv7-m\libm.a(lib_a-k_cos.o)
                0x00081fe8                __kernel_cos
 .text.__kernel_rem_pio2
                0x00082230      0x7bc c:/program files (x86)/atmel/atmel toolchain/arm gcc/native/4.8.1443/arm-gnu-toolchain/bin/../lib/gcc/arm-none-eabi/4.8.4/../../../../arm-none-eabi/lib/armv7-m\libm.a(lib_a-k_rem_pio2.o)
                0x00082230                __kernel_rem_pio2
 *fill*         0x000829ec        0x4 
 .text.__kernel_sin
                0x000829f0      0x170 c:/program files (x86)/atmel/atmel toolchain/arm gcc/native/4.8.1443/arm-gnu-toolchain/bin/../lib/gcc/arm-none-eabi/4.8.4/../../../../arm-none-eabi/lib/armv7-m\libm.a(lib_a-k_sin.o)
                0x000829f0                __kernel_sin
 .text.atan     0x00082b60      0x350 c:/program files (x86)/atmel/atmel toolchain/arm gcc/native/4.8.1443/arm-gnu-toolchain/bin/../lib/gcc/arm-none-eabi/4.8.4/../../../../arm-none-eabi/lib/armv7-m\libm.a(lib_a-s_atan.o)
                0x00082b60                atan
 .text.fabs     0x00082eb0        0x8 c:/program files (x86)/atmel/atmel toolchain/arm gcc/native/4.8.1443/arm-gnu-toolchain/bin/../lib/gcc/arm-none-eabi/4.8.4/../../../../arm-none-eabi/lib/armv7-m\libm.a(lib_a-s_fabs.o)
                0x00082eb0                fabs
 .text.floor    0x00082eb8      0x120 c:/program files (x86)/atmel/atmel toolchain/arm gcc/native/4.8.1443/arm-gnu-toolchain/bin/../lib/gcc/arm-none-eabi/4.8.4/../../../../arm-none-eabi/lib/armv7-m\libm.a(lib_a-s_floor.o)
                0x00082eb8                floor
 .text.__fpclassifyd
                0x00082fd8       0x50 c:/program files (x86)/atmel/atmel toolchain/arm gcc/native/4.8.1443/arm-gnu-toolchain/bin/../lib/gcc/arm-none-eabi/4.8.4/../../../../arm-none-eabi/lib/armv7-m\libm.a(lib_a-s_fpclassify.o)
                0x00082fd8                __fpclassifyd
 .text.matherr  0x00083028        0x4 c:/program files (x86)/atmel/atmel toolchain/arm gcc/native/4.8.1443/arm-gnu-toolchain/bin/../lib/gcc/arm-none-eabi/4.8.4/../../../../arm-none-eabi/lib/armv7-m\libm.a(lib_a-s_matherr.o)
                0x00083028                matherr
 *fill*         0x0008302c        0x4 
 .text.scalbn   0x00083030      0x100 c:/program files (x86)/atmel/atmel toolchain/arm gcc/native/4.8.1443/arm-gnu-toolchain/bin/../lib/gcc/arm-none-eabi/4.8.4/../../../../arm-none-eabi/lib/armv7-m\libm.a(lib_a-s_scalbn.o)
                0x00083030                scalbn
 .text.copysign
                0x00083130       0x14 c:/program files (x86)/atmel/atmel toolchain/arm gcc/native/4.8.1443/arm-gnu-toolchain/bin/../lib/gcc/arm-none-eabi/4.8.4/../../../../arm-none-eabi/lib/armv7-m\libm.a(lib_a-s_copysign.o)
                0x00083130                copysign
 .text          0x00083144      0x370 c:/program files (x86)/atmel/atmel toolchain/arm gcc/native/4.8.1443/arm-gnu-toolchain/bin/../lib/gcc/arm-none-eabi/4.8.4/armv7-m\libgcc.a(_arm_addsubdf3.o)
                0x00083144                __aeabi_drsub
                0x0008314c                __aeabi_dsub
                0x0008314c                __subdf3
                0x00083150                __aeabi_dadd
                0x00083150                __adddf3
                0x000833c8                __floatunsidf
                0x000833c8                __aeabi_ui2d
                0x000833e8                __floatsidf
                0x000833e8                __aeabi_i2d
                0x0008340c                __aeabi_f2d
                0x0008340c                __extendsfdf2
                0x00083448                __floatundidf
                0x00083448                __aeabi_ul2d
                0x00083458                __floatdidf
                0x00083458                __aeabi_l2d
 .text          0x000834b4      0x424 c:/program files (x86)/atmel/atmel toolchain/arm gcc/native/4.8.1443/arm-gnu-toolchain/bin/../lib/gcc/arm-none-eabi/4.8.4/armv7-m\libgcc.a(_arm_muldivdf3.o)
                0x000834b4                __aeabi_dmul
                0x000834b4                __muldf3
                0x00083708                __divdf3
                0x00083708                __aeabi_ddiv
 .text          0x000838d8      0x110 c:/program files (x86)/atmel/atmel toolchain/arm gcc/native/4.8.1443/arm-gnu-toolchain/bin/../lib/gcc/arm-none-eabi/4.8.4/armv7-m\libgcc.a(_arm_cmpdf2.o)
                0x000838d8                __gtdf2
                0x000838d8                __gedf2
                0x000838e0                __ltdf2
                0x000838e0                __ledf2
                0x000838e8                __nedf2
                0x000838e8                __eqdf2
                0x000838e8                __cmpdf2
                0x00083964                __aeabi_cdrcmple
                0x00083974                __aeabi_cdcmpeq
                0x00083974                __aeabi_cdcmple
                0x00083984                __aeabi_dcmpeq
                0x00083998                __aeabi_dcmplt
                0x000839ac                __aeabi_dcmple
                0x000839c0                __aeabi_dcmpge
                0x000839d4                __aeabi_dcmpgt
 .text          0x000839e8       0x50 c:/program files (x86)/atmel/atmel toolchain/arm gcc/native/4.8.1443/arm-gnu-toolchain/bin/../lib/gcc/arm-none-eabi/4.8.4/armv7-m\libgcc.a(_arm_fixdfsi.o)
                0x000839e8                __aeabi_d2iz
                0x000839e8                __fixdfsi
 .text          0x00083a38       0x40 c:/program files (x86)/atmel/atmel toolchain/arm gcc/native/4.8.1443/arm-gnu-toolchain/bin/../lib/gcc/arm-none-eabi/4.8.4/armv7-m\libgcc.a(_arm_fixunsdfsi.o)
                0x00083a38                __aeabi_d2uiz
                0x00083a38                __fixunsdfsi
 .text          0x00083a78       0x2c c:/program files (x86)/atmel/atmel toolchain/arm gcc/native/4.8.1443/arm-gnu-toolchain/bin/../lib/gcc/arm-none-eabi/4.8.4/armv7-m\libgcc.a(_aeabi_uldivmod.o)
                0x00083a78                __aeabi_uldivmod
 .text          0x00083aa4       0x60 c:/program files (x86)/atmel/atmel toolchain/arm gcc/native/4.8.1443/arm-gnu-toolchain/bin/../lib/gcc/arm-none-eabi/4.8.4/armv7-m\libgcc.a(bpabi.o)
                0x00083aa4                __gnu_ldivmod_helper
                0x00083ad4                __gnu_uldivmod_helper
 .text          0x00083b04        0x4 c:/program files (x86)/atmel/atmel toolchain/arm gcc/native/4.8.1443/arm-gnu-toolchain/bin/../lib/gcc/arm-none-eabi/4.8.4/armv7-m\libgcc.a(_dvmd_tls.o)
                0x00083b04                __aeabi_idiv0
                0x00083b04                __aeabi_ldiv0
 .text          0x00083b08      0x2a0 c:/program files (x86)/atmel/atmel toolchain/arm gcc/native/4.8.1443/arm-gnu-toolchain/bin/../lib/gcc/arm-none-eabi/4.8.4/armv7-m\libgcc.a(_divdi3.o)
                0x00083b08                __divdi3
 .text          0x00083da8      0x290 c:/program files (x86)/atmel/atmel toolchain/arm gcc/native/4.8.1443/arm-gnu-toolchain/bin/../lib/gcc/arm-none-eabi/4.8.4/armv7-m\libgcc.a(_udivdi3.o)
                0x00083da8                __udivdi3
 .text.__errno  0x00084038        0xc c:/program files (x86)/atmel/atmel toolchain/arm gcc/native/4.8.1443/arm-gnu-toolchain/bin/../lib/gcc/arm-none-eabi/4.8.4/../../../../arm-none-eabi/lib/armv7-m\libc.a(lib_a-errno.o)
                0x00084038                __errno
 .text.__libc_init_array
                0x00084044       0x50 c:/program files (x86)/atmel/atmel toolchain/arm gcc/native/4.8.1443/arm-gnu-toolchain/bin/../lib/gcc/arm-none-eabi/4.8.4/../../../../arm-none-eabi/lib/armv7-m\libc.a(lib_a-init.o)
                0x00084044                __libc_init_array
 .text.iprintf  0x00084094       0x28 c:/program files (x86)/atmel/atmel toolchain/arm gcc/native/4.8.1443/arm-gnu-toolchain/bin/../lib/gcc/arm-none-eabi/4.8.4/../../../../arm-none-eabi/lib/armv7-m\libc.a(lib_a-iprintf.o)
                0x00084094                iprintf
 .text.memset   0x000840bc       0x94 c:/program files (x86)/atmel/atmel toolchain/arm gcc/native/4.8.1443/arm-gnu-toolchain/bin/../lib/gcc/arm-none-eabi/4.8.4/../../../../arm-none-eabi/lib/armv7-m\libc.a(lib_a-memset.o)
                0x000840bc                memset
 .text.setbuf   0x00084150       0x10 c:/program files (x86)/atmel/atmel toolchain/arm gcc/native/4.8.1443/arm-gnu-toolchain/bin/../lib/gcc/arm-none-eabi/4.8.4/../../../../arm-none-eabi/lib/armv7-m\libc.a(lib_a-setbuf.o)
                0x00084150                setbuf
 .text.setvbuf  0x00084160      0x100 c:/program files (x86)/atmel/atmel toolchain/arm gcc/native/4.8.1443/arm-gnu-toolchain/bin/../lib/gcc/arm-none-eabi/4.8.4/../../../../arm-none-eabi/lib/armv7-m\libc.a(lib_a-setvbuf.o)
                0x00084160                setvbuf
 .text.__sprint_r.part.0
                0x00084260       0x78 c:/program files (x86)/atmel/atmel toolchain/arm gcc/native/4.8.1443/arm-gnu-toolchain/bin/../lib/gcc/arm-none-eabi/4.8.4/../../../../arm-none-eabi/lib/armv7-m\libc.a(lib_a-vfiprintf.o)
 .text._vfiprintf_r
                0x000842d8      0xc54 c:/program files (x86)/atmel/atmel toolchain/arm gcc/native/4.8.1443/arm-gnu-toolchain/bin/../lib/gcc/arm-none-eabi/4.8.4/../../../../arm-none-eabi/lib/armv7-m\libc.a(lib_a-vfiprintf.o)
                0x000842d8                _vfiprintf_r
 .text.__sbprintf
                0x00084f2c       0x7c c:/program files (x86)/atmel/atmel toolchain/arm gcc/native/4.8.1443/arm-gnu-toolchain/bin/../lib/gcc/arm-none-eabi/4.8.4/../../../../arm-none-eabi/lib/armv7-m\libc.a(lib_a-vfiprintf.o)
 .text.__swbuf_r
                0x00084fa8       0xa8 c:/program files (x86)/atmel/atmel toolchain/arm gcc/native/4.8.1443/arm-gnu-toolchain/bin/../lib/gcc/arm-none-eabi/4.8.4/../../../../arm-none-eabi/lib/armv7-m\libc.a(lib_a-wbuf.o)
                0x00084fa8                __swbuf_r
 .text.__swsetup_r
                0x00085050       0xc4 c:/program files (x86)/atmel/atmel toolchain/arm gcc/native/4.8.1443/arm-gnu-toolchain/bin/../lib/gcc/arm-none-eabi/4.8.4/../../../../arm-none-eabi/lib/armv7-m\libc.a(lib_a-wsetup.o)
                0x00085050                __swsetup_r
 .text.startup.register_fini
                0x00085114       0x14 c:/program files (x86)/atmel/atmel toolchain/arm gcc/native/4.8.1443/arm-gnu-toolchain/bin/../lib/gcc/arm-none-eabi/4.8.4/../../../../arm-none-eabi/lib/armv7-m\libc.a(lib_a-__call_atexit.o)
 .text.atexit   0x00085128        0xc c:/program files (x86)/atmel/atmel toolchain/arm gcc/native/4.8.1443/arm-gnu-toolchain/bin/../lib/gcc/arm-none-eabi/4.8.4/../../../../arm-none-eabi/lib/armv7-m\libc.a(lib_a-atexit.o)
                0x00085128                atexit
 .text.__sflush_r
                0x00085134      0x148 c:/program files (x86)/atmel/atmel toolchain/arm gcc/native/4.8.1443/arm-gnu-toolchain/bin/../lib/gcc/arm-none-eabi/4.8.4/../../../../arm-none-eabi/lib/armv7-m\libc.a(lib_a-fflush.o)
                0x00085134                __sflush_r
 .text._fflush_r
                0x0008527c       0x2c c:/program files (x86)/atmel/atmel toolchain/arm gcc/native/4.8.1443/arm-gnu-toolchain/bin/../lib/gcc/arm-none-eabi/4.8.4/../../../../arm-none-eabi/lib/armv7-m\libc.a(lib_a-fflush.o)
                0x0008527c                _fflush_r
 .text._cleanup_r
                0x000852a8        0xc c:/program files (x86)/atmel/atmel toolchain/arm gcc/native/4.8.1443/arm-gnu-toolchain/bin/../lib/gcc/arm-none-eabi/4.8.4/../../../../arm-none-eabi/lib/armv7-m\libc.a(lib_a-findfp.o)
                0x000852a8                _cleanup_r
 .text.__sinit  0x000852b4       0xf4 c:/program files (x86)/atmel/atmel toolchain/arm gcc/native/4.8.1443/arm-gnu-toolchain/bin/../lib/gcc/arm-none-eabi/4.8.4/../../../../arm-none-eabi/lib/armv7-m\libc.a(lib_a-findfp.o)
                0x000852b4                __sinit
 .text.__sfp_lock_acquire
                0x000853a8        0x4 c:/program files (x86)/atmel/atmel toolchain/arm gcc/native/4.8.1443/arm-gnu-toolchain/bin/../lib/gcc/arm-none-eabi/4.8.4/../../../../arm-none-eabi/lib/armv7-m\libc.a(lib_a-findfp.o)
                0x000853a8                __sfp_lock_acquire
 .text.__sfp_lock_release
                0x000853ac        0x4 c:/program files (x86)/atmel/atmel toolchain/arm gcc/native/4.8.1443/arm-gnu-toolchain/bin/../lib/gcc/arm-none-eabi/4.8.4/../../../../arm-none-eabi/lib/armv7-m\libc.a(lib_a-findfp.o)
                0x000853ac                __sfp_lock_release
 .text.__libc_fini_array
                0x000853b0       0x30 c:/program files (x86)/atmel/atmel toolchain/arm gcc/native/4.8.1443/arm-gnu-toolchain/bin/../lib/gcc/arm-none-eabi/4.8.4/../../../../arm-none-eabi/lib/armv7-m\libc.a(lib_a-fini.o)
                0x000853b0                __libc_fini_array
 .text._fputwc_r
                0x000853e0       0xc0 c:/program files (x86)/atmel/atmel toolchain/arm gcc/native/4.8.1443/arm-gnu-toolchain/bin/../lib/gcc/arm-none-eabi/4.8.4/../../../../arm-none-eabi/lib/armv7-m\libc.a(lib_a-fputwc.o)
                0x000853e0                _fputwc_r
 .text._malloc_trim_r
                0x000854a0       0x9c c:/program files (x86)/atmel/atmel toolchain/arm gcc/native/4.8.1443/arm-gnu-toolchain/bin/../lib/gcc/arm-none-eabi/4.8.4/../../../../arm-none-eabi/lib/armv7-m\libc.a(lib_a-freer.o)
                0x000854a0                _malloc_trim_r
 .text._free_r  0x0008553c      0x198 c:/program files (x86)/atmel/atmel toolchain/arm gcc/native/4.8.1443/arm-gnu-toolchain/bin/../lib/gcc/arm-none-eabi/4.8.4/../../../../arm-none-eabi/lib/armv7-m\libc.a(lib_a-freer.o)
                0x0008553c                _free_r
 .text.__sfvwrite_r
                0x000856d4      0x318 c:/program files (x86)/atmel/atmel toolchain/arm gcc/native/4.8.1443/arm-gnu-toolchain/bin/../lib/gcc/arm-none-eabi/4.8.4/../../../../arm-none-eabi/lib/armv7-m\libc.a(lib_a-fvwrite.o)
                0x000856d4                __sfvwrite_r
 .text._fwalk   0x000859ec       0x48 c:/program files (x86)/atmel/atmel toolchain/arm gcc/native/4.8.1443/arm-gnu-toolchain/bin/../lib/gcc/arm-none-eabi/4.8.4/../../../../arm-none-eabi/lib/armv7-m\libc.a(lib_a-fwalk.o)
                0x000859ec                _fwalk
 .text.__locale_charset
                0x00085a34        0x8 c:/program files (x86)/atmel/atmel toolchain/arm gcc/native/4.8.1443/arm-gnu-toolchain/bin/../lib/gcc/arm-none-eabi/4.8.4/../../../../arm-none-eabi/lib/armv7-m\libc.a(lib_a-locale.o)
                0x00085a34                __locale_charset
 .text.__locale_mb_cur_max
                0x00085a3c        0xc c:/program files (x86)/atmel/atmel toolchain/arm gcc/native/4.8.1443/arm-gnu-toolchain/bin/../lib/gcc/arm-none-eabi/4.8.4/../../../../arm-none-eabi/lib/armv7-m\libc.a(lib_a-locale.o)
                0x00085a3c                __locale_mb_cur_max
 .text.__smakebuf_r
                0x00085a48       0xe0 c:/program files (x86)/atmel/atmel toolchain/arm gcc/native/4.8.1443/arm-gnu-toolchain/bin/../lib/gcc/arm-none-eabi/4.8.4/../../../../arm-none-eabi/lib/armv7-m\libc.a(lib_a-makebuf.o)
                0x00085a48                __smakebuf_r
 .text.malloc   0x00085b28       0x10 c:/program files (x86)/atmel/atmel toolchain/arm gcc/native/4.8.1443/arm-gnu-toolchain/bin/../lib/gcc/arm-none-eabi/4.8.4/../../../../arm-none-eabi/lib/armv7-m\libc.a(lib_a-malloc.o)
                0x00085b28                malloc
 .text._malloc_r
                0x00085b38      0x538 c:/program files (x86)/atmel/atmel toolchain/arm gcc/native/4.8.1443/arm-gnu-toolchain/bin/../lib/gcc/arm-none-eabi/4.8.4/../../../../arm-none-eabi/lib/armv7-m\libc.a(lib_a-mallocr.o)
                0x00085b38                _malloc_r
 .text.memchr   0x00086070       0x94 c:/program files (x86)/atmel/atmel toolchain/arm gcc/native/4.8.1443/arm-gnu-toolchain/bin/../lib/gcc/arm-none-eabi/4.8.4/../../../../arm-none-eabi/lib/armv7-m\libc.a(lib_a-memchr-stub.o)
                0x00086070                memchr
 .text          0x00086104       0xec c:/program files (x86)/atmel/atmel toolchain/arm gcc/native/4.8.1443/arm-gnu-toolchain/bin/../lib/gcc/arm-none-eabi/4.8.4/../../../../arm-none-eabi/lib/armv7-m\libc.a(lib_a-memcpy.o)
                0x00086104                memcpy
 .text.memmove  0x000861f0       0xcc c:/program files (x86)/atmel/atmel toolchain/arm gcc/native/4.8.1443/arm-gnu-toolchain/bin/../lib/gcc/arm-none-eabi/4.8.4/../../../../arm-none-eabi/lib/armv7-m\libc.a(lib_a-memmove.o)
                0x000861f0                memmove
 .text.__malloc_lock
                0x000862bc        0x4 c:/program files (x86)/atmel/atmel toolchain/arm gcc/native/4.8.1443/arm-gnu-toolchain/bin/../lib/gcc/arm-none-eabi/4.8.4/../../../../arm-none-eabi/lib/armv7-m\libc.a(lib_a-mlock.o)
                0x000862bc                __malloc_lock
 .text.__malloc_unlock
                0x000862c0        0x4 c:/program files (x86)/atmel/atmel toolchain/arm gcc/native/4.8.1443/arm-gnu-toolchain/bin/../lib/gcc/arm-none-eabi/4.8.4/../../../../arm-none-eabi/lib/armv7-m\libc.a(lib_a-mlock.o)
                0x000862c0                __malloc_unlock
 .text._realloc_r
                0x000862c4      0x3c0 c:/program files (x86)/atmel/atmel toolchain/arm gcc/native/4.8.1443/arm-gnu-toolchain/bin/../lib/gcc/arm-none-eabi/4.8.4/../../../../arm-none-eabi/lib/armv7-m\libc.a(lib_a-reallocr.o)
                0x000862c4                _realloc_r
 .text._sbrk_r  0x00086684       0x24 c:/program files (x86)/atmel/atmel toolchain/arm gcc/native/4.8.1443/arm-gnu-toolchain/bin/../lib/gcc/arm-none-eabi/4.8.4/../../../../arm-none-eabi/lib/armv7-m\libc.a(lib_a-sbrkr.o)
                0x00086684                _sbrk_r
 .text.__sread  0x000866a8       0x24 c:/program files (x86)/atmel/atmel toolchain/arm gcc/native/4.8.1443/arm-gnu-toolchain/bin/../lib/gcc/arm-none-eabi/4.8.4/../../../../arm-none-eabi/lib/armv7-m\libc.a(lib_a-stdio.o)
                0x000866a8                __sread
 .text.__swrite
                0x000866cc       0x38 c:/program files (x86)/atmel/atmel toolchain/arm gcc/native/4.8.1443/arm-gnu-toolchain/bin/../lib/gcc/arm-none-eabi/4.8.4/../../../../arm-none-eabi/lib/armv7-m\libc.a(lib_a-stdio.o)
                0x000866cc                __swrite
 .text.__sseek  0x00086704       0x20 c:/program files (x86)/atmel/atmel toolchain/arm gcc/native/4.8.1443/arm-gnu-toolchain/bin/../lib/gcc/arm-none-eabi/4.8.4/../../../../arm-none-eabi/lib/armv7-m\libc.a(lib_a-stdio.o)
                0x00086704                __sseek
 .text.__sclose
                0x00086724        0x8 c:/program files (x86)/atmel/atmel toolchain/arm gcc/native/4.8.1443/arm-gnu-toolchain/bin/../lib/gcc/arm-none-eabi/4.8.4/../../../../arm-none-eabi/lib/armv7-m\libc.a(lib_a-stdio.o)
                0x00086724                __sclose
 .text.strlen   0x0008672c       0x60 c:/program files (x86)/atmel/atmel toolchain/arm gcc/native/4.8.1443/arm-gnu-toolchain/bin/../lib/gcc/arm-none-eabi/4.8.4/../../../../arm-none-eabi/lib/armv7-m\libc.a(lib_a-strlen.o)
                0x0008672c                strlen
 .text._wcrtomb_r
                0x0008678c       0x50 c:/program files (x86)/atmel/atmel toolchain/arm gcc/native/4.8.1443/arm-gnu-toolchain/bin/../lib/gcc/arm-none-eabi/4.8.4/../../../../arm-none-eabi/lib/armv7-m\libc.a(lib_a-wcrtomb.o)
                0x0008678c                _wcrtomb_r
 .text.__ascii_wctomb
                0x000867dc       0x1c c:/program files (x86)/atmel/atmel toolchain/arm gcc/native/4.8.1443/arm-gnu-toolchain/bin/../lib/gcc/arm-none-eabi/4.8.4/../../../../arm-none-eabi/lib/armv7-m\libc.a(lib_a-wctomb_r.o)
                0x000867dc                __ascii_wctomb
 .text._write_r
                0x000867f8       0x28 c:/program files (x86)/atmel/atmel toolchain/arm gcc/native/4.8.1443/arm-gnu-toolchain/bin/../lib/gcc/arm-none-eabi/4.8.4/../../../../arm-none-eabi/lib/armv7-m\libc.a(lib_a-writer.o)
                0x000867f8                _write_r
 .text.__register_exitproc
                0x00086820       0xa8 c:/program files (x86)/atmel/atmel toolchain/arm gcc/native/4.8.1443/arm-gnu-toolchain/bin/../lib/gcc/arm-none-eabi/4.8.4/../../../../arm-none-eabi/lib/armv7-m\libc.a(lib_a-__atexit.o)
                0x00086820                __register_exitproc
 .text._close_r
                0x000868c8       0x24 c:/program files (x86)/atmel/atmel toolchain/arm gcc/native/4.8.1443/arm-gnu-toolchain/bin/../lib/gcc/arm-none-eabi/4.8.4/../../../../arm-none-eabi/lib/armv7-m\libc.a(lib_a-closer.o)
                0x000868c8                _close_r
 .text._fclose_r
                0x000868ec       0x80 c:/program files (x86)/atmel/atmel toolchain/arm gcc/native/4.8.1443/arm-gnu-toolchain/bin/../lib/gcc/arm-none-eabi/4.8.4/../../../../arm-none-eabi/lib/armv7-m\libc.a(lib_a-fclose.o)
                0x000868ec                _fclose_r
 .text.fclose   0x0008696c       0x10 c:/program files (x86)/atmel/atmel toolchain/arm gcc/native/4.8.1443/arm-gnu-toolchain/bin/../lib/gcc/arm-none-eabi/4.8.4/../../../../arm-none-eabi/lib/armv7-m\libc.a(lib_a-fclose.o)
                0x0008696c                fclose
 .text._fstat_r
                0x0008697c       0x28 c:/program files (x86)/atmel/atmel toolchain/arm gcc/native/4.8.1443/arm-gnu-toolchain/bin/../lib/gcc/arm-none-eabi/4.8.4/../../../../arm-none-eabi/lib/armv7-m\libc.a(lib_a-fstatr.o)
                0x0008697c                _fstat_r
 .text._isatty_r
                0x000869a4       0x24 c:/program files (x86)/atmel/atmel toolchain/arm gcc/native/4.8.1443/arm-gnu-toolchain/bin/../lib/gcc/arm-none-eabi/4.8.4/../../../../arm-none-eabi/lib/armv7-m\libc.a(lib_a-isattyr.o)
                0x000869a4                _isatty_r
 .text._lseek_r
                0x000869c8       0x28 c:/program files (x86)/atmel/atmel toolchain/arm gcc/native/4.8.1443/arm-gnu-toolchain/bin/../lib/gcc/arm-none-eabi/4.8.4/../../../../arm-none-eabi/lib/armv7-m\libc.a(lib_a-lseekr.o)
                0x000869c8                _lseek_r
 .text._read_r  0x000869f0       0x28 c:/program files (x86)/atmel/atmel toolchain/arm gcc/native/4.8.1443/arm-gnu-toolchain/bin/../lib/gcc/arm-none-eabi/4.8.4/../../../../arm-none-eabi/lib/armv7-m\libc.a(lib_a-readr.o)
                0x000869f0                _read_r
 *(.glue_7t)
 .glue_7t       0x00000000        0x0 linker stubs
 *(.glue_7)
 .glue_7        0x00000000        0x0 linker stubs
 *(.rodata .rodata* .gnu.linkonce.r.*)
 .rodata.str1.4
                0x00086a18       0x1f src/consoleFunctions.o
                                 0x20 (size before relaxing)
 *fill*         0x00086a37        0x1 
 .rodata.str1.4
                0x00086a38       0x34 src/navigation.o
 .rodata.str1.4
                0x00086a6c        0x5 c:/program files (x86)/atmel/atmel toolchain/arm gcc/native/4.8.1443/arm-gnu-toolchain/bin/../lib/gcc/arm-none-eabi/4.8.4/../../../../arm-none-eabi/lib/armv7-m\libm.a(lib_a-w_sqrt.o)
                                  0x8 (size before relaxing)
 *fill*         0x00086a71        0x3 
 .rodata.npio2_hw
                0x00086a74       0x80 c:/program files (x86)/atmel/atmel toolchain/arm gcc/native/4.8.1443/arm-gnu-toolchain/bin/../lib/gcc/arm-none-eabi/4.8.4/../../../../arm-none-eabi/lib/armv7-m\libm.a(lib_a-e_rem_pio2.o)
 .rodata.two_over_pi
                0x00086af4      0x108 c:/program files (x86)/atmel/atmel toolchain/arm gcc/native/4.8.1443/arm-gnu-toolchain/bin/../lib/gcc/arm-none-eabi/4.8.4/../../../../arm-none-eabi/lib/armv7-m\libm.a(lib_a-e_rem_pio2.o)
 .rodata.init_jk
                0x00086bfc       0x10 c:/program files (x86)/atmel/atmel toolchain/arm gcc/native/4.8.1443/arm-gnu-toolchain/bin/../lib/gcc/arm-none-eabi/4.8.4/../../../../arm-none-eabi/lib/armv7-m\libm.a(lib_a-k_rem_pio2.o)
 *fill*         0x00086c0c        0x4 
 .rodata.PIo2   0x00086c10       0x40 c:/program files (x86)/atmel/atmel toolchain/arm gcc/native/4.8.1443/arm-gnu-toolchain/bin/../lib/gcc/arm-none-eabi/4.8.4/../../../../arm-none-eabi/lib/armv7-m\libm.a(lib_a-k_rem_pio2.o)
 .rodata.atanlo
                0x00086c50       0x20 c:/program files (x86)/atmel/atmel toolchain/arm gcc/native/4.8.1443/arm-gnu-toolchain/bin/../lib/gcc/arm-none-eabi/4.8.4/../../../../arm-none-eabi/lib/armv7-m\libm.a(lib_a-s_atan.o)
 .rodata.atanhi
                0x00086c70       0x20 c:/program files (x86)/atmel/atmel toolchain/arm gcc/native/4.8.1443/arm-gnu-toolchain/bin/../lib/gcc/arm-none-eabi/4.8.4/../../../../arm-none-eabi/lib/armv7-m\libm.a(lib_a-s_atan.o)
 .rodata.str1.4
                0x00086c90        0x2 c:/program files (x86)/atmel/atmel toolchain/arm gcc/native/4.8.1443/arm-gnu-toolchain/bin/../lib/gcc/arm-none-eabi/4.8.4/../../../../arm-none-eabi/lib/armv7-m\libc.a(lib_a-impure.o)
                                  0x4 (size before relaxing)
 *fill*         0x00086c92        0x2 
 .rodata._global_impure_ptr
                0x00086c94        0x4 c:/program files (x86)/atmel/atmel toolchain/arm gcc/native/4.8.1443/arm-gnu-toolchain/bin/../lib/gcc/arm-none-eabi/4.8.4/../../../../arm-none-eabi/lib/armv7-m\libc.a(lib_a-impure.o)
                0x00086c94                _global_impure_ptr
 .rodata.str1.4
                0x00086c98       0x30 c:/program files (x86)/atmel/atmel toolchain/arm gcc/native/4.8.1443/arm-gnu-toolchain/bin/../lib/gcc/arm-none-eabi/4.8.4/../../../../arm-none-eabi/lib/armv7-m\libc.a(lib_a-vfiprintf.o)
 .rodata.zeroes.6721
                0x00086cc8       0x10 c:/program files (x86)/atmel/atmel toolchain/arm gcc/native/4.8.1443/arm-gnu-toolchain/bin/../lib/gcc/arm-none-eabi/4.8.4/../../../../arm-none-eabi/lib/armv7-m\libc.a(lib_a-vfiprintf.o)
 .rodata.blanks.6720
                0x00086cd8       0x10 c:/program files (x86)/atmel/atmel toolchain/arm gcc/native/4.8.1443/arm-gnu-toolchain/bin/../lib/gcc/arm-none-eabi/4.8.4/../../../../arm-none-eabi/lib/armv7-m\libc.a(lib_a-vfiprintf.o)
 *(.ARM.extab* .gnu.linkonce.armextab.*)
                0x00086ce8                . = ALIGN (0x4)
 *(.init)
 .init          0x00086ce8        0x4 c:/program files (x86)/atmel/atmel toolchain/arm gcc/native/4.8.1443/arm-gnu-toolchain/bin/../lib/gcc/arm-none-eabi/4.8.4/armv7-m/crti.o
                0x00086ce8                _init
 .init          0x00086cec        0x8 c:/program files (x86)/atmel/atmel toolchain/arm gcc/native/4.8.1443/arm-gnu-toolchain/bin/../lib/gcc/arm-none-eabi/4.8.4/armv7-m/crtn.o
                0x00086cf4                . = ALIGN (0x4)
                0x00086cf4                __preinit_array_start = .
 *(.preinit_array)
                0x00086cf4                __preinit_array_end = .
                0x00086cf4                . = ALIGN (0x4)
                0x00086cf4                __init_array_start = .
 *(SORT(.init_array.*))
 .init_array.00000
                0x00086cf4        0x4 c:/program files (x86)/atmel/atmel toolchain/arm gcc/native/4.8.1443/arm-gnu-toolchain/bin/../lib/gcc/arm-none-eabi/4.8.4/../../../../arm-none-eabi/lib/armv7-m\libc.a(lib_a-__call_atexit.o)
 *(.init_array)
 .init_array    0x00086cf8        0x4 c:/program files (x86)/atmel/atmel toolchain/arm gcc/native/4.8.1443/arm-gnu-toolchain/bin/../lib/gcc/arm-none-eabi/4.8.4/armv7-m/crtbegin.o
                0x00086cfc                __init_array_end = .
                0x00086cfc                . = ALIGN (0x4)
 *crtbegin.o(.ctors)
 *(EXCLUDE_FILE(*crtend.o) .ctors)
 *(SORT(.ctors.*))
 *crtend.o(.ctors)
                0x00086cfc                . = ALIGN (0x4)
 *(.fini)
 .fini          0x00086cfc        0x4 c:/program files (x86)/atmel/atmel toolchain/arm gcc/native/4.8.1443/arm-gnu-toolchain/bin/../lib/gcc/arm-none-eabi/4.8.4/armv7-m/crti.o
                0x00086cfc                _fini
 .fini          0x00086d00        0x8 c:/program files (x86)/atmel/atmel toolchain/arm gcc/native/4.8.1443/arm-gnu-toolchain/bin/../lib/gcc/arm-none-eabi/4.8.4/armv7-m/crtn.o
                0x00086d08                . = ALIGN (0x4)
                0x00086d08                __fini_array_start = .
 *(.fini_array)
 .fini_array    0x00086d08        0x4 c:/program files (x86)/atmel/atmel toolchain/arm gcc/native/4.8.1443/arm-gnu-toolchain/bin/../lib/gcc/arm-none-eabi/4.8.4/armv7-m/crtbegin.o
 *(SORT(.fini_array.*))
                0x00086d0c                __fini_array_end = .
 *crtbegin.o(.dtors)
 *(EXCLUDE_FILE(*crtend.o) .dtors)
 *(SORT(.dtors.*))
 *crtend.o(.dtors)
                0x00086d0c                . = ALIGN (0x4)
                0x00086d0c                _efixed = .
                0x00086d0c                PROVIDE (__exidx_start, .)

.vfp11_veneer   0x00086d0c        0x0
 .vfp11_veneer  0x00000000        0x0 linker stubs

.v4_bx          0x00086d0c        0x0
 .v4_bx         0x00000000        0x0 linker stubs

.iplt           0x00086d0c        0x0
 .iplt          0x00000000        0x0 c:/program files (x86)/atmel/atmel toolchain/arm gcc/native/4.8.1443/arm-gnu-toolchain/bin/../lib/gcc/arm-none-eabi/4.8.4/armv7-m/crtbegin.o

.ARM.exidx      0x00086d0c        0x8
 *(.ARM.exidx* .gnu.linkonce.armexidx.*)
 .ARM.exidx     0x00086d0c        0x8 c:/program files (x86)/atmel/atmel toolchain/arm gcc/native/4.8.1443/arm-gnu-toolchain/bin/../lib/gcc/arm-none-eabi/4.8.4/armv7-m\libgcc.a(_divdi3.o)
 .ARM.exidx     0x00086d14        0x0 c:/program files (x86)/atmel/atmel toolchain/arm gcc/native/4.8.1443/arm-gnu-toolchain/bin/../lib/gcc/arm-none-eabi/4.8.4/armv7-m\libgcc.a(_udivdi3.o)
                                  0x8 (size before relaxing)
                0x00086d14                PROVIDE (__exidx_end, .)

.eh_frame       0x00086d14        0x0
 .eh_frame      0x00086d14        0x0 c:/program files (x86)/atmel/atmel toolchain/arm gcc/native/4.8.1443/arm-gnu-toolchain/bin/../lib/gcc/arm-none-eabi/4.8.4/armv7-m/crtbegin.o

.rel.dyn        0x00086d14        0x0
 .rel.iplt      0x00000000        0x0 c:/program files (x86)/atmel/atmel toolchain/arm gcc/native/4.8.1443/arm-gnu-toolchain/bin/../lib/gcc/arm-none-eabi/4.8.4/armv7-m/crtbegin.o

.jcr            0x00086d14        0x0
 .jcr           0x00086d14        0x0 c:/program files (x86)/atmel/atmel toolchain/arm gcc/native/4.8.1443/arm-gnu-toolchain/bin/../lib/gcc/arm-none-eabi/4.8.4/armv7-m/crtbegin.o

.igot.plt       0x00086d14        0x0
 .igot.plt      0x00000000        0x0 c:/program files (x86)/atmel/atmel toolchain/arm gcc/native/4.8.1443/arm-gnu-toolchain/bin/../lib/gcc/arm-none-eabi/4.8.4/armv7-m/crtbegin.o
                0x00086d14                . = ALIGN (0x4)
                0x00086d14                _etext = .

.relocate       0x20070000      0x9bc load address 0x00086d14
                0x20070000                . = ALIGN (0x4)
                0x20070000                _srelocate = .
 *(.ramfunc .ramfunc.*)
 .ramfunc       0x20070000        0xc src/ASF/common/services/delay/sam/cycle_counter.o
                0x20070000                portable_delay_cycles
 .ramfunc       0x2007000c      0x12c src/ASF/sam/utils/cmsis/sam3x/source/templates/system_sam3x.o
                0x2007000c                SystemInit
                0x200700b0                system_init_flash
 *(.data .data.*)
 .data.currentAngle
                0x20070138        0x4 src/navigation.o
 .data.radius   0x2007013c        0x4 src/navigation.o
                0x2007013c                radius
 .data.SystemCoreClock
                0x20070140        0x4 src/ASF/sam/utils/cmsis/sam3x/source/templates/system_sam3x.o
                0x20070140                SystemCoreClock
 .data.bSL      0x20070144        0x2 src/motorFunc.o
                0x20070144                bSL
 *fill*         0x20070146        0x2 
 .data.kP       0x20070148        0x8 src/motorFunc.o
                0x20070148                kP
 .data.bS       0x20070150        0x2 src/motorFunc.o
                0x20070150                bS
 .data.__fdlib_version
                0x20070152        0x1 c:/program files (x86)/atmel/atmel toolchain/arm gcc/native/4.8.1443/arm-gnu-toolchain/bin/../lib/gcc/arm-none-eabi/4.8.4/../../../../arm-none-eabi/lib/armv7-m\libm.a(lib_a-s_lib_ver.o)
                0x20070152                __fdlib_version
 *fill*         0x20070153        0x5 
 .data.impure_data
                0x20070158      0x428 c:/program files (x86)/atmel/atmel toolchain/arm gcc/native/4.8.1443/arm-gnu-toolchain/bin/../lib/gcc/arm-none-eabi/4.8.4/../../../../arm-none-eabi/lib/armv7-m\libc.a(lib_a-impure.o)
 .data._impure_ptr
                0x20070580        0x4 c:/program files (x86)/atmel/atmel toolchain/arm gcc/native/4.8.1443/arm-gnu-toolchain/bin/../lib/gcc/arm-none-eabi/4.8.4/../../../../arm-none-eabi/lib/armv7-m\libc.a(lib_a-impure.o)
                0x20070580                _impure_ptr
 .data.lc_ctype_charset
                0x20070584       0x20 c:/program files (x86)/atmel/atmel toolchain/arm gcc/native/4.8.1443/arm-gnu-toolchain/bin/../lib/gcc/arm-none-eabi/4.8.4/../../../../arm-none-eabi/lib/armv7-m\libc.a(lib_a-locale.o)
 .data.__mb_cur_max
                0x200705a4        0x4 c:/program files (x86)/atmel/atmel toolchain/arm gcc/native/4.8.1443/arm-gnu-toolchain/bin/../lib/gcc/arm-none-eabi/4.8.4/../../../../arm-none-eabi/lib/armv7-m\libc.a(lib_a-locale.o)
                0x200705a4                __mb_cur_max
 .data.__malloc_av_
                0x200705a8      0x408 c:/program files (x86)/atmel/atmel toolchain/arm gcc/native/4.8.1443/arm-gnu-toolchain/bin/../lib/gcc/arm-none-eabi/4.8.4/../../../../arm-none-eabi/lib/armv7-m\libc.a(lib_a-mallocr.o)
                0x200705a8                __malloc_av_
 .data.__malloc_trim_threshold
                0x200709b0        0x4 c:/program files (x86)/atmel/atmel toolchain/arm gcc/native/4.8.1443/arm-gnu-toolchain/bin/../lib/gcc/arm-none-eabi/4.8.4/../../../../arm-none-eabi/lib/armv7-m\libc.a(lib_a-mallocr.o)
                0x200709b0                __malloc_trim_threshold
 .data.__malloc_sbrk_base
                0x200709b4        0x4 c:/program files (x86)/atmel/atmel toolchain/arm gcc/native/4.8.1443/arm-gnu-toolchain/bin/../lib/gcc/arm-none-eabi/4.8.4/../../../../arm-none-eabi/lib/armv7-m\libc.a(lib_a-mallocr.o)
                0x200709b4                __malloc_sbrk_base
 .data.__wctomb
                0x200709b8        0x4 c:/program files (x86)/atmel/atmel toolchain/arm gcc/native/4.8.1443/arm-gnu-toolchain/bin/../lib/gcc/arm-none-eabi/4.8.4/../../../../arm-none-eabi/lib/armv7-m\libc.a(lib_a-wctomb_r.o)
                0x200709b8                __wctomb
                0x200709bc                . = ALIGN (0x4)
                0x200709bc                _erelocate = .

.bss            0x200709c0      0x190 load address 0x000876d8
                0x200709c0                . = ALIGN (0x4)
                0x200709c0                _sbss = .
                0x200709c0                _szero = .
 *(.bss .bss.*)
 .bss           0x200709c0       0x1c c:/program files (x86)/atmel/atmel toolchain/arm gcc/native/4.8.1443/arm-gnu-toolchain/bin/../lib/gcc/arm-none-eabi/4.8.4/armv7-m/crtbegin.o
 .bss.objIndex  0x200709dc        0x1 src/navigation.o
                0x200709dc                objIndex
 .bss.suspendNav
                0x200709dd        0x1 src/navigation.o
                0x200709dd                suspendNav
 .bss.y1_pos    0x200709de        0x2 src/navigation.o
                0x200709de                y1_pos
 .bss.getAllObj
                0x200709e0        0x1 src/navigation.o
                0x200709e0                getAllObj
 *fill*         0x200709e1        0x1 
 .bss.mid_x     0x200709e2        0x2 src/navigation.o
 .bss.mid_y     0x200709e4        0x2 src/navigation.o
 .bss.x1_pos    0x200709e6        0x2 src/navigation.o
                0x200709e6                x1_pos
 .bss.totalLength
                0x200709e8        0x8 src/navigation.o
                0x200709e8                totalLength
 .bss.status    0x200709f0        0x1 src/navigation.o
                0x200709f0                status
 *fill*         0x200709f1        0x3 
 .bss.counterA  0x200709f4        0x4 src/pulseCounterHandler.o
                0x200709f4                counterA
 .bss.counterB  0x200709f8        0x4 src/pulseCounterHandler.o
                0x200709f8                counterB
 .bss.gs_ul_nb_sources
                0x200709fc        0x4 src/ASF/sam/drivers/pio/pio_handler.o
 .bss.gs_interrupt_sources
                0x20070a00       0x70 src/ASF/sam/drivers/pio/pio_handler.o
 .bss.heap.5098
                0x20070a70        0x4 src/ASF/sam/utils/syscalls/gcc/syscalls.o
 .bss.__malloc_max_total_mem
                0x20070a74        0x4 c:/program files (x86)/atmel/atmel toolchain/arm gcc/native/4.8.1443/arm-gnu-toolchain/bin/../lib/gcc/arm-none-eabi/4.8.4/../../../../arm-none-eabi/lib/armv7-m\libc.a(lib_a-mallocr.o)
                0x20070a74                __malloc_max_total_mem
 .bss.__malloc_max_sbrked_mem
                0x20070a78        0x4 c:/program files (x86)/atmel/atmel toolchain/arm gcc/native/4.8.1443/arm-gnu-toolchain/bin/../lib/gcc/arm-none-eabi/4.8.4/../../../../arm-none-eabi/lib/armv7-m\libc.a(lib_a-mallocr.o)
                0x20070a78                __malloc_max_sbrked_mem
 .bss.__malloc_top_pad
                0x20070a7c        0x4 c:/program files (x86)/atmel/atmel toolchain/arm gcc/native/4.8.1443/arm-gnu-toolchain/bin/../lib/gcc/arm-none-eabi/4.8.4/../../../../arm-none-eabi/lib/armv7-m\libc.a(lib_a-mallocr.o)
                0x20070a7c                __malloc_top_pad
 .bss.__malloc_current_mallinfo
                0x20070a80       0x28 c:/program files (x86)/atmel/atmel toolchain/arm gcc/native/4.8.1443/arm-gnu-toolchain/bin/../lib/gcc/arm-none-eabi/4.8.4/../../../../arm-none-eabi/lib/armv7-m\libc.a(lib_a-mallocr.o)
                0x20070a80                __malloc_current_mallinfo
 *(COMMON)
 COMMON         0x20070aa8        0x4 src/ASF/common/utils/stdio/read.o
                0x20070aa8                ptr_get
 COMMON         0x20070aac        0x8 src/ASF/common/utils/stdio/write.o
                0x20070aac                ptr_put
                0x20070ab0                stdio_base
 *fill*         0x20070ab4        0x4 
 COMMON         0x20070ab8       0x94 src/navigation.o
                0x20070ab8                deltaY
                0x20070abc                degreesToPos
                0x20070ac0                last_y
                0x20070ac8                tempVariabel
                0x20070ad0                temp
                0x20070ad8                distanceLeft
                0x20070ae0                objects
                0x20070b10                travelPath
                0x20070b18                angle
                0x20070b1c                ek
                0x20070b20                data
                0x20070b28                last_x
                0x20070b30                angleRad
                0x20070b38                objectAngle
                0x20070b3c                deltaX
                0x20070b40                angleTemp
                0x20070b44                platformAngle
                0x20070b48                angleVal
 COMMON         0x20070b4c        0x4 c:/program files (x86)/atmel/atmel toolchain/arm gcc/native/4.8.1443/arm-gnu-toolchain/bin/../lib/gcc/arm-none-eabi/4.8.4/../../../../arm-none-eabi/lib/armv7-m\libc.a(lib_a-reent.o)
                0x20070b4c                errno
                0x20070b50                . = ALIGN (0x4)
                0x20070b50                _ebss = .
                0x20070b50                _ezero = .

.stack          0x20070b50     0x2000 load address 0x00087868
                0x20070b50                . = ALIGN (0x8)
                0x20070b50                _sstack = .
                0x20072b50                . = (. + __stack_size__)
 *fill*         0x20070b50     0x2000 
                0x20072b50                . = ALIGN (0x8)
                0x20072b50                _estack = .
                0x20072b50                . = ALIGN (0x4)
                0x20072b50                _end = .
OUTPUT(GccBoardProject1.elf elf32-littlearm)

.ARM.attributes
                0x00000000       0x29
 .ARM.attributes
                0x00000000       0x1d c:/program files (x86)/atmel/atmel toolchain/arm gcc/native/4.8.1443/arm-gnu-toolchain/bin/../lib/gcc/arm-none-eabi/4.8.4/armv7-m/crti.o
 .ARM.attributes
                0x0000001d       0x2d c:/program files (x86)/atmel/atmel toolchain/arm gcc/native/4.8.1443/arm-gnu-toolchain/bin/../lib/gcc/arm-none-eabi/4.8.4/armv7-m/crtbegin.o
 .ARM.attributes
                0x0000004a       0x33 src/consoleFunctions.o
 .ARM.attributes
                0x0000007d       0x33 src/ASF/common/utils/stdio/read.o
 .ARM.attributes
                0x000000b0       0x33 src/ASF/common/utils/stdio/write.o
 .ARM.attributes
                0x000000e3       0x33 src/ASF/sam/drivers/uart/uart.o
 .ARM.attributes
                0x00000116       0x33 src/ASF/sam/drivers/usart/usart.o
 .ARM.attributes
                0x00000149       0x33 src/navigation.o
 .ARM.attributes
                0x0000017c       0x33 src/pulseCounterHandler.o
 .ARM.attributes
                0x000001af       0x33 src/ASF/common/services/clock/sam3x/sysclk.o
 .ARM.attributes
                0x000001e2       0x33 src/ASF/common/services/delay/sam/cycle_counter.o
 .ARM.attributes
                0x00000215       0x33 src/ASF/sam/boards/arduino_due_x/init.o
 .ARM.attributes
                0x00000248       0x33 src/ASF/sam/drivers/pio/pio.o
 .ARM.attributes
                0x0000027b       0x33 src/ASF/sam/drivers/pio/pio_handler.o
 .ARM.attributes
                0x000002ae       0x33 src/ASF/sam/drivers/pmc/pmc.o
 .ARM.attributes
                0x000002e1       0x33 src/ASF/sam/utils/cmsis/sam3x/source/templates/exceptions.o
 .ARM.attributes
                0x00000314       0x33 src/ASF/sam/utils/cmsis/sam3x/source/templates/gcc/startup_sam3x.o
 .ARM.attributes
                0x00000347       0x33 src/ASF/sam/utils/cmsis/sam3x/source/templates/system_sam3x.o
 .ARM.attributes
                0x0000037a       0x33 src/ASF/sam/utils/syscalls/gcc/syscalls.o
 .ARM.attributes
                0x000003ad       0x33 src/motorFunc.o
 .ARM.attributes
                0x000003e0       0x33 src/main.o
 .ARM.attributes
                0x00000413       0x2d c:/program files (x86)/atmel/atmel toolchain/arm gcc/native/4.8.1443/arm-gnu-toolchain/bin/../lib/gcc/arm-none-eabi/4.8.4/../../../../arm-none-eabi/lib/armv7-m\libm.a(lib_a-s_cos.o)
 .ARM.attributes
                0x00000440       0x2d c:/program files (x86)/atmel/atmel toolchain/arm gcc/native/4.8.1443/arm-gnu-toolchain/bin/../lib/gcc/arm-none-eabi/4.8.4/../../../../arm-none-eabi/lib/armv7-m\libm.a(lib_a-s_sin.o)
 .ARM.attributes
                0x0000046d       0x2d c:/program files (x86)/atmel/atmel toolchain/arm gcc/native/4.8.1443/arm-gnu-toolchain/bin/../lib/gcc/arm-none-eabi/4.8.4/../../../../arm-none-eabi/lib/armv7-m\libm.a(lib_a-w_atan2.o)
 .ARM.attributes
                0x0000049a       0x2d c:/program files (x86)/atmel/atmel toolchain/arm gcc/native/4.8.1443/arm-gnu-toolchain/bin/../lib/gcc/arm-none-eabi/4.8.4/../../../../arm-none-eabi/lib/armv7-m\libm.a(lib_a-w_sqrt.o)
 .ARM.attributes
                0x000004c7       0x2d c:/program files (x86)/atmel/atmel toolchain/arm gcc/native/4.8.1443/arm-gnu-toolchain/bin/../lib/gcc/arm-none-eabi/4.8.4/../../../../arm-none-eabi/lib/armv7-m\libm.a(lib_a-e_atan2.o)
 .ARM.attributes
                0x000004f4       0x2d c:/program files (x86)/atmel/atmel toolchain/arm gcc/native/4.8.1443/arm-gnu-toolchain/bin/../lib/gcc/arm-none-eabi/4.8.4/../../../../arm-none-eabi/lib/armv7-m\libm.a(lib_a-e_rem_pio2.o)
 .ARM.attributes
                0x00000521       0x2d c:/program files (x86)/atmel/atmel toolchain/arm gcc/native/4.8.1443/arm-gnu-toolchain/bin/../lib/gcc/arm-none-eabi/4.8.4/../../../../arm-none-eabi/lib/armv7-m\libm.a(lib_a-e_sqrt.o)
 .ARM.attributes
                0x0000054e       0x2d c:/program files (x86)/atmel/atmel toolchain/arm gcc/native/4.8.1443/arm-gnu-toolchain/bin/../lib/gcc/arm-none-eabi/4.8.4/../../../../arm-none-eabi/lib/armv7-m\libm.a(lib_a-k_cos.o)
 .ARM.attributes
                0x0000057b       0x2d c:/program files (x86)/atmel/atmel toolchain/arm gcc/native/4.8.1443/arm-gnu-toolchain/bin/../lib/gcc/arm-none-eabi/4.8.4/../../../../arm-none-eabi/lib/armv7-m\libm.a(lib_a-k_rem_pio2.o)
 .ARM.attributes
                0x000005a8       0x2d c:/program files (x86)/atmel/atmel toolchain/arm gcc/native/4.8.1443/arm-gnu-toolchain/bin/../lib/gcc/arm-none-eabi/4.8.4/../../../../arm-none-eabi/lib/armv7-m\libm.a(lib_a-k_sin.o)
 .ARM.attributes
                0x000005d5       0x2d c:/program files (x86)/atmel/atmel toolchain/arm gcc/native/4.8.1443/arm-gnu-toolchain/bin/../lib/gcc/arm-none-eabi/4.8.4/../../../../arm-none-eabi/lib/armv7-m\libm.a(lib_a-s_atan.o)
 .ARM.attributes
                0x00000602       0x2d c:/program files (x86)/atmel/atmel toolchain/arm gcc/native/4.8.1443/arm-gnu-toolchain/bin/../lib/gcc/arm-none-eabi/4.8.4/../../../../arm-none-eabi/lib/armv7-m\libm.a(lib_a-s_fabs.o)
 .ARM.attributes
                0x0000062f       0x2d c:/program files (x86)/atmel/atmel toolchain/arm gcc/native/4.8.1443/arm-gnu-toolchain/bin/../lib/gcc/arm-none-eabi/4.8.4/../../../../arm-none-eabi/lib/armv7-m\libm.a(lib_a-s_floor.o)
 .ARM.attributes
                0x0000065c       0x2d c:/program files (x86)/atmel/atmel toolchain/arm gcc/native/4.8.1443/arm-gnu-toolchain/bin/../lib/gcc/arm-none-eabi/4.8.4/../../../../arm-none-eabi/lib/armv7-m\libm.a(lib_a-s_fpclassify.o)
 .ARM.attributes
                0x00000689       0x2d c:/program files (x86)/atmel/atmel toolchain/arm gcc/native/4.8.1443/arm-gnu-toolchain/bin/../lib/gcc/arm-none-eabi/4.8.4/../../../../arm-none-eabi/lib/armv7-m\libm.a(lib_a-s_lib_ver.o)
 .ARM.attributes
                0x000006b6       0x2d c:/program files (x86)/atmel/atmel toolchain/arm gcc/native/4.8.1443/arm-gnu-toolchain/bin/../lib/gcc/arm-none-eabi/4.8.4/../../../../arm-none-eabi/lib/armv7-m\libm.a(lib_a-s_matherr.o)
 .ARM.attributes
                0x000006e3       0x2d c:/program files (x86)/atmel/atmel toolchain/arm gcc/native/4.8.1443/arm-gnu-toolchain/bin/../lib/gcc/arm-none-eabi/4.8.4/../../../../arm-none-eabi/lib/armv7-m\libm.a(lib_a-s_scalbn.o)
 .ARM.attributes
                0x00000710       0x2d c:/program files (x86)/atmel/atmel toolchain/arm gcc/native/4.8.1443/arm-gnu-toolchain/bin/../lib/gcc/arm-none-eabi/4.8.4/../../../../arm-none-eabi/lib/armv7-m\libm.a(lib_a-s_copysign.o)
 .ARM.attributes
                0x0000073d       0x1d c:/program files (x86)/atmel/atmel toolchain/arm gcc/native/4.8.1443/arm-gnu-toolchain/bin/../lib/gcc/arm-none-eabi/4.8.4/armv7-m\libgcc.a(_arm_addsubdf3.o)
 .ARM.attributes
                0x0000075a       0x1d c:/program files (x86)/atmel/atmel toolchain/arm gcc/native/4.8.1443/arm-gnu-toolchain/bin/../lib/gcc/arm-none-eabi/4.8.4/armv7-m\libgcc.a(_arm_muldivdf3.o)
 .ARM.attributes
                0x00000777       0x1d c:/program files (x86)/atmel/atmel toolchain/arm gcc/native/4.8.1443/arm-gnu-toolchain/bin/../lib/gcc/arm-none-eabi/4.8.4/armv7-m\libgcc.a(_arm_cmpdf2.o)
 .ARM.attributes
                0x00000794       0x1d c:/program files (x86)/atmel/atmel toolchain/arm gcc/native/4.8.1443/arm-gnu-toolchain/bin/../lib/gcc/arm-none-eabi/4.8.4/armv7-m\libgcc.a(_arm_fixdfsi.o)
 .ARM.attributes
                0x000007b1       0x1d c:/program files (x86)/atmel/atmel toolchain/arm gcc/native/4.8.1443/arm-gnu-toolchain/bin/../lib/gcc/arm-none-eabi/4.8.4/armv7-m\libgcc.a(_arm_fixunsdfsi.o)
 .ARM.attributes
                0x000007ce       0x1d c:/program files (x86)/atmel/atmel toolchain/arm gcc/native/4.8.1443/arm-gnu-toolchain/bin/../lib/gcc/arm-none-eabi/4.8.4/armv7-m\libgcc.a(_aeabi_uldivmod.o)
 .ARM.attributes
                0x000007eb       0x2d c:/program files (x86)/atmel/atmel toolchain/arm gcc/native/4.8.1443/arm-gnu-toolchain/bin/../lib/gcc/arm-none-eabi/4.8.4/armv7-m\libgcc.a(bpabi.o)
 .ARM.attributes
                0x00000818       0x1d c:/program files (x86)/atmel/atmel toolchain/arm gcc/native/4.8.1443/arm-gnu-toolchain/bin/../lib/gcc/arm-none-eabi/4.8.4/armv7-m\libgcc.a(_dvmd_tls.o)
 .ARM.attributes
                0x00000835       0x2d c:/program files (x86)/atmel/atmel toolchain/arm gcc/native/4.8.1443/arm-gnu-toolchain/bin/../lib/gcc/arm-none-eabi/4.8.4/armv7-m\libgcc.a(_divdi3.o)
 .ARM.attributes
                0x00000862       0x2d c:/program files (x86)/atmel/atmel toolchain/arm gcc/native/4.8.1443/arm-gnu-toolchain/bin/../lib/gcc/arm-none-eabi/4.8.4/armv7-m\libgcc.a(_udivdi3.o)
 .ARM.attributes
                0x0000088f       0x2d c:/program files (x86)/atmel/atmel toolchain/arm gcc/native/4.8.1443/arm-gnu-toolchain/bin/../lib/gcc/arm-none-eabi/4.8.4/../../../../arm-none-eabi/lib/armv7-m\libc.a(lib_a-errno.o)
 .ARM.attributes
                0x000008bc       0x2d c:/program files (x86)/atmel/atmel toolchain/arm gcc/native/4.8.1443/arm-gnu-toolchain/bin/../lib/gcc/arm-none-eabi/4.8.4/../../../../arm-none-eabi/lib/armv7-m\libc.a(lib_a-impure.o)
 .ARM.attributes
                0x000008e9       0x2d c:/program files (x86)/atmel/atmel toolchain/arm gcc/native/4.8.1443/arm-gnu-toolchain/bin/../lib/gcc/arm-none-eabi/4.8.4/../../../../arm-none-eabi/lib/armv7-m\libc.a(lib_a-init.o)
 .ARM.attributes
                0x00000916       0x2d c:/program files (x86)/atmel/atmel toolchain/arm gcc/native/4.8.1443/arm-gnu-toolchain/bin/../lib/gcc/arm-none-eabi/4.8.4/../../../../arm-none-eabi/lib/armv7-m\libc.a(lib_a-iprintf.o)
 .ARM.attributes
                0x00000943       0x2d c:/program files (x86)/atmel/atmel toolchain/arm gcc/native/4.8.1443/arm-gnu-toolchain/bin/../lib/gcc/arm-none-eabi/4.8.4/../../../../arm-none-eabi/lib/armv7-m\libc.a(lib_a-memset.o)
 .ARM.attributes
                0x00000970       0x2d c:/program files (x86)/atmel/atmel toolchain/arm gcc/native/4.8.1443/arm-gnu-toolchain/bin/../lib/gcc/arm-none-eabi/4.8.4/../../../../arm-none-eabi/lib/armv7-m\libc.a(lib_a-setbuf.o)
 .ARM.attributes
                0x0000099d       0x2d c:/program files (x86)/atmel/atmel toolchain/arm gcc/native/4.8.1443/arm-gnu-toolchain/bin/../lib/gcc/arm-none-eabi/4.8.4/../../../../arm-none-eabi/lib/armv7-m\libc.a(lib_a-setvbuf.o)
 .ARM.attributes
                0x000009ca       0x2d c:/program files (x86)/atmel/atmel toolchain/arm gcc/native/4.8.1443/arm-gnu-toolchain/bin/../lib/gcc/arm-none-eabi/4.8.4/../../../../arm-none-eabi/lib/armv7-m\libc.a(lib_a-vfiprintf.o)
 .ARM.attributes
                0x000009f7       0x2d c:/program files (x86)/atmel/atmel toolchain/arm gcc/native/4.8.1443/arm-gnu-toolchain/bin/../lib/gcc/arm-none-eabi/4.8.4/../../../../arm-none-eabi/lib/armv7-m\libc.a(lib_a-wbuf.o)
 .ARM.attributes
                0x00000a24       0x2d c:/program files (x86)/atmel/atmel toolchain/arm gcc/native/4.8.1443/arm-gnu-toolchain/bin/../lib/gcc/arm-none-eabi/4.8.4/../../../../arm-none-eabi/lib/armv7-m\libc.a(lib_a-wsetup.o)
 .ARM.attributes
                0x00000a51       0x2d c:/program files (x86)/atmel/atmel toolchain/arm gcc/native/4.8.1443/arm-gnu-toolchain/bin/../lib/gcc/arm-none-eabi/4.8.4/../../../../arm-none-eabi/lib/armv7-m\libc.a(lib_a-__call_atexit.o)
 .ARM.attributes
                0x00000a7e       0x2d c:/program files (x86)/atmel/atmel toolchain/arm gcc/native/4.8.1443/arm-gnu-toolchain/bin/../lib/gcc/arm-none-eabi/4.8.4/../../../../arm-none-eabi/lib/armv7-m\libc.a(lib_a-atexit.o)
 .ARM.attributes
                0x00000aab       0x2d c:/program files (x86)/atmel/atmel toolchain/arm gcc/native/4.8.1443/arm-gnu-toolchain/bin/../lib/gcc/arm-none-eabi/4.8.4/../../../../arm-none-eabi/lib/armv7-m\libc.a(lib_a-fflush.o)
 .ARM.attributes
                0x00000ad8       0x2d c:/program files (x86)/atmel/atmel toolchain/arm gcc/native/4.8.1443/arm-gnu-toolchain/bin/../lib/gcc/arm-none-eabi/4.8.4/../../../../arm-none-eabi/lib/armv7-m\libc.a(lib_a-findfp.o)
 .ARM.attributes
                0x00000b05       0x2d c:/program files (x86)/atmel/atmel toolchain/arm gcc/native/4.8.1443/arm-gnu-toolchain/bin/../lib/gcc/arm-none-eabi/4.8.4/../../../../arm-none-eabi/lib/armv7-m\libc.a(lib_a-fini.o)
 .ARM.attributes
                0x00000b32       0x2d c:/program files (x86)/atmel/atmel toolchain/arm gcc/native/4.8.1443/arm-gnu-toolchain/bin/../lib/gcc/arm-none-eabi/4.8.4/../../../../arm-none-eabi/lib/armv7-m\libc.a(lib_a-fputwc.o)
 .ARM.attributes
                0x00000b5f       0x2d c:/program files (x86)/atmel/atmel toolchain/arm gcc/native/4.8.1443/arm-gnu-toolchain/bin/../lib/gcc/arm-none-eabi/4.8.4/../../../../arm-none-eabi/lib/armv7-m\libc.a(lib_a-freer.o)
 .ARM.attributes
                0x00000b8c       0x2d c:/program files (x86)/atmel/atmel toolchain/arm gcc/native/4.8.1443/arm-gnu-toolchain/bin/../lib/gcc/arm-none-eabi/4.8.4/../../../../arm-none-eabi/lib/armv7-m\libc.a(lib_a-fvwrite.o)
 .ARM.attributes
                0x00000bb9       0x2d c:/program files (x86)/atmel/atmel toolchain/arm gcc/native/4.8.1443/arm-gnu-toolchain/bin/../lib/gcc/arm-none-eabi/4.8.4/../../../../arm-none-eabi/lib/armv7-m\libc.a(lib_a-fwalk.o)
 .ARM.attributes
                0x00000be6       0x2d c:/program files (x86)/atmel/atmel toolchain/arm gcc/native/4.8.1443/arm-gnu-toolchain/bin/../lib/gcc/arm-none-eabi/4.8.4/../../../../arm-none-eabi/lib/armv7-m\libc.a(lib_a-locale.o)
 .ARM.attributes
                0x00000c13       0x2d c:/program files (x86)/atmel/atmel toolchain/arm gcc/native/4.8.1443/arm-gnu-toolchain/bin/../lib/gcc/arm-none-eabi/4.8.4/../../../../arm-none-eabi/lib/armv7-m\libc.a(lib_a-makebuf.o)
 .ARM.attributes
                0x00000c40       0x2d c:/program files (x86)/atmel/atmel toolchain/arm gcc/native/4.8.1443/arm-gnu-toolchain/bin/../lib/gcc/arm-none-eabi/4.8.4/../../../../arm-none-eabi/lib/armv7-m\libc.a(lib_a-malloc.o)
 .ARM.attributes
                0x00000c6d       0x2d c:/program files (x86)/atmel/atmel toolchain/arm gcc/native/4.8.1443/arm-gnu-toolchain/bin/../lib/gcc/arm-none-eabi/4.8.4/../../../../arm-none-eabi/lib/armv7-m\libc.a(lib_a-mallocr.o)
 .ARM.attributes
                0x00000c9a       0x2d c:/program files (x86)/atmel/atmel toolchain/arm gcc/native/4.8.1443/arm-gnu-toolchain/bin/../lib/gcc/arm-none-eabi/4.8.4/../../../../arm-none-eabi/lib/armv7-m\libc.a(lib_a-memchr-stub.o)
 .ARM.attributes
                0x00000cc7       0x1b c:/program files (x86)/atmel/atmel toolchain/arm gcc/native/4.8.1443/arm-gnu-toolchain/bin/../lib/gcc/arm-none-eabi/4.8.4/../../../../arm-none-eabi/lib/armv7-m\libc.a(lib_a-memcpy.o)
 .ARM.attributes
                0x00000ce2       0x2d c:/program files (x86)/atmel/atmel toolchain/arm gcc/native/4.8.1443/arm-gnu-toolchain/bin/../lib/gcc/arm-none-eabi/4.8.4/../../../../arm-none-eabi/lib/armv7-m\libc.a(lib_a-memmove.o)
 .ARM.attributes
                0x00000d0f       0x2d c:/program files (x86)/atmel/atmel toolchain/arm gcc/native/4.8.1443/arm-gnu-toolchain/bin/../lib/gcc/arm-none-eabi/4.8.4/../../../../arm-none-eabi/lib/armv7-m\libc.a(lib_a-mlock.o)
 .ARM.attributes
                0x00000d3c       0x2d c:/program files (x86)/atmel/atmel toolchain/arm gcc/native/4.8.1443/arm-gnu-toolchain/bin/../lib/gcc/arm-none-eabi/4.8.4/../../../../arm-none-eabi/lib/armv7-m\libc.a(lib_a-reallocr.o)
 .ARM.attributes
                0x00000d69       0x2d c:/program files (x86)/atmel/atmel toolchain/arm gcc/native/4.8.1443/arm-gnu-toolchain/bin/../lib/gcc/arm-none-eabi/4.8.4/../../../../arm-none-eabi/lib/armv7-m\libc.a(lib_a-sbrkr.o)
 .ARM.attributes
                0x00000d96       0x2d c:/program files (x86)/atmel/atmel toolchain/arm gcc/native/4.8.1443/arm-gnu-toolchain/bin/../lib/gcc/arm-none-eabi/4.8.4/../../../../arm-none-eabi/lib/armv7-m\libc.a(lib_a-stdio.o)
 .ARM.attributes
                0x00000dc3       0x2d c:/program files (x86)/atmel/atmel toolchain/arm gcc/native/4.8.1443/arm-gnu-toolchain/bin/../lib/gcc/arm-none-eabi/4.8.4/../../../../arm-none-eabi/lib/armv7-m\libc.a(lib_a-strlen.o)
 .ARM.attributes
                0x00000df0       0x2d c:/program files (x86)/atmel/atmel toolchain/arm gcc/native/4.8.1443/arm-gnu-toolchain/bin/../lib/gcc/arm-none-eabi/4.8.4/../../../../arm-none-eabi/lib/armv7-m\libc.a(lib_a-wcrtomb.o)
 .ARM.attributes
                0x00000e1d       0x2d c:/program files (x86)/atmel/atmel toolchain/arm gcc/native/4.8.1443/arm-gnu-toolchain/bin/../lib/gcc/arm-none-eabi/4.8.4/../../../../arm-none-eabi/lib/armv7-m\libc.a(lib_a-wctomb_r.o)
 .ARM.attributes
                0x00000e4a       0x2d c:/program files (x86)/atmel/atmel toolchain/arm gcc/native/4.8.1443/arm-gnu-toolchain/bin/../lib/gcc/arm-none-eabi/4.8.4/../../../../arm-none-eabi/lib/armv7-m\libc.a(lib_a-writer.o)
 .ARM.attributes
                0x00000e77       0x2d c:/program files (x86)/atmel/atmel toolchain/arm gcc/native/4.8.1443/arm-gnu-toolchain/bin/../lib/gcc/arm-none-eabi/4.8.4/../../../../arm-none-eabi/lib/armv7-m\libc.a(lib_a-__atexit.o)
 .ARM.attributes
                0x00000ea4       0x2d c:/program files (x86)/atmel/atmel toolchain/arm gcc/native/4.8.1443/arm-gnu-toolchain/bin/../lib/gcc/arm-none-eabi/4.8.4/../../../../arm-none-eabi/lib/armv7-m\libc.a(lib_a-closer.o)
 .ARM.attributes
                0x00000ed1       0x2d c:/program files (x86)/atmel/atmel toolchain/arm gcc/native/4.8.1443/arm-gnu-toolchain/bin/../lib/gcc/arm-none-eabi/4.8.4/../../../../arm-none-eabi/lib/armv7-m\libc.a(lib_a-fclose.o)
 .ARM.attributes
                0x00000efe       0x2d c:/program files (x86)/atmel/atmel toolchain/arm gcc/native/4.8.1443/arm-gnu-toolchain/bin/../lib/gcc/arm-none-eabi/4.8.4/../../../../arm-none-eabi/lib/armv7-m\libc.a(lib_a-fstatr.o)
 .ARM.attributes
                0x00000f2b       0x2d c:/program files (x86)/atmel/atmel toolchain/arm gcc/native/4.8.1443/arm-gnu-toolchain/bin/../lib/gcc/arm-none-eabi/4.8.4/../../../../arm-none-eabi/lib/armv7-m\libc.a(lib_a-isattyr.o)
 .ARM.attributes
                0x00000f58       0x2d c:/program files (x86)/atmel/atmel toolchain/arm gcc/native/4.8.1443/arm-gnu-toolchain/bin/../lib/gcc/arm-none-eabi/4.8.4/../../../../arm-none-eabi/lib/armv7-m\libc.a(lib_a-lseekr.o)
 .ARM.attributes
                0x00000f85       0x2d c:/program files (x86)/atmel/atmel toolchain/arm gcc/native/4.8.1443/arm-gnu-toolchain/bin/../lib/gcc/arm-none-eabi/4.8.4/../../../../arm-none-eabi/lib/armv7-m\libc.a(lib_a-readr.o)
 .ARM.attributes
                0x00000fb2       0x2d c:/program files (x86)/atmel/atmel toolchain/arm gcc/native/4.8.1443/arm-gnu-toolchain/bin/../lib/gcc/arm-none-eabi/4.8.4/../../../../arm-none-eabi/lib/armv7-m\libc.a(lib_a-reent.o)
 .ARM.attributes
                0x00000fdf       0x1d c:/program files (x86)/atmel/atmel toolchain/arm gcc/native/4.8.1443/arm-gnu-toolchain/bin/../lib/gcc/arm-none-eabi/4.8.4/armv7-m/crtn.o

.comment        0x00000000       0x5b
 .comment       0x00000000       0x5b src/consoleFunctions.o
                                 0x5c (size before relaxing)
 .comment       0x00000000       0x5c src/ASF/common/utils/stdio/read.o
 .comment       0x00000000       0x5c src/ASF/common/utils/stdio/write.o
 .comment       0x00000000       0x5c src/ASF/sam/drivers/uart/uart.o
 .comment       0x00000000       0x5c src/ASF/sam/drivers/usart/usart.o
 .comment       0x00000000       0x5c src/navigation.o
 .comment       0x00000000       0x5c src/pulseCounterHandler.o
 .comment       0x00000000       0x5c src/ASF/common/services/clock/sam3x/sysclk.o
 .comment       0x00000000       0x5c src/ASF/common/services/delay/sam/cycle_counter.o
 .comment       0x00000000       0x5c src/ASF/sam/boards/arduino_due_x/init.o
 .comment       0x00000000       0x5c src/ASF/sam/drivers/pio/pio.o
 .comment       0x00000000       0x5c src/ASF/sam/drivers/pio/pio_handler.o
 .comment       0x00000000       0x5c src/ASF/sam/drivers/pmc/pmc.o
 .comment       0x00000000       0x5c src/ASF/sam/utils/cmsis/sam3x/source/templates/exceptions.o
 .comment       0x00000000       0x5c src/ASF/sam/utils/cmsis/sam3x/source/templates/gcc/startup_sam3x.o
 .comment       0x00000000       0x5c src/ASF/sam/utils/cmsis/sam3x/source/templates/system_sam3x.o
 .comment       0x00000000       0x5c src/ASF/sam/utils/syscalls/gcc/syscalls.o
 .comment       0x00000000       0x5c src/motorFunc.o
 .comment       0x00000000       0x5c src/main.o

.debug_info     0x00000000     0xda22
 .debug_info    0x00000000     0x12c6 src/consoleFunctions.o
 .debug_info    0x000012c6      0x1bb src/ASF/common/utils/stdio/read.o
 .debug_info    0x00001481      0x1c0 src/ASF/common/utils/stdio/write.o
 .debug_info    0x00001641      0x889 src/ASF/sam/drivers/uart/uart.o
 .debug_info    0x00001eca     0x1bfa src/ASF/sam/drivers/usart/usart.o
 .debug_info    0x00003ac4     0x11c0 src/navigation.o
 .debug_info    0x00004c84     0x1483 src/pulseCounterHandler.o
 .debug_info    0x00006107      0x796 src/ASF/common/services/clock/sam3x/sysclk.o
 .debug_info    0x0000689d      0x134 src/ASF/common/services/delay/sam/cycle_counter.o
 .debug_info    0x000069d1      0x726 src/ASF/sam/boards/arduino_due_x/init.o
 .debug_info    0x000070f7     0x1385 src/ASF/sam/drivers/pio/pio.o
 .debug_info    0x0000847c      0xe52 src/ASF/sam/drivers/pio/pio_handler.o
 .debug_info    0x000092ce     0x1080 src/ASF/sam/drivers/pmc/pmc.o
 .debug_info    0x0000a34e      0x124 src/ASF/sam/utils/cmsis/sam3x/source/templates/exceptions.o
 .debug_info    0x0000a472      0x3bd src/ASF/sam/utils/cmsis/sam3x/source/templates/gcc/startup_sam3x.o
 .debug_info    0x0000a82f      0x4c6 src/ASF/sam/utils/cmsis/sam3x/source/templates/system_sam3x.o
 .debug_info    0x0000acf5      0x43f src/ASF/sam/utils/syscalls/gcc/syscalls.o
 .debug_info    0x0000b134     0x166c src/motorFunc.o
 .debug_info    0x0000c7a0     0x1282 src/main.o

.debug_abbrev   0x00000000     0x259f
 .debug_abbrev  0x00000000      0x330 src/consoleFunctions.o
 .debug_abbrev  0x00000330      0x101 src/ASF/common/utils/stdio/read.o
 .debug_abbrev  0x00000431       0xf5 src/ASF/common/utils/stdio/write.o
 .debug_abbrev  0x00000526      0x1bd src/ASF/sam/drivers/uart/uart.o
 .debug_abbrev  0x000006e3      0x2dc src/ASF/sam/drivers/usart/usart.o
 .debug_abbrev  0x000009bf      0x2fa src/navigation.o
 .debug_abbrev  0x00000cb9      0x315 src/pulseCounterHandler.o
 .debug_abbrev  0x00000fce      0x227 src/ASF/common/services/clock/sam3x/sysclk.o
 .debug_abbrev  0x000011f5       0x9d src/ASF/common/services/delay/sam/cycle_counter.o
 .debug_abbrev  0x00001292      0x16d src/ASF/sam/boards/arduino_due_x/init.o
 .debug_abbrev  0x000013ff      0x2d5 src/ASF/sam/drivers/pio/pio.o
 .debug_abbrev  0x000016d4      0x257 src/ASF/sam/drivers/pio/pio_handler.o
 .debug_abbrev  0x0000192b      0x268 src/ASF/sam/drivers/pmc/pmc.o
 .debug_abbrev  0x00001b93       0x8c src/ASF/sam/utils/cmsis/sam3x/source/templates/exceptions.o
 .debug_abbrev  0x00001c1f      0x118 src/ASF/sam/utils/cmsis/sam3x/source/templates/gcc/startup_sam3x.o
 .debug_abbrev  0x00001d37      0x115 src/ASF/sam/utils/cmsis/sam3x/source/templates/system_sam3x.o
 .debug_abbrev  0x00001e4c      0x14e src/ASF/sam/utils/syscalls/gcc/syscalls.o
 .debug_abbrev  0x00001f9a      0x327 src/motorFunc.o
 .debug_abbrev  0x000022c1      0x2de src/main.o

.debug_loc      0x00000000     0x3fe9
 .debug_loc     0x00000000      0x28b src/consoleFunctions.o
 .debug_loc     0x0000028b       0xc5 src/ASF/common/utils/stdio/read.o
 .debug_loc     0x00000350      0x161 src/ASF/common/utils/stdio/write.o
 .debug_loc     0x000004b1      0x236 src/ASF/sam/drivers/uart/uart.o
 .debug_loc     0x000006e7     0x128d src/ASF/sam/drivers/usart/usart.o
 .debug_loc     0x00001974      0x22f src/navigation.o
 .debug_loc     0x00001ba3      0x176 src/pulseCounterHandler.o
 .debug_loc     0x00001d19      0x12d src/ASF/common/services/clock/sam3x/sysclk.o
 .debug_loc     0x00001e46       0x20 src/ASF/sam/boards/arduino_due_x/init.o
 .debug_loc     0x00001e66      0xa83 src/ASF/sam/drivers/pio/pio.o
 .debug_loc     0x000028e9      0x53d src/ASF/sam/drivers/pio/pio_handler.o
 .debug_loc     0x00002e26      0xc95 src/ASF/sam/drivers/pmc/pmc.o
 .debug_loc     0x00003abb       0x7e src/ASF/sam/utils/cmsis/sam3x/source/templates/gcc/startup_sam3x.o
 .debug_loc     0x00003b39      0x12b src/ASF/sam/utils/syscalls/gcc/syscalls.o
 .debug_loc     0x00003c64      0x365 src/motorFunc.o
 .debug_loc     0x00003fc9       0x20 src/main.o

.debug_aranges  0x00000000      0xa50
 .debug_aranges
                0x00000000       0x30 src/consoleFunctions.o
 .debug_aranges
                0x00000030       0x20 src/ASF/common/utils/stdio/read.o
 .debug_aranges
                0x00000050       0x20 src/ASF/common/utils/stdio/write.o
 .debug_aranges
                0x00000070       0xe8 src/ASF/sam/drivers/uart/uart.o
 .debug_aranges
                0x00000158      0x2a8 src/ASF/sam/drivers/usart/usart.o
 .debug_aranges
                0x00000400       0x90 src/navigation.o
 .debug_aranges
                0x00000490       0x38 src/pulseCounterHandler.o
 .debug_aranges
                0x000004c8       0x40 src/ASF/common/services/clock/sam3x/sysclk.o
 .debug_aranges
                0x00000508       0x20 src/ASF/common/services/delay/sam/cycle_counter.o
 .debug_aranges
                0x00000528       0x20 src/ASF/sam/boards/arduino_due_x/init.o
 .debug_aranges
                0x00000548      0x148 src/ASF/sam/drivers/pio/pio.o
 .debug_aranges
                0x00000690       0x58 src/ASF/sam/drivers/pio/pio_handler.o
 .debug_aranges
                0x000006e8      0x200 src/ASF/sam/drivers/pmc/pmc.o
 .debug_aranges
                0x000008e8       0x20 src/ASF/sam/utils/cmsis/sam3x/source/templates/exceptions.o
 .debug_aranges
                0x00000908       0x20 src/ASF/sam/utils/cmsis/sam3x/source/templates/gcc/startup_sam3x.o
 .debug_aranges
                0x00000928       0x30 src/ASF/sam/utils/cmsis/sam3x/source/templates/system_sam3x.o
 .debug_aranges
                0x00000958       0x60 src/ASF/sam/utils/syscalls/gcc/syscalls.o
 .debug_aranges
                0x000009b8       0x78 src/motorFunc.o
 .debug_aranges
                0x00000a30       0x20 src/main.o

.debug_ranges   0x00000000      0x920
 .debug_ranges  0x00000000       0x20 src/consoleFunctions.o
 .debug_ranges  0x00000020       0x10 src/ASF/common/utils/stdio/read.o
 .debug_ranges  0x00000030       0x10 src/ASF/common/utils/stdio/write.o
 .debug_ranges  0x00000040       0xd8 src/ASF/sam/drivers/uart/uart.o
 .debug_ranges  0x00000118      0x298 src/ASF/sam/drivers/usart/usart.o
 .debug_ranges  0x000003b0       0x80 src/navigation.o
 .debug_ranges  0x00000430       0x28 src/pulseCounterHandler.o
 .debug_ranges  0x00000458       0x30 src/ASF/common/services/clock/sam3x/sysclk.o
 .debug_ranges  0x00000488       0x10 src/ASF/common/services/delay/sam/cycle_counter.o
 .debug_ranges  0x00000498       0x10 src/ASF/sam/boards/arduino_due_x/init.o
 .debug_ranges  0x000004a8      0x138 src/ASF/sam/drivers/pio/pio.o
 .debug_ranges  0x000005e0       0x48 src/ASF/sam/drivers/pio/pio_handler.o
 .debug_ranges  0x00000628      0x1f0 src/ASF/sam/drivers/pmc/pmc.o
 .debug_ranges  0x00000818       0x10 src/ASF/sam/utils/cmsis/sam3x/source/templates/exceptions.o
 .debug_ranges  0x00000828       0x10 src/ASF/sam/utils/cmsis/sam3x/source/templates/gcc/startup_sam3x.o
 .debug_ranges  0x00000838       0x20 src/ASF/sam/utils/cmsis/sam3x/source/templates/system_sam3x.o
 .debug_ranges  0x00000858       0x50 src/ASF/sam/utils/syscalls/gcc/syscalls.o
 .debug_ranges  0x000008a8       0x68 src/motorFunc.o
 .debug_ranges  0x00000910       0x10 src/main.o

.debug_macro    0x00000000    0x180e4
 .debug_macro   0x00000000      0x5e9 src/consoleFunctions.o
 .debug_macro   0x000005e9      0x874 src/consoleFunctions.o
 .debug_macro   0x00000e5d       0x58 src/consoleFunctions.o
 .debug_macro   0x00000eb5       0x16 src/consoleFunctions.o
 .debug_macro   0x00000ecb       0x35 src/consoleFunctions.o
 .debug_macro   0x00000f00       0xa3 src/consoleFunctions.o
 .debug_macro   0x00000fa3       0x16 src/consoleFunctions.o
 .debug_macro   0x00000fb9       0x97 src/consoleFunctions.o
 .debug_macro   0x00001050       0x10 src/consoleFunctions.o
 .debug_macro   0x00001060       0xef src/consoleFunctions.o
 .debug_macro   0x0000114f       0x4a src/consoleFunctions.o
 .debug_macro   0x00001199       0x52 src/consoleFunctions.o
 .debug_macro   0x000011eb       0x16 src/consoleFunctions.o
 .debug_macro   0x00001201       0x43 src/consoleFunctions.o
 .debug_macro   0x00001244      0x180 src/consoleFunctions.o
 .debug_macro   0x000013c4       0x10 src/consoleFunctions.o
 .debug_macro   0x000013d4       0x22 src/consoleFunctions.o
 .debug_macro   0x000013f6       0xbd src/consoleFunctions.o
 .debug_macro   0x000014b3       0x16 src/consoleFunctions.o
 .debug_macro   0x000014c9      0x16c src/consoleFunctions.o
 .debug_macro   0x00001635      0x4d1 src/consoleFunctions.o
 .debug_macro   0x00001b06       0x76 src/consoleFunctions.o
 .debug_macro   0x00001b7c       0x16 src/consoleFunctions.o
 .debug_macro   0x00001b92      0x6e4 src/consoleFunctions.o
 .debug_macro   0x00002276      0x20f src/consoleFunctions.o
 .debug_macro   0x00002485       0x20 src/consoleFunctions.o
 .debug_macro   0x000024a5       0x3a src/consoleFunctions.o
 .debug_macro   0x000024df       0x18 src/consoleFunctions.o
 .debug_macro   0x000024f7      0xb09 src/consoleFunctions.o
 .debug_macro   0x00003000      0xab6 src/consoleFunctions.o
 .debug_macro   0x00003ab6      0x569 src/consoleFunctions.o
 .debug_macro   0x0000401f      0x2b5 src/consoleFunctions.o
 .debug_macro   0x000042d4      0x31a src/consoleFunctions.o
 .debug_macro   0x000045ee      0x74f src/consoleFunctions.o
 .debug_macro   0x00004d3d       0x82 src/consoleFunctions.o
 .debug_macro   0x00004dbf      0x57b src/consoleFunctions.o
 .debug_macro   0x0000533a       0x1c src/consoleFunctions.o
 .debug_macro   0x00005356      0x6b7 src/consoleFunctions.o
 .debug_macro   0x00005a0d      0x52d src/consoleFunctions.o
 .debug_macro   0x00005f3a       0xbe src/consoleFunctions.o
 .debug_macro   0x00005ff8     0x2342 src/consoleFunctions.o
 .debug_macro   0x0000833a      0x85d src/consoleFunctions.o
 .debug_macro   0x00008b97      0xdc9 src/consoleFunctions.o
 .debug_macro   0x00009960       0x7c src/consoleFunctions.o
 .debug_macro   0x000099dc      0x263 src/consoleFunctions.o
 .debug_macro   0x00009c3f       0x58 src/consoleFunctions.o
 .debug_macro   0x00009c97      0x9a7 src/consoleFunctions.o
 .debug_macro   0x0000a63e      0x248 src/consoleFunctions.o
 .debug_macro   0x0000a886      0x4df src/consoleFunctions.o
 .debug_macro   0x0000ad65      0x6b3 src/consoleFunctions.o
 .debug_macro   0x0000b418      0x59f src/consoleFunctions.o
 .debug_macro   0x0000b9b7       0x46 src/consoleFunctions.o
 .debug_macro   0x0000b9fd      0x34d src/consoleFunctions.o
 .debug_macro   0x0000bd4a      0x28c src/consoleFunctions.o
 .debug_macro   0x0000bfd6     0x14d7 src/consoleFunctions.o
 .debug_macro   0x0000d4ad      0x7ba src/consoleFunctions.o
 .debug_macro   0x0000dc67       0x76 src/consoleFunctions.o
 .debug_macro   0x0000dcdd       0x82 src/consoleFunctions.o
 .debug_macro   0x0000dd5f       0x76 src/consoleFunctions.o
 .debug_macro   0x0000ddd5       0x4c src/consoleFunctions.o
 .debug_macro   0x0000de21      0x105 src/consoleFunctions.o
 .debug_macro   0x0000df26      0x105 src/consoleFunctions.o
 .debug_macro   0x0000e02b      0x105 src/consoleFunctions.o
 .debug_macro   0x0000e130       0x88 src/consoleFunctions.o
 .debug_macro   0x0000e1b8       0x88 src/consoleFunctions.o
 .debug_macro   0x0000e240      0x3b4 src/consoleFunctions.o
 .debug_macro   0x0000e5f4       0xb8 src/consoleFunctions.o
 .debug_macro   0x0000e6ac       0xb8 src/consoleFunctions.o
 .debug_macro   0x0000e764       0xb8 src/consoleFunctions.o
 .debug_macro   0x0000e81c       0xb8 src/consoleFunctions.o
 .debug_macro   0x0000e8d4      0x2b8 src/consoleFunctions.o
 .debug_macro   0x0000eb8c      0x125 src/consoleFunctions.o
 .debug_macro   0x0000ecb1      0x225 src/consoleFunctions.o
 .debug_macro   0x0000eed6      0x225 src/consoleFunctions.o
 .debug_macro   0x0000f0fb       0x2e src/consoleFunctions.o
 .debug_macro   0x0000f129       0xac src/consoleFunctions.o
 .debug_macro   0x0000f1d5      0x14d src/consoleFunctions.o
 .debug_macro   0x0000f322       0x7c src/consoleFunctions.o
 .debug_macro   0x0000f39e      0x205 src/consoleFunctions.o
 .debug_macro   0x0000f5a3       0x64 src/consoleFunctions.o
 .debug_macro   0x0000f607       0xa6 src/consoleFunctions.o
 .debug_macro   0x0000f6ad       0x7c src/consoleFunctions.o
 .debug_macro   0x0000f729       0x16 src/consoleFunctions.o
 .debug_macro   0x0000f73f       0x22 src/consoleFunctions.o
 .debug_macro   0x0000f761       0x22 src/consoleFunctions.o
 .debug_macro   0x0000f783      0x115 src/consoleFunctions.o
 .debug_macro   0x0000f898      0x115 src/consoleFunctions.o
 .debug_macro   0x0000f9ad      0x115 src/consoleFunctions.o
 .debug_macro   0x0000fac2      0x115 src/consoleFunctions.o
 .debug_macro   0x0000fbd7       0x1c src/consoleFunctions.o
 .debug_macro   0x0000fbf3       0x2e src/consoleFunctions.o
 .debug_macro   0x0000fc21       0x22 src/consoleFunctions.o
 .debug_macro   0x0000fc43       0x1c src/consoleFunctions.o
 .debug_macro   0x0000fc5f       0x58 src/consoleFunctions.o
 .debug_macro   0x0000fcb7       0x10 src/consoleFunctions.o
 .debug_macro   0x0000fcc7      0x273 src/consoleFunctions.o
 .debug_macro   0x0000ff3a      0xd43 src/consoleFunctions.o
 .debug_macro   0x00010c7d      0x131 src/consoleFunctions.o
 .debug_macro   0x00010dae       0x22 src/consoleFunctions.o
 .debug_macro   0x00010dd0       0x16 src/consoleFunctions.o
 .debug_macro   0x00010de6       0x35 src/consoleFunctions.o
 .debug_macro   0x00010e1b       0x16 src/consoleFunctions.o
 .debug_macro   0x00010e31       0x29 src/consoleFunctions.o
 .debug_macro   0x00010e5a       0x6e src/consoleFunctions.o
 .debug_macro   0x00010ec8       0x45 src/consoleFunctions.o
 .debug_macro   0x00010f0d      0x3c3 src/consoleFunctions.o
 .debug_macro   0x000112d0       0x34 src/consoleFunctions.o
 .debug_macro   0x00011304      0x248 src/consoleFunctions.o
 .debug_macro   0x0001154c      0x790 src/consoleFunctions.o
 .debug_macro   0x00011cdc       0x5e src/consoleFunctions.o
 .debug_macro   0x00011d3a       0x64 src/consoleFunctions.o
 .debug_macro   0x00011d9e       0x5f src/consoleFunctions.o
 .debug_macro   0x00011dfd       0x90 src/consoleFunctions.o
 .debug_macro   0x00011e8d       0x1c src/consoleFunctions.o
 .debug_macro   0x00011ea9       0x2e src/consoleFunctions.o
 .debug_macro   0x00011ed7       0x1c src/consoleFunctions.o
 .debug_macro   0x00011ef3       0x28 src/consoleFunctions.o
 .debug_macro   0x00011f1b       0x23 src/consoleFunctions.o
 .debug_macro   0x00011f3e       0x94 src/consoleFunctions.o
 .debug_macro   0x00011fd2       0x40 src/consoleFunctions.o
 .debug_macro   0x00012012       0x70 src/consoleFunctions.o
 .debug_macro   0x00012082       0x34 src/consoleFunctions.o
 .debug_macro   0x000120b6       0x58 src/consoleFunctions.o
 .debug_macro   0x0001210e      0x4a7 src/ASF/common/utils/stdio/read.o
 .debug_macro   0x000125b5      0x4a7 src/ASF/common/utils/stdio/write.o
 .debug_macro   0x00012a5c      0x4b6 src/ASF/sam/drivers/uart/uart.o
 .debug_macro   0x00012f12       0x16 src/ASF/sam/drivers/uart/uart.o
 .debug_macro   0x00012f28      0x4f2 src/ASF/sam/drivers/usart/usart.o
 .debug_macro   0x0001341a       0x28 src/ASF/sam/drivers/usart/usart.o
 .debug_macro   0x00013442      0x625 src/navigation.o
 .debug_macro   0x00013a67       0x82 src/navigation.o
 .debug_macro   0x00013ae9       0xf6 src/navigation.o
 .debug_macro   0x00013bdf       0x26 src/navigation.o
 .debug_macro   0x00013c05      0x5ea src/pulseCounterHandler.o
 .debug_macro   0x000141ef      0x527 src/ASF/common/services/clock/sam3x/sysclk.o
 .debug_macro   0x00014716      0x242 src/ASF/common/services/clock/sam3x/sysclk.o
 .debug_macro   0x00014958      0x4b6 src/ASF/common/services/delay/sam/cycle_counter.o
 .debug_macro   0x00014e0e       0x22 src/ASF/common/services/delay/sam/cycle_counter.o
 .debug_macro   0x00014e30      0x566 src/ASF/sam/boards/arduino_due_x/init.o
 .debug_macro   0x00015396       0x6a src/ASF/sam/boards/arduino_due_x/init.o
 .debug_macro   0x00015400      0x4c2 src/ASF/sam/drivers/pio/pio.o
 .debug_macro   0x000158c2       0x8e src/ASF/sam/drivers/pio/pio.o
 .debug_macro   0x00015950      0x4c6 src/ASF/sam/drivers/pio/pio_handler.o
 .debug_macro   0x00015e16      0x4bc src/ASF/sam/drivers/pmc/pmc.o
 .debug_macro   0x000162d2       0x58 src/ASF/sam/drivers/pmc/pmc.o
 .debug_macro   0x0001632a      0x4bb src/ASF/sam/utils/cmsis/sam3x/source/templates/exceptions.o
 .debug_macro   0x000167e5      0x4c9 src/ASF/sam/utils/cmsis/sam3x/source/templates/gcc/startup_sam3x.o
 .debug_macro   0x00016cae      0x4c9 src/ASF/sam/utils/cmsis/sam3x/source/templates/system_sam3x.o
 .debug_macro   0x00017177      0x129 src/ASF/sam/utils/syscalls/gcc/syscalls.o
 .debug_macro   0x000172a0       0x52 src/ASF/sam/utils/syscalls/gcc/syscalls.o