Archive member included because of file (symbol)

c:/program files (x86)/atmel/atmel toolchain/arm gcc/native/4.8.1443/arm-gnu-toolchain/bin/../lib/gcc/arm-none-eabi/4.8.4/../../../../arm-none-eabi/lib/armv7-m\libm.a(lib_a-s_cos.o)
                              src/navigation.o (cos)
c:/program files (x86)/atmel/atmel toolchain/arm gcc/native/4.8.1443/arm-gnu-toolchain/bin/../lib/gcc/arm-none-eabi/4.8.4/../../../../arm-none-eabi/lib/armv7-m\libm.a(lib_a-s_sin.o)
                              src/navigation.o (sin)
c:/program files (x86)/atmel/atmel toolchain/arm gcc/native/4.8.1443/arm-gnu-toolchain/bin/../lib/gcc/arm-none-eabi/4.8.4/../../../../arm-none-eabi/lib/armv7-m\libm.a(lib_a-w_atan2.o)
                              src/navigation.o (atan2)
c:/program files (x86)/atmel/atmel toolchain/arm gcc/native/4.8.1443/arm-gnu-toolchain/bin/../lib/gcc/arm-none-eabi/4.8.4/../../../../arm-none-eabi/lib/armv7-m\libm.a(lib_a-w_sqrt.o)
                              src/navigation.o (sqrt)
c:/program files (x86)/atmel/atmel toolchain/arm gcc/native/4.8.1443/arm-gnu-toolchain/bin/../lib/gcc/arm-none-eabi/4.8.4/../../../../arm-none-eabi/lib/armv7-m\libm.a(lib_a-e_atan2.o)
                              c:/program files (x86)/atmel/atmel toolchain/arm gcc/native/4.8.1443/arm-gnu-toolchain/bin/../lib/gcc/arm-none-eabi/4.8.4/../../../../arm-none-eabi/lib/armv7-m\libm.a(lib_a-w_atan2.o) (__ieee754_atan2)
c:/program files (x86)/atmel/atmel toolchain/arm gcc/native/4.8.1443/arm-gnu-toolchain/bin/../lib/gcc/arm-none-eabi/4.8.4/../../../../arm-none-eabi/lib/armv7-m\libm.a(lib_a-e_rem_pio2.o)
                              c:/program files (x86)/atmel/atmel toolchain/arm gcc/native/4.8.1443/arm-gnu-toolchain/bin/../lib/gcc/arm-none-eabi/4.8.4/../../../../arm-none-eabi/lib/armv7-m\libm.a(lib_a-s_cos.o) (__ieee754_rem_pio2)
c:/program files (x86)/atmel/atmel toolchain/arm gcc/native/4.8.1443/arm-gnu-toolchain/bin/../lib/gcc/arm-none-eabi/4.8.4/../../../../arm-none-eabi/lib/armv7-m\libm.a(lib_a-e_sqrt.o)
                              c:/program files (x86)/atmel/atmel toolchain/arm gcc/native/4.8.1443/arm-gnu-toolchain/bin/../lib/gcc/arm-none-eabi/4.8.4/../../../../arm-none-eabi/lib/armv7-m\libm.a(lib_a-w_sqrt.o) (__ieee754_sqrt)
c:/program files (x86)/atmel/atmel toolchain/arm gcc/native/4.8.1443/arm-gnu-toolchain/bin/../lib/gcc/arm-none-eabi/4.8.4/../../../../arm-none-eabi/lib/armv7-m\libm.a(lib_a-k_cos.o)
                              c:/program files (x86)/atmel/atmel toolchain/arm gcc/native/4.8.1443/arm-gnu-toolchain/bin/../lib/gcc/arm-none-eabi/4.8.4/../../../../arm-none-eabi/lib/armv7-m\libm.a(lib_a-s_cos.o) (__kernel_cos)
c:/program files (x86)/atmel/atmel toolchain/arm gcc/native/4.8.1443/arm-gnu-toolchain/bin/../lib/gcc/arm-none-eabi/4.8.4/../../../../arm-none-eabi/lib/armv7-m\libm.a(lib_a-k_rem_pio2.o)
                              c:/program files (x86)/atmel/atmel toolchain/arm gcc/native/4.8.1443/arm-gnu-toolchain/bin/../lib/gcc/arm-none-eabi/4.8.4/../../../../arm-none-eabi/lib/armv7-m\libm.a(lib_a-e_rem_pio2.o) (__kernel_rem_pio2)
c:/program files (x86)/atmel/atmel toolchain/arm gcc/native/4.8.1443/arm-gnu-toolchain/bin/../lib/gcc/arm-none-eabi/4.8.4/../../../../arm-none-eabi/lib/armv7-m\libm.a(lib_a-k_sin.o)
                              c:/program files (x86)/atmel/atmel toolchain/arm gcc/native/4.8.1443/arm-gnu-toolchain/bin/../lib/gcc/arm-none-eabi/4.8.4/../../../../arm-none-eabi/lib/armv7-m\libm.a(lib_a-s_cos.o) (__kernel_sin)
c:/program files (x86)/atmel/atmel toolchain/arm gcc/native/4.8.1443/arm-gnu-toolchain/bin/../lib/gcc/arm-none-eabi/4.8.4/../../../../arm-none-eabi/lib/armv7-m\libm.a(lib_a-s_atan.o)
                              c:/program files (x86)/atmel/atmel toolchain/arm gcc/native/4.8.1443/arm-gnu-toolchain/bin/../lib/gcc/arm-none-eabi/4.8.4/../../../../arm-none-eabi/lib/armv7-m\libm.a(lib_a-e_atan2.o) (atan)
c:/program files (x86)/atmel/atmel toolchain/arm gcc/native/4.8.1443/arm-gnu-toolchain/bin/../lib/gcc/arm-none-eabi/4.8.4/../../../../arm-none-eabi/lib/armv7-m\libm.a(lib_a-s_fabs.o)
                              c:/program files (x86)/atmel/atmel toolchain/arm gcc/native/4.8.1443/arm-gnu-toolchain/bin/../lib/gcc/arm-none-eabi/4.8.4/../../../../arm-none-eabi/lib/armv7-m\libm.a(lib_a-e_atan2.o) (fabs)
c:/program files (x86)/atmel/atmel toolchain/arm gcc/native/4.8.1443/arm-gnu-toolchain/bin/../lib/gcc/arm-none-eabi/4.8.4/../../../../arm-none-eabi/lib/armv7-m\libm.a(lib_a-s_floor.o)
                              c:/program files (x86)/atmel/atmel toolchain/arm gcc/native/4.8.1443/arm-gnu-toolchain/bin/../lib/gcc/arm-none-eabi/4.8.4/../../../../arm-none-eabi/lib/armv7-m\libm.a(lib_a-k_rem_pio2.o) (floor)
c:/program files (x86)/atmel/atmel toolchain/arm gcc/native/4.8.1443/arm-gnu-toolchain/bin/../lib/gcc/arm-none-eabi/4.8.4/../../../../arm-none-eabi/lib/armv7-m\libm.a(lib_a-s_fpclassify.o)
[...]
Memory Configuration

Name             Origin             Length             Attributes
rom              0x00080000         0x00080000         xr
sram0            0x20000000         0x00010000         xrw
sram1            0x20080000         0x00008000         xrw
ram              0x20070000         0x00018000         xrw
*default*        0x00000000         0xffffffff

Linker script and memory map

LOAD c:/program files (x86)/atmel/atmel toolchain/arm gcc/native/4.8.1443/arm-gnu-toolchain/bin/../lib/gcc/arm-none-eabi/4.8.4/armv7-m/crti.o
LOAD c:/program files (x86)/atmel/atmel toolchain/arm gcc/native/4.8.1443/arm-gnu-toolchain/bin/../lib/gcc/arm-none-eabi/4.8.4/armv7-m/crtbegin.o
LOAD c:/program files (x86)/atmel/atmel toolchain/arm gcc/native/4.8.1443/arm-gnu-toolchain/bin/../lib/gcc/arm-none-eabi/4.8.4/../../../../arm-none-eabi/lib/armv7-m/crt0.o
LOAD src/ASF/common/services/serial/usart_serial.o
LOAD src/ASF/common/utils/stdio/read.o
LOAD src/ASF/common/utils/stdio/write.o
LOAD src/ASF/sam/drivers/uart/uart.o
LOAD src/ASF/sam/drivers/usart/usart.o
LOAD src/buttonInterrupt.o
LOAD src/distanceSensor.o
LOAD src/navigation.o
LOAD src/pulseCounterHandler.o
LOAD src/ASF/common/services/clock/sam3x/sysclk.o
LOAD src/ASF/common/services/delay/sam/cycle_counter.o
LOAD src/ASF/common/utils/interrupt/interrupt_sam_nvic.o
LOAD src/ASF/sam/boards/arduino_due_x/init.o
LOAD src/ASF/sam/drivers/pio/pio.o
LOAD src/ASF/sam/drivers/pio/pio_handler.o
LOAD src/ASF/sam/drivers/pmc/pmc.o
LOAD src/ASF/sam/drivers/pmc/sleep.o
LOAD src/ASF/sam/drivers/tc/tc.o
LOAD src/ASF/sam/utils/cmsis/sam3x/source/templates/exceptions.o
LOAD src/ASF/sam/utils/cmsis/sam3x/source/templates/gcc/startup_sam3x.o
LOAD src/ASF/sam/utils/cmsis/sam3x/source/templates/system_sam3x.o
LOAD src/ASF/sam/utils/syscalls/gcc/syscalls.o
LOAD src/motorFunc.o
LOAD src/main.o
START GROUP
LOAD ../src/ASF/thirdparty/CMSIS/Lib/GCC\libarm_cortexM3l_math.a
LOAD c:/program files (x86)/atmel/atmel toolchain/arm gcc/native/4.8.1443/arm-gnu-toolchain/bin/../lib/gcc/arm-none-eabi/4.8.4/../../../../arm-none-eabi/lib/armv7-m\libm.a
END GROUP
START GROUP
LOAD c:/program files (x86)/atmel/atmel toolchain/arm gcc/native/4.8.1443/arm-gnu-toolchain/bin/../lib/gcc/arm-none-eabi/4.8.4/armv7-m\libgcc.a
LOAD c:/program files (x86)/atmel/atmel toolchain/arm gcc/native/4.8.1443/arm-gnu-toolchain/bin/../lib/gcc/arm-none-eabi/4.8.4/../../../../arm-none-eabi/lib/armv7-m\libc.a
END GROUP
LOAD c:/program files (x86)/atmel/atmel toolchain/arm gcc/native/4.8.1443/arm-gnu-toolchain/bin/../lib/gcc/arm-none-eabi/4.8.4/armv7-m/crtend.o
LOAD c:/program files (x86)/atmel/atmel toolchain/arm gcc/native/4.8.1443/arm-gnu-toolchain/bin/../lib/gcc/arm-none-eabi/4.8.4/armv7-m/crtn.o
                0x00002000                __stack_size__ = DEFINED (__stack_size__)?__stack_size__:0x2000
                0x20087ffc                __ram_end__ = ((ORIGIN (ram) + 0x18000) - 0x4)

.text           0x00080000     0x2b1c
                0x00080000                . = ALIGN (0x4)
                0x00080000                _sfixed = .
 *(.vectors .vectors.*)
 .vectors       0x00080000       0xf4 src/ASF/sam/utils/cmsis/sam3x/source/templates/gcc/startup_sam3x.o
                0x00080000                exception_table
 *(.text .text.* .gnu.linkonce.t.*)
 .text          0x000800f4       0x54 c:/program files (x86)/atmel/atmel toolchain/arm gcc/native/4.8.1443/arm-gnu-toolchain/bin/../lib/gcc/arm-none-eabi/4.8.4/armv7-m/crtbegin.o
 .text.usart_set_async_baudrate
                0x00080148       0x64 src/ASF/sam/drivers/usart/usart.o
                0x00080148                usart_set_async_baudrate
 .text.usart_reset
                0x000801ac       0x28 src/ASF/sam/drivers/usart/usart.o
                0x000801ac                usart_reset
 .text.usart_init_rs232
                0x000801d4       0x54 src/ASF/sam/drivers/usart/usart.o
                0x000801d4                usart_init_rs232
 .text.usart_enable_tx
                0x00080228        0x8 src/ASF/sam/drivers/usart/usart.o
                0x00080228                usart_enable_tx
 .text.usart_enable_rx
                0x00080230        0x8 src/ASF/sam/drivers/usart/usart.o
                0x00080230                usart_enable_rx
 .text.usart_enable_interrupt
                0x00080238        0x4 src/ASF/sam/drivers/usart/usart.o
                0x00080238                usart_enable_interrupt
 .text.calcMidPos
                0x0008023c       0x24 src/navigation.o
                0x0008023c                calcMidPos
 .text.angleToPos
                0x00080260       0x6c src/navigation.o
                0x00080260                angleToPos
 *fill*         0x000802cc        0x4 
 .text.valuesCalc
                0x000802d0       0xa8 src/navigation.o
                0x000802d0                valuesCalc
 .text.distanceToPosition
                0x00080378       0xa4 src/navigation.o
                0x00080378                distanceToPosition
 .text.updateAngle
                0x0008041c       0x34 src/navigation.o
                0x0008041c                updateAngle
 .text.rotationChooser
                0x00080450       0x2c src/navigation.o
                0x00080450                rotationChooser
 *fill*         0x0008047c        0x4 
 .text.angleCheck
                0x00080480       0xe0 src/navigation.o
                0x00080480                angleCheck
 .text.pulseCounter_handlerA
                0x00080560       0x1c src/pulseCounterHandler.o
                0x00080560                pulseCounter_handlerA
 .text.pulseCounter_handlerB
                0x0008057c       0x1c src/pulseCounterHandler.o
                0x0008057c                pulseCounter_handlerB
 .text.pulseCounter_configA
                0x00080598       0x60 src/pulseCounterHandler.o
                0x00080598                pulseCounter_configA
 .text.pulseCounter_configB
                0x000805f8       0x60 src/pulseCounterHandler.o
                0x000805f8                pulseCounter_configB
 .text.sysclk_init
                0x00080658       0x64 src/ASF/common/services/clock/sam3x/sysclk.o
                0x00080658                sysclk_init
 .text.board_init
                0x000806bc       0x78 src/ASF/sam/boards/arduino_due_x/init.o
                0x000806bc                board_init
 .text.pio_set_peripheral
                0x00080734       0x40 src/ASF/sam/drivers/pio/pio.o
                0x00080734                pio_set_peripheral
 .text.pio_set_input
                0x00080774       0x34 src/ASF/sam/drivers/pio/pio.o
                0x00080774                pio_set_input
 .text.pio_set_output
                0x000807a8       0x28 src/ASF/sam/drivers/pio/pio.o
                0x000807a8                pio_set_output
 .text.pio_configure_interrupt
                0x000807d0       0x30 src/ASF/sam/drivers/pio/pio.o
                0x000807d0                pio_configure_interrupt
 .text.pio_enable_interrupt
                0x00080800        0x8 src/ASF/sam/drivers/pio/pio.o
                0x00080800                pio_enable_interrupt
 .text.pio_get_interrupt_status
                0x00080808        0x4 src/ASF/sam/drivers/pio/pio.o
                0x00080808                pio_get_interrupt_status
 .text.pio_get_interrupt_mask
                0x0008080c        0x4 src/ASF/sam/drivers/pio/pio.o
                0x0008080c                pio_get_interrupt_mask
 .text.pio_configure_pin
                0x00080810       0xd4 src/ASF/sam/drivers/pio/pio.o
                0x00080810                pio_configure_pin
 .text.pio_handler_process
                0x000808e4       0x58 src/ASF/sam/drivers/pio/pio_handler.o
                0x000808e4                pio_handler_process
 .text.pio_handler_set
                0x0008093c       0x3c src/ASF/sam/drivers/pio/pio_handler.o
                0x0008093c                pio_handler_set
 .text.PIOA_Handler
                0x00080978       0x14 src/ASF/sam/drivers/pio/pio_handler.o
                0x00080978                PIOA_Handler
 .text.PIOB_Handler
                0x0008098c       0x14 src/ASF/sam/drivers/pio/pio_handler.o
                0x0008098c                PIOB_Handler
 .text.PIOC_Handler
                0x000809a0       0x14 src/ASF/sam/drivers/pio/pio_handler.o
                0x000809a0                PIOC_Handler
 .text.PIOD_Handler
                0x000809b4       0x14 src/ASF/sam/drivers/pio/pio_handler.o
                0x000809b4                PIOD_Handler
 .text.pmc_switch_mck_to_pllack
                0x000809c8       0x64 src/ASF/sam/drivers/pmc/pmc.o
                0x000809c8                pmc_switch_mck_to_pllack
 .text.pmc_switch_mainck_to_xtal
                0x00080a2c       0x54 src/ASF/sam/drivers/pmc/pmc.o
                0x00080a2c                pmc_switch_mainck_to_xtal
 .text.pmc_osc_is_ready_mainck
                0x00080a80       0x10 src/ASF/sam/drivers/pmc/pmc.o
                0x00080a80                pmc_osc_is_ready_mainck
 .text.pmc_disable_pllack
                0x00080a90       0x10 src/ASF/sam/drivers/pmc/pmc.o
                0x00080a90                pmc_disable_pllack
 .text.pmc_is_locked_pllack
                0x00080aa0       0x10 src/ASF/sam/drivers/pmc/pmc.o
                0x00080aa0                pmc_is_locked_pllack
 .text.pmc_enable_periph_clk
                0x00080ab0       0x58 src/ASF/sam/drivers/pmc/pmc.o
                0x00080ab0                pmc_enable_periph_clk
 .text.pmc_set_writeprotect
                0x00080b08       0x24 src/ASF/sam/drivers/pmc/pmc.o
                0x00080b08                pmc_set_writeprotect
 .text.Dummy_Handler
                0x00080b2c        0x4 src/ASF/sam/utils/cmsis/sam3x/source/templates/exceptions.o
                0x00080b2c                DACC_Handler
                0x00080b2c                DebugMon_Handler
                0x00080b2c                DMAC_Handler
                0x00080b2c                TRNG_Handler
                0x00080b2c                HardFault_Handler
                0x00080b2c                TC2_Handler
                0x00080b2c                SysTick_Handler
                0x00080b2c                USART3_Handler
                0x00080b2c                TWI1_Handler
                0x00080b2c                PendSV_Handler
                0x00080b2c                NMI_Handler
                0x00080b2c                TC7_Handler
                0x00080b2c                ADC_Handler
                0x00080b2c                SMC_Handler
                0x00080b2c                USART0_Handler
                0x00080b2c                RTT_Handler
                0x00080b2c                EFC1_Handler
                0x00080b2c                RTC_Handler
                0x00080b2c                UsageFault_Handler
                0x00080b2c                TC6_Handler
                0x00080b2c                WDT_Handler
                0x00080b2c                CAN0_Handler
                0x00080b2c                TC4_Handler
                0x00080b2c                TC1_Handler
                0x00080b2c                HSMCI_Handler
                0x00080b2c                TC3_Handler
                0x00080b2c                Dummy_Handler
                0x00080b2c                TWI0_Handler
                0x00080b2c                SSC_Handler
                0x00080b2c                EFC0_Handler
                0x00080b2c                PMC_Handler
                0x00080b2c                PWM_Handler
                0x00080b2c                CAN1_Handler
                0x00080b2c                MemManage_Handler
                0x00080b2c                SUPC_Handler
                0x00080b2c                SVC_Handler
                0x00080b2c                TC8_Handler
                0x00080b2c                USART2_Handler
                0x00080b2c                EMAC_Handler
                0x00080b2c                UART_Handler
                0x00080b2c                BusFault_Handler
                0x00080b2c                RSTC_Handler
                0x00080b2c                TC0_Handler
                0x00080b2c                TC5_Handler
                0x00080b2c                UOTGHS_Handler
                0x00080b2c                SPI0_Handler
 .text.Reset_Handler
                0x00080b30       0xb0 src/ASF/sam/utils/cmsis/sam3x/source/templates/gcc/startup_sam3x.o
                0x00080b30                Reset_Handler
 .text.SystemCoreClockUpdate
                0x00080be0      0x11c src/ASF/sam/utils/cmsis/sam3x/source/templates/system_sam3x.o
                0x00080be0                SystemCoreClockUpdate
 *fill*         0x00080cfc        0x4 
 .text.pulse    0x00080d00       0x50 src/motorFunc.o
                0x00080d00                pulse
 .text.stop     0x00080d50       0x2c src/motorFunc.o
                0x00080d50                stop
 *fill*         0x00080d7c        0x4 
 .text.rotateRightByDegrees
                0x00080d80       0xa0 src/motorFunc.o
                0x00080d80                rotateRightByDegrees
 .text.rotateRight
                0x00080e20       0x24 src/motorFunc.o
                0x00080e20                rotateRight
 *fill*         0x00080e44        0x4 
 .text.rotateLeftByDegrees
                0x00080e48       0xa0 src/motorFunc.o
                0x00080e48                rotateLeftByDegrees
 .text.rotateLeft
                0x00080ee8       0x24 src/motorFunc.o
                0x00080ee8                rotateLeft
 .text.wheelControl
                0x00080f0c       0x80 src/motorFunc.o
                0x00080f0c                wheelControl
 .text.USART1_Handler
                0x00080f8c       0x34 src/main.o
                0x00080f8c                USART1_Handler
 .text.stringToInt
                0x00080fc0       0x40 src/main.o
                0x00080fc0                stringToInt
 .text.x_coordinate
                0x00081000       0x40 src/main.o
                0x00081000                x_coordinate
 .text.y_coordinate
                0x00081040       0x40 src/main.o
                0x00081040                y_coordinate
 .text.main     0x00081080      0x1ec src/main.o
                0x00081080                main
 .text.atan2    0x0008126c        0x4 c:/program files (x86)/atmel/atmel toolchain/arm gcc/native/4.8.1443/arm-gnu-toolchain/bin/../lib/gcc/arm-none-eabi/4.8.4/../../../../arm-none-eabi/lib/armv7-m\libm.a(lib_a-w_atan2.o)
                0x0008126c                atan2
 .text.sqrt     0x00081270       0xac c:/program files (x86)/atmel/atmel toolchain/arm gcc/native/4.8.1443/arm-gnu-toolchain/bin/../lib/gcc/arm-none-eabi/4.8.4/../../../../arm-none-eabi/lib/armv7-m\libm.a(lib_a-w_sqrt.o)
                0x00081270                sqrt
 *fill*         0x0008131c        0x4 
 .text.__ieee754_atan2
                0x00081320      0x1f0 c:/program files (x86)/atmel/atmel toolchain/arm gcc/native/4.8.1443/arm-gnu-toolchain/bin/../lib/gcc/arm-none-eabi/4.8.4/../../../../arm-none-eabi/lib/armv7-m\libm.a(lib_a-e_atan2.o)
                0x00081320                __ieee754_atan2
 .text.__ieee754_sqrt
                0x00081510      0x180 c:/program files (x86)/atmel/atmel toolchain/arm gcc/native/4.8.1443/arm-gnu-toolchain/bin/../lib/gcc/arm-none-eabi/4.8.4/../../../../arm-none-eabi/lib/armv7-m\libm.a(lib_a-e_sqrt.o)
                0x00081510                __ieee754_sqrt
 .text.atan     0x00081690      0x350 c:/program files (x86)/atmel/atmel toolchain/arm gcc/native/4.8.1443/arm-gnu-toolchain/bin/../lib/gcc/arm-none-eabi/4.8.4/../../../../arm-none-eabi/lib/armv7-m\libm.a(lib_a-s_atan.o)
                0x00081690                atan
 .text.fabs     0x000819e0        0x8 c:/program files (x86)/atmel/atmel toolchain/arm gcc/native/4.8.1443/arm-gnu-toolchain/bin/../lib/gcc/arm-none-eabi/4.8.4/../../../../arm-none-eabi/lib/armv7-m\libm.a(lib_a-s_fabs.o)
                0x000819e0                fabs
 .text.__fpclassifyd
                0x000819e8       0x50 c:/program files (x86)/atmel/atmel toolchain/arm gcc/native/4.8.1443/arm-gnu-toolchain/bin/../lib/gcc/arm-none-eabi/4.8.4/../../../../arm-none-eabi/lib/armv7-m\libm.a(lib_a-s_fpclassify.o)
                0x000819e8                __fpclassifyd
 .text.matherr  0x00081a38        0x4 c:/program files (x86)/atmel/atmel toolchain/arm gcc/native/4.8.1443/arm-gnu-toolchain/bin/../lib/gcc/arm-none-eabi/4.8.4/../../../../arm-none-eabi/lib/armv7-m\libm.a(lib_a-s_matherr.o)
                0x00081a38                matherr
 .text          0x00081a3c      0x370 c:/program files (x86)/atmel/atmel toolchain/arm gcc/native/4.8.1443/arm-gnu-toolchain/bin/../lib/gcc/arm-none-eabi/4.8.4/armv7-m\libgcc.a(_arm_addsubdf3.o)
                0x00081a3c                __aeabi_drsub
                0x00081a44                __aeabi_dsub
                0x00081a44                __subdf3
                0x00081a48                __aeabi_dadd
                0x00081a48                __adddf3
                0x00081cc0                __floatunsidf
                0x00081cc0                __aeabi_ui2d
                0x00081ce0                __floatsidf
                0x00081ce0                __aeabi_i2d
                0x00081d04                __aeabi_f2d
                0x00081d04                __extendsfdf2
                0x00081d40                __floatundidf
                0x00081d40                __aeabi_ul2d
                0x00081d50                __floatdidf
                0x00081d50                __aeabi_l2d
 .text          0x00081dac      0x424 c:/program files (x86)/atmel/atmel toolchain/arm gcc/native/4.8.1443/arm-gnu-toolchain/bin/../lib/gcc/arm-none-eabi/4.8.4/armv7-m\libgcc.a(_arm_muldivdf3.o)
                0x00081dac                __aeabi_dmul
                0x00081dac                __muldf3
                0x00082000                __divdf3
                0x00082000                __aeabi_ddiv
 .text          0x000821d0      0x110 c:/program files (x86)/atmel/atmel toolchain/arm gcc/native/4.8.1443/arm-gnu-toolchain/bin/../lib/gcc/arm-none-eabi/4.8.4/armv7-m\libgcc.a(_arm_cmpdf2.o)
                0x000821d0                __gtdf2
                0x000821d0                __gedf2
                0x000821d8                __ltdf2
                0x000821d8                __ledf2
                0x000821e0                __nedf2
                0x000821e0                __eqdf2
                0x000821e0                __cmpdf2
                0x0008225c                __aeabi_cdrcmple
                0x0008226c                __aeabi_cdcmpeq
                0x0008226c                __aeabi_cdcmple
                0x0008227c                __aeabi_dcmpeq
                0x00082290                __aeabi_dcmplt
                0x000822a4                __aeabi_dcmple
                0x000822b8                __aeabi_dcmpge
                0x000822cc                __aeabi_dcmpgt
 .text          0x000822e0       0x50 c:/program files (x86)/atmel/atmel toolchain/arm gcc/native/4.8.1443/arm-gnu-toolchain/bin/../lib/gcc/arm-none-eabi/4.8.4/armv7-m\libgcc.a(_arm_fixdfsi.o)
                0x000822e0                __aeabi_d2iz
                0x000822e0                __fixdfsi
 .text          0x00082330       0x40 c:/program files (x86)/atmel/atmel toolchain/arm gcc/native/4.8.1443/arm-gnu-toolchain/bin/../lib/gcc/arm-none-eabi/4.8.4/armv7-m\libgcc.a(_arm_fixunsdfsi.o)
                0x00082330                __aeabi_d2uiz
                0x00082330                __fixunsdfsi
 .text          0x00082370       0x2c c:/program files (x86)/atmel/atmel toolchain/arm gcc/native/4.8.1443/arm-gnu-toolchain/bin/../lib/gcc/arm-none-eabi/4.8.4/armv7-m\libgcc.a(_aeabi_uldivmod.o)
                0x00082370                __aeabi_uldivmod
 .text          0x0008239c       0x60 c:/program files (x86)/atmel/atmel toolchain/arm gcc/native/4.8.1443/arm-gnu-toolchain/bin/../lib/gcc/arm-none-eabi/4.8.4/armv7-m\libgcc.a(bpabi.o)
                0x0008239c                __gnu_ldivmod_helper
                0x000823cc                __gnu_uldivmod_helper
 .text          0x000823fc        0x4 c:/program files (x86)/atmel/atmel toolchain/arm gcc/native/4.8.1443/arm-gnu-toolchain/bin/../lib/gcc/arm-none-eabi/4.8.4/armv7-m\libgcc.a(_dvmd_tls.o)
                0x000823fc                __aeabi_idiv0
                0x000823fc                __aeabi_ldiv0
 .text          0x00082400      0x2a0 c:/program files (x86)/atmel/atmel toolchain/arm gcc/native/4.8.1443/arm-gnu-toolchain/bin/../lib/gcc/arm-none-eabi/4.8.4/armv7-m\libgcc.a(_divdi3.o)
                0x00082400                __divdi3
 .text          0x000826a0      0x290 c:/program files (x86)/atmel/atmel toolchain/arm gcc/native/4.8.1443/arm-gnu-toolchain/bin/../lib/gcc/arm-none-eabi/4.8.4/armv7-m\libgcc.a(_udivdi3.o)
                0x000826a0                __udivdi3
 .text.__errno  0x00082930        0xc c:/program files (x86)/atmel/atmel toolchain/arm gcc/native/4.8.1443/arm-gnu-toolchain/bin/../lib/gcc/arm-none-eabi/4.8.4/../../../../arm-none-eabi/lib/armv7-m\libc.a(lib_a-errno.o)
                0x00082930                __errno
 .text.__libc_init_array
                0x0008293c       0x50 c:/program files (x86)/atmel/atmel toolchain/arm gcc/native/4.8.1443/arm-gnu-toolchain/bin/../lib/gcc/arm-none-eabi/4.8.4/../../../../arm-none-eabi/lib/armv7-m\libc.a(lib_a-init.o)
                0x0008293c                __libc_init_array
 .text.startup.register_fini
                0x0008298c       0x14 c:/program files (x86)/atmel/atmel toolchain/arm gcc/native/4.8.1443/arm-gnu-toolchain/bin/../lib/gcc/arm-none-eabi/4.8.4/../../../../arm-none-eabi/lib/armv7-m\libc.a(lib_a-__call_atexit.o)
 .text.atexit   0x000829a0        0xc c:/program files (x86)/atmel/atmel toolchain/arm gcc/native/4.8.1443/arm-gnu-toolchain/bin/../lib/gcc/arm-none-eabi/4.8.4/../../../../arm-none-eabi/lib/armv7-m\libc.a(lib_a-atexit.o)
                0x000829a0                atexit
 .text.__libc_fini_array
                0x000829ac       0x30 c:/program files (x86)/atmel/atmel toolchain/arm gcc/native/4.8.1443/arm-gnu-toolchain/bin/../lib/gcc/arm-none-eabi/4.8.4/../../../../arm-none-eabi/lib/armv7-m\libc.a(lib_a-fini.o)
                0x000829ac                __libc_fini_array
 .text.__register_exitproc
                0x000829dc       0xa8 c:/program files (x86)/atmel/atmel toolchain/arm gcc/native/4.8.1443/arm-gnu-toolchain/bin/../lib/gcc/arm-none-eabi/4.8.4/../../../../arm-none-eabi/lib/armv7-m\libc.a(lib_a-__atexit.o)
                0x000829dc                __register_exitproc
 *(.glue_7t)
 .glue_7t       0x00000000        0x0 linker stubs
 *(.glue_7)
 .glue_7        0x00000000        0x0 linker stubs
 *(.rodata .rodata* .gnu.linkonce.r.*)
 .rodata.str1.4
                0x00082a84       0x21 src/navigation.o
                                 0x24 (size before relaxing)
 *fill*         0x00082aa5        0x3 
 .rodata.str1.4
                0x00082aa8        0x5 c:/program files (x86)/atmel/atmel toolchain/arm gcc/native/4.8.1443/arm-gnu-toolchain/bin/../lib/gcc/arm-none-eabi/4.8.4/../../../../arm-none-eabi/lib/armv7-m\libm.a(lib_a-w_sqrt.o)
                                  0x8 (size before relaxing)
 *fill*         0x00082aad        0x3 
 .rodata.atanlo
                0x00082ab0       0x20 c:/program files (x86)/atmel/atmel toolchain/arm gcc/native/4.8.1443/arm-gnu-toolchain/bin/../lib/gcc/arm-none-eabi/4.8.4/../../../../arm-none-eabi/lib/armv7-m\libm.a(lib_a-s_atan.o)
 .rodata.atanhi
                0x00082ad0       0x20 c:/program files (x86)/atmel/atmel toolchain/arm gcc/native/4.8.1443/arm-gnu-toolchain/bin/../lib/gcc/arm-none-eabi/4.8.4/../../../../arm-none-eabi/lib/armv7-m\libm.a(lib_a-s_atan.o)
 .rodata.str1.4
                0x00082af0        0x4 c:/program files (x86)/atmel/atmel toolchain/arm gcc/native/4.8.1443/arm-gnu-toolchain/bin/../lib/gcc/arm-none-eabi/4.8.4/../../../../arm-none-eabi/lib/armv7-m\libc.a(lib_a-impure.o)
 .rodata._global_impure_ptr
                0x00082af4        0x4 c:/program files (x86)/atmel/atmel toolchain/arm gcc/native/4.8.1443/arm-gnu-toolchain/bin/../lib/gcc/arm-none-eabi/4.8.4/../../../../arm-none-eabi/lib/armv7-m\libc.a(lib_a-impure.o)
                0x00082af4                _global_impure_ptr
 *(.ARM.extab* .gnu.linkonce.armextab.*)
                0x00082af8                . = ALIGN (0x4)
 *(.init)
 .init          0x00082af8        0x4 c:/program files (x86)/atmel/atmel toolchain/arm gcc/native/4.8.1443/arm-gnu-toolchain/bin/../lib/gcc/arm-none-eabi/4.8.4/armv7-m/crti.o
                0x00082af8                _init
 .init          0x00082afc        0x8 c:/program files (x86)/atmel/atmel toolchain/arm gcc/native/4.8.1443/arm-gnu-toolchain/bin/../lib/gcc/arm-none-eabi/4.8.4/armv7-m/crtn.o
                0x00082b04                . = ALIGN (0x4)
                0x00082b04                __preinit_array_start = .
 *(.preinit_array)
                0x00082b04                __preinit_array_end = .
                0x00082b04                . = ALIGN (0x4)
                0x00082b04                __init_array_start = .
 *(SORT(.init_array.*))
 .init_array.00000
                0x00082b04        0x4 c:/program files (x86)/atmel/atmel toolchain/arm gcc/native/4.8.1443/arm-gnu-toolchain/bin/../lib/gcc/arm-none-eabi/4.8.4/../../../../arm-none-eabi/lib/armv7-m\libc.a(lib_a-__call_atexit.o)
 *(.init_array)
 .init_array    0x00082b08        0x4 c:/program files (x86)/atmel/atmel toolchain/arm gcc/native/4.8.1443/arm-gnu-toolchain/bin/../lib/gcc/arm-none-eabi/4.8.4/armv7-m/crtbegin.o
                0x00082b0c                __init_array_end = .
                0x00082b0c                . = ALIGN (0x4)
 *crtbegin.o(.ctors)
 *(EXCLUDE_FILE(*crtend.o) .ctors)
 *(SORT(.ctors.*))
 *crtend.o(.ctors)
                0x00082b0c                . = ALIGN (0x4)
 *(.fini)
 .fini          0x00082b0c        0x4 c:/program files (x86)/atmel/atmel toolchain/arm gcc/native/4.8.1443/arm-gnu-toolchain/bin/../lib/gcc/arm-none-eabi/4.8.4/armv7-m/crti.o
                0x00082b0c                _fini
 .fini          0x00082b10        0x8 c:/program files (x86)/atmel/atmel toolchain/arm gcc/native/4.8.1443/arm-gnu-toolchain/bin/../lib/gcc/arm-none-eabi/4.8.4/armv7-m/crtn.o
                0x00082b18                . = ALIGN (0x4)
                0x00082b18                __fini_array_start = .
 *(.fini_array)
 .fini_array    0x00082b18        0x4 c:/program files (x86)/atmel/atmel toolchain/arm gcc/native/4.8.1443/arm-gnu-toolchain/bin/../lib/gcc/arm-none-eabi/4.8.4/armv7-m/crtbegin.o
 *(SORT(.fini_array.*))
                0x00082b1c                __fini_array_end = .
 *crtbegin.o(.dtors)
 *(EXCLUDE_FILE(*crtend.o) .dtors)
 *(SORT(.dtors.*))
 *crtend.o(.dtors)
                0x00082b1c                . = ALIGN (0x4)
                0x00082b1c                _efixed = .
                0x00082b1c                PROVIDE (__exidx_start, .)

.vfp11_veneer   0x00082b1c        0x0
 .vfp11_veneer  0x00000000        0x0 linker stubs

.v4_bx          0x00082b1c        0x0
 .v4_bx         0x00000000        0x0 linker stubs

.iplt           0x00082b1c        0x0
 .iplt          0x00000000        0x0 c:/program files (x86)/atmel/atmel toolchain/arm gcc/native/4.8.1443/arm-gnu-toolchain/bin/../lib/gcc/arm-none-eabi/4.8.4/armv7-m/crtbegin.o

.ARM.exidx      0x00082b1c        0x8
 *(.ARM.exidx* .gnu.linkonce.armexidx.*)
 .ARM.exidx     0x00082b1c        0x8 c:/program files (x86)/atmel/atmel toolchain/arm gcc/native/4.8.1443/arm-gnu-toolchain/bin/../lib/gcc/arm-none-eabi/4.8.4/armv7-m\libgcc.a(_divdi3.o)
 .ARM.exidx     0x00082b24        0x0 c:/program files (x86)/atmel/atmel toolchain/arm gcc/native/4.8.1443/arm-gnu-toolchain/bin/../lib/gcc/arm-none-eabi/4.8.4/armv7-m\libgcc.a(_udivdi3.o)
                                  0x8 (size before relaxing)
                0x00082b24                PROVIDE (__exidx_end, .)

.eh_frame       0x00082b24        0x0
 .eh_frame      0x00082b24        0x0 c:/program files (x86)/atmel/atmel toolchain/arm gcc/native/4.8.1443/arm-gnu-toolchain/bin/../lib/gcc/arm-none-eabi/4.8.4/armv7-m/crtbegin.o

.rel.dyn        0x00082b24        0x0
 .rel.iplt      0x00000000        0x0 c:/program files (x86)/atmel/atmel toolchain/arm gcc/native/4.8.1443/arm-gnu-toolchain/bin/../lib/gcc/arm-none-eabi/4.8.4/armv7-m/crtbegin.o

.jcr            0x00082b24        0x0
 .jcr           0x00082b24        0x0 c:/program files (x86)/atmel/atmel toolchain/arm gcc/native/4.8.1443/arm-gnu-toolchain/bin/../lib/gcc/arm-none-eabi/4.8.4/armv7-m/crtbegin.o

.igot.plt       0x00082b24        0x0
 .igot.plt      0x00000000        0x0 c:/program files (x86)/atmel/atmel toolchain/arm gcc/native/4.8.1443/arm-gnu-toolchain/bin/../lib/gcc/arm-none-eabi/4.8.4/armv7-m/crtbegin.o
                0x00082b24                . = ALIGN (0x4)
                0x00082b24                _etext = .

.relocate       0x20070000      0x5a4 load address 0x00082b24
                0x20070000                . = ALIGN (0x4)
                0x20070000                _srelocate = .
 *(.ramfunc .ramfunc.*)
 .ramfunc       0x20070000        0xc src/ASF/common/services/delay/sam/cycle_counter.o
                0x20070000                portable_delay_cycles
 .ramfunc       0x2007000c      0x12c src/ASF/sam/utils/cmsis/sam3x/source/templates/system_sam3x.o
                0x2007000c                SystemInit
                0x200700b0                system_init_flash
 *(.data .data.*)
 .data.currentAngle
                0x20070138        0x4 src/navigation.o
                0x20070138                currentAngle
 .data.objects  0x2007013c       0x20 src/navigation.o
                0x2007013c                objects
 .data.SystemCoreClock
                0x2007015c        0x4 src/ASF/sam/utils/cmsis/sam3x/source/templates/system_sam3x.o
                0x2007015c                SystemCoreClock
 .data.bSL      0x20070160        0x2 src/motorFunc.o
                0x20070160                bSL
 *fill*         0x20070162        0x6 
 .data.kP       0x20070168        0x8 src/motorFunc.o
                0x20070168                kP
 .data.bS       0x20070170        0x2 src/motorFunc.o
                0x20070170                bS
 .data.__fdlib_version
                0x20070172        0x1 c:/program files (x86)/atmel/atmel toolchain/arm gcc/native/4.8.1443/arm-gnu-toolchain/bin/../lib/gcc/arm-none-eabi/4.8.4/../../../../arm-none-eabi/lib/armv7-m\libm.a(lib_a-s_lib_ver.o)
                0x20070172                __fdlib_version
 *fill*         0x20070173        0x5 
 .data.impure_data
                0x20070178      0x428 c:/program files (x86)/atmel/atmel toolchain/arm gcc/native/4.8.1443/arm-gnu-toolchain/bin/../lib/gcc/arm-none-eabi/4.8.4/../../../../arm-none-eabi/lib/armv7-m\libc.a(lib_a-impure.o)
 .data._impure_ptr
                0x200705a0        0x4 c:/program files (x86)/atmel/atmel toolchain/arm gcc/native/4.8.1443/arm-gnu-toolchain/bin/../lib/gcc/arm-none-eabi/4.8.4/../../../../arm-none-eabi/lib/armv7-m\libc.a(lib_a-impure.o)
                0x200705a0                _impure_ptr
                0x200705a4                . = ALIGN (0x4)
                0x200705a4                _erelocate = .

.bss            0x200705a8       0xf4 load address 0x000830d0
                0x200705a8                . = ALIGN (0x4)
                0x200705a8                _sbss = .
                0x200705a8                _szero = .
 *(.bss .bss.*)
 .bss           0x200705a8       0x1c c:/program files (x86)/atmel/atmel toolchain/arm gcc/native/4.8.1443/arm-gnu-toolchain/bin/../lib/gcc/arm-none-eabi/4.8.4/armv7-m/crtbegin.o
 .bss.ul_reg_val.7190
                0x200705c4        0x4 src/ASF/sam/drivers/usart/usart.o
 .bss.y1_pos    0x200705c8        0x2 src/navigation.o
                0x200705c8                y1_pos
 .bss.mid_x     0x200705ca        0x2 src/navigation.o
 .bss.mid_y     0x200705cc        0x2 src/navigation.o
 .bss.x1_pos    0x200705ce        0x2 src/navigation.o
                0x200705ce                x1_pos
 .bss.counterA  0x200705d0        0x4 src/pulseCounterHandler.o
                0x200705d0                counterA
 .bss.counterB  0x200705d4        0x4 src/pulseCounterHandler.o
                0x200705d4                counterB
 .bss.gs_ul_nb_sources
                0x200705d8        0x4 src/ASF/sam/drivers/pio/pio_handler.o
 .bss.gs_interrupt_sources
                0x200705dc       0x70 src/ASF/sam/drivers/pio/pio_handler.o
 .bss.c_counter
                0x2007064c        0x1 src/main.o
                0x2007064c                c_counter
 *(COMMON)
 *fill*         0x2007064d        0x3 
 COMMON         0x20070650       0x3c src/navigation.o
                0x20070650                deltaY
                0x20070654                last_y
                0x20070656                temp
                0x20070658                distanceLeft
                0x20070660                angle
                0x20070664                data
                0x2007066c                last_x
                0x20070670                angleRad
                0x20070678                objectAngle
                0x2007067c                deltaX
                0x20070680                angleTemp
                0x20070684                platformAngle
                0x20070688                angleVal
 COMMON         0x2007068c       0x10 src/main.o
                0x2007068c                rx
                0x2007069c                . = ALIGN (0x4)
                0x2007069c                _ebss = .
                0x2007069c                _ezero = .

.stack          0x2007069c     0x2004 load address 0x000831c4
                0x200706a0                . = ALIGN (0x8)
 *fill*         0x2007069c        0x4 
                0x200706a0                _sstack = .
                0x200726a0                . = (. + __stack_size__)
 *fill*         0x200706a0     0x2000 
                0x200726a0                . = ALIGN (0x8)
                0x200726a0                _estack = .
                0x200726a0                . = ALIGN (0x4)
                0x200726a0                _end = .
OUTPUT(Movement_externNav.elf elf32-littlearm)

.ARM.attributes
                0x00000000       0x29
 .ARM.attributes
                0x00000000       0x1d c:/program files (x86)/atmel/atmel toolchain/arm gcc/native/4.8.1443/arm-gnu-toolchain/bin/../lib/gcc/arm-none-eabi/4.8.4/armv7-m/crti.o
 .ARM.attributes
                0x0000001d       0x2d c:/program files (x86)/atmel/atmel toolchain/arm gcc/native/4.8.1443/arm-gnu-toolchain/bin/../lib/gcc/arm-none-eabi/4.8.4/armv7-m/crtbegin.o
 .ARM.attributes
                0x0000004a       0x33 src/ASF/sam/drivers/usart/usart.o
 .ARM.attributes
                0x0000007d       0x33 src/navigation.o
 .ARM.attributes
                0x000000b0       0x33 src/pulseCounterHandler.o
 .ARM.attributes
                0x000000e3       0x33 src/ASF/common/services/clock/sam3x/sysclk.o
 .ARM.attributes
                0x00000116       0x33 src/ASF/common/services/delay/sam/cycle_counter.o
 .ARM.attributes
                0x00000149       0x33 src/ASF/sam/boards/arduino_due_x/init.o
 .ARM.attributes
                0x0000017c       0x33 src/ASF/sam/drivers/pio/pio.o
 .ARM.attributes
                0x000001af       0x33 src/ASF/sam/drivers/pio/pio_handler.o
 .ARM.attributes
                0x000001e2       0x33 src/ASF/sam/drivers/pmc/pmc.o
 .ARM.attributes
                0x00000215       0x33 src/ASF/sam/utils/cmsis/sam3x/source/templates/exceptions.o
 .ARM.attributes
                0x00000248       0x33 src/ASF/sam/utils/cmsis/sam3x/source/templates/gcc/startup_sam3x.o
 .ARM.attributes
                0x0000027b       0x33 src/ASF/sam/utils/cmsis/sam3x/source/templates/system_sam3x.o
 .ARM.attributes
                0x000002ae       0x33 src/motorFunc.o
 .ARM.attributes
                0x000002e1       0x33 src/main.o
 .ARM.attributes
                0x00000314       0x2d c:/program files (x86)/atmel/atmel toolchain/arm gcc/native/4.8.1443/arm-gnu-toolchain/bin/../lib/gcc/arm-none-eabi/4.8.4/../../../../arm-none-eabi/lib/armv7-m\libm.a(lib_a-w_atan2.o)
 .ARM.attributes
                0x00000341       0x2d c:/program files (x86)/atmel/atmel toolchain/arm gcc/native/4.8.1443/arm-gnu-toolchain/bin/../lib/gcc/arm-none-eabi/4.8.4/../../../../arm-none-eabi/lib/armv7-m\libm.a(lib_a-w_sqrt.o)
 .ARM.attributes
                0x0000036e       0x2d c:/program files (x86)/atmel/atmel toolchain/arm gcc/native/4.8.1443/arm-gnu-toolchain/bin/../lib/gcc/arm-none-eabi/4.8.4/../../../../arm-none-eabi/lib/armv7-m\libm.a(lib_a-e_atan2.o)
 .ARM.attributes
                0x0000039b       0x2d c:/program files (x86)/atmel/atmel toolchain/arm gcc/native/4.8.1443/arm-gnu-toolchain/bin/../lib/gcc/arm-none-eabi/4.8.4/../../../../arm-none-eabi/lib/armv7-m\libm.a(lib_a-e_sqrt.o)
 .ARM.attributes
                0x000003c8       0x2d c:/program files (x86)/atmel/atmel toolchain/arm gcc/native/4.8.1443/arm-gnu-toolchain/bin/../lib/gcc/arm-none-eabi/4.8.4/../../../../arm-none-eabi/lib/armv7-m\libm.a(lib_a-s_atan.o)
 .ARM.attributes
                0x000003f5       0x2d c:/program files (x86)/atmel/atmel toolchain/arm gcc/native/4.8.1443/arm-gnu-toolchain/bin/../lib/gcc/arm-none-eabi/4.8.4/../../../../arm-none-eabi/lib/armv7-m\libm.a(lib_a-s_fabs.o)
 .ARM.attributes
                0x00000422       0x2d c:/program files (x86)/atmel/atmel toolchain/arm gcc/native/4.8.1443/arm-gnu-toolchain/bin/../lib/gcc/arm-none-eabi/4.8.4/../../../../arm-none-eabi/lib/armv7-m\libm.a(lib_a-s_fpclassify.o)
 .ARM.attributes
                0x0000044f       0x2d c:/program files (x86)/atmel/atmel toolchain/arm gcc/native/4.8.1443/arm-gnu-toolchain/bin/../lib/gcc/arm-none-eabi/4.8.4/../../../../arm-none-eabi/lib/armv7-m\libm.a(lib_a-s_lib_ver.o)
 .ARM.attributes
                0x0000047c       0x2d c:/program files (x86)/atmel/atmel toolchain/arm gcc/native/4.8.1443/arm-gnu-toolchain/bin/../lib/gcc/arm-none-eabi/4.8.4/../../../../arm-none-eabi/lib/armv7-m\libm.a(lib_a-s_matherr.o)
 .ARM.attributes
                0x000004a9       0x1d c:/program files (x86)/atmel/atmel toolchain/arm gcc/native/4.8.1443/arm-gnu-toolchain/bin/../lib/gcc/arm-none-eabi/4.8.4/armv7-m\libgcc.a(_arm_addsubdf3.o)
 .ARM.attributes
                0x000004c6       0x1d c:/program files (x86)/atmel/atmel toolchain/arm gcc/native/4.8.1443/arm-gnu-toolchain/bin/../lib/gcc/arm-none-eabi/4.8.4/armv7-m\libgcc.a(_arm_muldivdf3.o)
 .ARM.attributes
                0x000004e3       0x1d c:/program files (x86)/atmel/atmel toolchain/arm gcc/native/4.8.1443/arm-gnu-toolchain/bin/../lib/gcc/arm-none-eabi/4.8.4/armv7-m\libgcc.a(_arm_cmpdf2.o)
 .ARM.attributes
                0x00000500       0x1d c:/program files (x86)/atmel/atmel toolchain/arm gcc/native/4.8.1443/arm-gnu-toolchain/bin/../lib/gcc/arm-none-eabi/4.8.4/armv7-m\libgcc.a(_arm_fixdfsi.o)
 .ARM.attributes
                0x0000051d       0x1d c:/program files (x86)/atmel/atmel toolchain/arm gcc/native/4.8.1443/arm-gnu-toolchain/bin/../lib/gcc/arm-none-eabi/4.8.4/armv7-m\libgcc.a(_arm_fixunsdfsi.o)
 .ARM.attributes
                0x0000053a       0x1d c:/program files (x86)/atmel/atmel toolchain/arm gcc/native/4.8.1443/arm-gnu-toolchain/bin/../lib/gcc/arm-none-eabi/4.8.4/armv7-m\libgcc.a(_aeabi_uldivmod.o)
 .ARM.attributes
                0x00000557       0x2d c:/program files (x86)/atmel/atmel toolchain/arm gcc/native/4.8.1443/arm-gnu-toolchain/bin/../lib/gcc/arm-none-eabi/4.8.4/armv7-m\libgcc.a(bpabi.o)
 .ARM.attributes
                0x00000584       0x1d c:/program files (x86)/atmel/atmel toolchain/arm gcc/native/4.8.1443/arm-gnu-toolchain/bin/../lib/gcc/arm-none-eabi/4.8.4/armv7-m\libgcc.a(_dvmd_tls.o)
 .ARM.attributes
                0x000005a1       0x2d c:/program files (x86)/atmel/atmel toolchain/arm gcc/native/4.8.1443/arm-gnu-toolchain/bin/../lib/gcc/arm-none-eabi/4.8.4/armv7-m\libgcc.a(_divdi3.o)
 .ARM.attributes
                0x000005ce       0x2d c:/program files (x86)/atmel/atmel toolchain/arm gcc/native/4.8.1443/arm-gnu-toolchain/bin/../lib/gcc/arm-none-eabi/4.8.4/armv7-m\libgcc.a(_udivdi3.o)
 .ARM.attributes
                0x000005fb       0x2d c:/program files (x86)/atmel/atmel toolchain/arm gcc/native/4.8.1443/arm-gnu-toolchain/bin/../lib/gcc/arm-none-eabi/4.8.4/../../../../arm-none-eabi/lib/armv7-m\libc.a(lib_a-errno.o)
 .ARM.attributes
                0x00000628       0x2d c:/program files (x86)/atmel/atmel toolchain/arm gcc/native/4.8.1443/arm-gnu-toolchain/bin/../lib/gcc/arm-none-eabi/4.8.4/../../../../arm-none-eabi/lib/armv7-m\libc.a(lib_a-impure.o)
 .ARM.attributes
                0x00000655       0x2d c:/program files (x86)/atmel/atmel toolchain/arm gcc/native/4.8.1443/arm-gnu-toolchain/bin/../lib/gcc/arm-none-eabi/4.8.4/../../../../arm-none-eabi/lib/armv7-m\libc.a(lib_a-init.o)
 .ARM.attributes
                0x00000682       0x2d c:/program files (x86)/atmel/atmel toolchain/arm gcc/native/4.8.1443/arm-gnu-toolchain/bin/../lib/gcc/arm-none-eabi/4.8.4/../../../../arm-none-eabi/lib/armv7-m\libc.a(lib_a-__call_atexit.o)
 .ARM.attributes
                0x000006af       0x2d c:/program files (x86)/atmel/atmel toolchain/arm gcc/native/4.8.1443/arm-gnu-toolchain/bin/../lib/gcc/arm-none-eabi/4.8.4/../../../../arm-none-eabi/lib/armv7-m\libc.a(lib_a-atexit.o)
 .ARM.attributes
                0x000006dc       0x2d c:/program files (x86)/atmel/atmel toolchain/arm gcc/native/4.8.1443/arm-gnu-toolchain/bin/../lib/gcc/arm-none-eabi/4.8.4/../../../../arm-none-eabi/lib/armv7-m\libc.a(lib_a-fini.o)
 .ARM.attributes
                0x00000709       0x2d c:/program files (x86)/atmel/atmel toolchain/arm gcc/native/4.8.1443/arm-gnu-toolchain/bin/../lib/gcc/arm-none-eabi/4.8.4/../../../../arm-none-eabi/lib/armv7-m\libc.a(lib_a-__atexit.o)
 .ARM.attributes
                0x00000736       0x1d c:/program files (x86)/atmel/atmel toolchain/arm gcc/native/4.8.1443/arm-gnu-toolchain/bin/../lib/gcc/arm-none-eabi/4.8.4/armv7-m/crtn.o

.comment        0x00000000       0x5b
 .comment       0x00000000       0x5b src/ASF/sam/drivers/usart/usart.o
                                 0x5c (size before relaxing)
 .comment       0x00000000       0x5c src/navigation.o
 .comment       0x00000000       0x5c src/pulseCounterHandler.o
 .comment       0x00000000       0x5c src/ASF/common/services/clock/sam3x/sysclk.o
 .comment       0x00000000       0x5c src/ASF/common/services/delay/sam/cycle_counter.o
 .comment       0x00000000       0x5c src/ASF/sam/boards/arduino_due_x/init.o
 .comment       0x00000000       0x5c src/ASF/sam/drivers/pio/pio.o
 .comment       0x00000000       0x5c src/ASF/sam/drivers/pio/pio_handler.o
 .comment       0x00000000       0x5c src/ASF/sam/drivers/pmc/pmc.o
 .comment       0x00000000       0x5c src/ASF/sam/utils/cmsis/sam3x/source/templates/exceptions.o
 .comment       0x00000000       0x5c src/ASF/sam/utils/cmsis/sam3x/source/templates/gcc/startup_sam3x.o
 .comment       0x00000000       0x5c src/ASF/sam/utils/cmsis/sam3x/source/templates/system_sam3x.o
 .comment       0x00000000       0x5c src/motorFunc.o
 .comment       0x00000000       0x5c src/main.o

.debug_info     0x00000000     0xc498
 .debug_info    0x00000000     0x1bfa src/ASF/sam/drivers/usart/usart.o
 .debug_info    0x00001bfa     0x144c src/navigation.o
 .debug_info    0x00003046     0x14a7 src/pulseCounterHandler.o
 .debug_info    0x000044ed      0x796 src/ASF/common/services/clock/sam3x/sysclk.o
 .debug_info    0x00004c83      0x134 src/ASF/common/services/delay/sam/cycle_counter.o
 .debug_info    0x00004db7      0x8a7 src/ASF/sam/boards/arduino_due_x/init.o
 .debug_info    0x0000565e     0x1385 src/ASF/sam/drivers/pio/pio.o
 .debug_info    0x000069e3      0xe52 src/ASF/sam/drivers/pio/pio_handler.o
 .debug_info    0x00007835     0x1080 src/ASF/sam/drivers/pmc/pmc.o
 .debug_info    0x000088b5      0x124 src/ASF/sam/utils/cmsis/sam3x/source/templates/exceptions.o
 .debug_info    0x000089d9      0x3bd src/ASF/sam/utils/cmsis/sam3x/source/templates/gcc/startup_sam3x.o
 .debug_info    0x00008d96      0x4c6 src/ASF/sam/utils/cmsis/sam3x/source/templates/system_sam3x.o
 .debug_info    0x0000925c     0x151d src/motorFunc.o
 .debug_info    0x0000a779     0x1d1f src/main.o

.debug_abbrev   0x00000000     0x1eeb
 .debug_abbrev  0x00000000      0x2dc src/ASF/sam/drivers/usart/usart.o
 .debug_abbrev  0x000002dc      0x2f6 src/navigation.o
 .debug_abbrev  0x000005d2      0x315 src/pulseCounterHandler.o
 .debug_abbrev  0x000008e7      0x227 src/ASF/common/services/clock/sam3x/sysclk.o
 .debug_abbrev  0x00000b0e       0x9d src/ASF/common/services/delay/sam/cycle_counter.o
 .debug_abbrev  0x00000bab      0x1c4 src/ASF/sam/boards/arduino_due_x/init.o
 .debug_abbrev  0x00000d6f      0x2d5 src/ASF/sam/drivers/pio/pio.o
 .debug_abbrev  0x00001044      0x257 src/ASF/sam/drivers/pio/pio_handler.o
 .debug_abbrev  0x0000129b      0x268 src/ASF/sam/drivers/pmc/pmc.o
 .debug_abbrev  0x00001503       0x8c src/ASF/sam/utils/cmsis/sam3x/source/templates/exceptions.o
 .debug_abbrev  0x0000158f      0x118 src/ASF/sam/utils/cmsis/sam3x/source/templates/gcc/startup_sam3x.o
 .debug_abbrev  0x000016a7      0x115 src/ASF/sam/utils/cmsis/sam3x/source/templates/system_sam3x.o
 .debug_abbrev  0x000017bc      0x327 src/motorFunc.o
 .debug_abbrev  0x00001ae3      0x408 src/main.o

.debug_loc      0x00000000     0x3801
 .debug_loc     0x00000000     0x128d src/ASF/sam/drivers/usart/usart.o
 .debug_loc     0x0000128d      0x1bc src/navigation.o
 .debug_loc     0x00001449      0x176 src/pulseCounterHandler.o
 .debug_loc     0x000015bf      0x12d src/ASF/common/services/clock/sam3x/sysclk.o
 .debug_loc     0x000016ec       0x20 src/ASF/sam/boards/arduino_due_x/init.o
 .debug_loc     0x0000170c      0xa83 src/ASF/sam/drivers/pio/pio.o
 .debug_loc     0x0000218f      0x53d src/ASF/sam/drivers/pio/pio_handler.o
 .debug_loc     0x000026cc      0xc95 src/ASF/sam/drivers/pmc/pmc.o
 .debug_loc     0x00003361       0x7e src/ASF/sam/utils/cmsis/sam3x/source/templates/gcc/startup_sam3x.o
 .debug_loc     0x000033df      0x293 src/motorFunc.o
 .debug_loc     0x00003672      0x18f src/main.o

.debug_aranges  0x00000000      0x868
 .debug_aranges
                0x00000000      0x2a8 src/ASF/sam/drivers/usart/usart.o
 .debug_aranges
                0x000002a8       0x58 src/navigation.o
 .debug_aranges
                0x00000300       0x38 src/pulseCounterHandler.o
 .debug_aranges
                0x00000338       0x40 src/ASF/common/services/clock/sam3x/sysclk.o
 .debug_aranges
                0x00000378       0x20 src/ASF/common/services/delay/sam/cycle_counter.o
 .debug_aranges
                0x00000398       0x20 src/ASF/sam/boards/arduino_due_x/init.o
 .debug_aranges
                0x000003b8      0x148 src/ASF/sam/drivers/pio/pio.o
 .debug_aranges
                0x00000500       0x58 src/ASF/sam/drivers/pio/pio_handler.o
 .debug_aranges
                0x00000558      0x200 src/ASF/sam/drivers/pmc/pmc.o
 .debug_aranges
                0x00000758       0x20 src/ASF/sam/utils/cmsis/sam3x/source/templates/exceptions.o
 .debug_aranges
                0x00000778       0x20 src/ASF/sam/utils/cmsis/sam3x/source/templates/gcc/startup_sam3x.o
 .debug_aranges
                0x00000798       0x30 src/ASF/sam/utils/cmsis/sam3x/source/templates/system_sam3x.o
 .debug_aranges
                0x000007c8       0x60 src/motorFunc.o
 .debug_aranges
                0x00000828       0x40 src/main.o

.debug_ranges   0x00000000      0x788
 .debug_ranges  0x00000000      0x298 src/ASF/sam/drivers/usart/usart.o
 .debug_ranges  0x00000298       0x48 src/navigation.o
 .debug_ranges  0x000002e0       0x28 src/pulseCounterHandler.o
 .debug_ranges  0x00000308       0x30 src/ASF/common/services/clock/sam3x/sysclk.o
 .debug_ranges  0x00000338       0x10 src/ASF/common/services/delay/sam/cycle_counter.o
 .debug_ranges  0x00000348       0x10 src/ASF/sam/boards/arduino_due_x/init.o
 .debug_ranges  0x00000358      0x138 src/ASF/sam/drivers/pio/pio.o
 .debug_ranges  0x00000490       0x48 src/ASF/sam/drivers/pio/pio_handler.o
 .debug_ranges  0x000004d8      0x1f0 src/ASF/sam/drivers/pmc/pmc.o
 .debug_ranges  0x000006c8       0x10 src/ASF/sam/utils/cmsis/sam3x/source/templates/exceptions.o
 .debug_ranges  0x000006d8       0x10 src/ASF/sam/utils/cmsis/sam3x/source/templates/gcc/startup_sam3x.o
 .debug_ranges  0x000006e8       0x20 src/ASF/sam/utils/cmsis/sam3x/source/templates/system_sam3x.o
 .debug_ranges  0x00000708       0x50 src/motorFunc.o
 .debug_ranges  0x00000758       0x30 src/main.o

.debug_macro    0x00000000     0x5609
 .debug_macro   0x00000000      0x4f2 src/ASF/sam/drivers/usart/usart.o
 .debug_macro   0x000004f2       0x28 src/ASF/sam/drivers/usart/usart.o
 .debug_macro   0x0000051a      0x621 src/navigation.o
 .debug_macro   0x00000b3b       0x4a src/navigation.o
 .debug_macro   0x00000b85       0x82 src/navigation.o
 .debug_macro   0x00000c07      0x452 src/navigation.o
 .debug_macro   0x00001059       0xf6 src/navigation.o
 .debug_macro   0x0000114f       0x26 src/navigation.o
 .debug_macro   0x00001175      0x1e1 src/navigation.o
 .debug_macro   0x00001356       0x2e src/navigation.o
 .debug_macro   0x00001384       0x3a src/navigation.o
 .debug_macro   0x000013be      0x5ea src/pulseCounterHandler.o
 .debug_macro   0x000019a8       0x16 src/pulseCounterHandler.o
 .debug_macro   0x000019be      0x527 src/ASF/common/services/clock/sam3x/sysclk.o
 .debug_macro   0x00001ee5      0x242 src/ASF/common/services/clock/sam3x/sysclk.o
 .debug_macro   0x00002127      0x4b6 src/ASF/common/services/delay/sam/cycle_counter.o
 .debug_macro   0x000025dd       0x22 src/ASF/common/services/delay/sam/cycle_counter.o
 .debug_macro   0x000025ff      0x566 src/ASF/sam/boards/arduino_due_x/init.o
 .debug_macro   0x00002b65       0x58 src/ASF/sam/boards/arduino_due_x/init.o
 .debug_macro   0x00002bbd       0x6a src/ASF/sam/boards/arduino_due_x/init.o
 .debug_macro   0x00002c27      0x4c2 src/ASF/sam/drivers/pio/pio.o
 .debug_macro   0x000030e9       0x8e src/ASF/sam/drivers/pio/pio.o
 .debug_macro   0x00003177      0x4c6 src/ASF/sam/drivers/pio/pio_handler.o
 .debug_macro   0x0000363d      0x4bc src/ASF/sam/drivers/pmc/pmc.o
 .debug_macro   0x00003af9       0x58 src/ASF/sam/drivers/pmc/pmc.o
 .debug_macro   0x00003b51      0x4bb src/ASF/sam/utils/cmsis/sam3x/source/templates/exceptions.o
 .debug_macro   0x0000400c      0x4c9 src/ASF/sam/utils/cmsis/sam3x/source/templates/gcc/startup_sam3x.o
 .debug_macro   0x000044d5      0x4c9 src/ASF/sam/utils/cmsis/sam3x/source/templates/system_sam3x.o
 .debug_macro   0x0000499e      0x60c src/motorFunc.o
 .debug_macro   0x00004faa       0x10 src/motorFunc.o
 .debug_macro   0x00004fba      0x64f src/main.o

.debug_line     0x00000000     0xbeaa
 .debug_line    0x00000000     0x11aa src/ASF/sam/drivers/usart/usart.o
 .debug_line    0x000011aa      0xf6f src/navigation.o
 .debug_line    0x00002119      0xf18 src/pulseCounterHandler.o
 .debug_line    0x00003031      0xc48 src/ASF/common/services/clock/sam3x/sysclk.o
 .debug_line    0x00003c79      0xae0 src/ASF/common/services/delay/sam/cycle_counter.o
 .debug_line    0x00004759      0xcec src/ASF/sam/boards/arduino_due_x/init.o
 .debug_line    0x00005445      0xe42 src/ASF/sam/drivers/pio/pio.o
 .debug_line    0x00006287      0xb8d src/ASF/sam/drivers/pio/pio_handler.o
 .debug_line    0x00006e14     0x1045 src/ASF/sam/drivers/pmc/pmc.o
 .debug_line    0x00007e59      0xab5 src/ASF/sam/utils/cmsis/sam3x/source/templates/exceptions.o
 .debug_line    0x0000890e      0xb05 src/ASF/sam/utils/cmsis/sam3x/source/templates/gcc/startup_sam3x.o
 .debug_line    0x00009413      0xb22 src/ASF/sam/utils/cmsis/sam3x/source/templates/system_sam3x.o
 .debug_line    0x00009f35      0xfa7 src/motorFunc.o
 .debug_line    0x0000aedc      0xfce src/main.o

.debug_str      0x00000000    0x61789
 .debug_str     0x00000000    0x594e5 src/ASF/sam/drivers/usart/usart.o
                              0x5980e (size before relaxing)
 .debug_str     0x000594e5     0x672f src/navigation.o
                              0x5f414 (size before relaxing)
 .debug_str     0x0005fc14      0x39d src/pulseCounterHandler.o
                              0x5dd4c (size before relaxing)
 .debug_str     0x0005ffb1      0x2dc src/ASF/common/services/clock/sam3x/sysclk.o
                              0x5c967 (size before relaxing)
 .debug_str     0x0006028d       0x35 src/ASF/common/services/delay/sam/cycle_counter.o
                              0x58d08 (size before relaxing)
 .debug_str     0x000602c2      0x21f src/ASF/sam/boards/arduino_due_x/init.o
                              0x5d2fe (size before relaxing)
 .debug_str     0x000604e1      0x424 src/ASF/sam/drivers/pio/pio.o
                              0x5953c (size before relaxing)
 .debug_str     0x00060905      0x1bf src/ASF/sam/drivers/pio/pio_handler.o
                              0x59584 (size before relaxing)
 .debug_str     0x00060ac4      0x67e src/ASF/sam/drivers/pmc/pmc.o
                              0x595b2 (size before relaxing)
 .debug_str     0x00061142       0x4d src/ASF/sam/utils/cmsis/sam3x/source/templates/exceptions.o
                              0x58bb1 (size before relaxing)
 .debug_str     0x0006118f       0xb2 src/ASF/sam/utils/cmsis/sam3x/source/templates/gcc/startup_sam3x.o
                              0x58c86 (size before relaxing)
 .debug_str     0x00061241      0x1cd src/ASF/sam/utils/cmsis/sam3x/source/templates/system_sam3x.o
                              0x58e99 (size before relaxing)
 .debug_str     0x0006140e       0xba src/motorFunc.o
                              0x5ea09 (size before relaxing)
 .debug_str     0x000614c8      0x2c1 src/main.o
                              0x5fbfd (size before relaxing)

.debug_frame    0x00000000     0x1508
 .debug_frame   0x00000000      0x5c8 src/ASF/sam/drivers/usart/usart.o
 .debug_frame   0x000005c8       0xe8 src/navigation.o
 .debug_frame   0x000006b0       0x70 src/pulseCounterHandler.o
 .debug_frame   0x00000720       0x88 src/ASF/common/services/clock/sam3x/sysclk.o
 .debug_frame   0x000007a8       0x20 src/ASF/common/services/delay/sam/cycle_counter.o
 .debug_frame   0x000007c8       0x28 src/ASF/sam/boards/arduino_due_x/init.o
 .debug_frame   0x000007f0      0x2a8 src/ASF/sam/drivers/pio/pio.o
 .debug_frame   0x00000a98       0xf8 src/ASF/sam/drivers/pio/pio_handler.o
 .debug_frame   0x00000b90      0x410 src/ASF/sam/drivers/pmc/pmc.o
 .debug_frame   0x00000fa0       0x20 src/ASF/sam/utils/cmsis/sam3x/source/templates/exceptions.o
 .debug_frame   0x00000fc0       0x28 src/ASF/sam/utils/cmsis/sam3x/source/templates/gcc/startup_sam3x.o
 .debug_frame   0x00000fe8       0x40 src/ASF/sam/utils/cmsis/sam3x/source/templates/system_sam3x.o
 .debug_frame   0x00001028      0x124 src/motorFunc.o
 .debug_frame   0x0000114c       0x88 src/main.o
 .debug_frame   0x000011d4       0x20 c:/program files (x86)/atmel/atmel toolchain/arm gcc/native/4.8.1443/arm-gnu-toolchain/bin/../lib/gcc/arm-none-eabi/4.8.4/../../../../arm-none-eabi/lib/armv7-m\libm.a(lib_a-w_atan2.o)
 .debug_frame   0x000011f4       0x38 c:/program files (x86)/atmel/atmel toolchain/arm gcc/native/4.8.1443/arm-gnu-toolchain/bin/../lib/gcc/arm-none-eabi/4.8.4/../../../../arm-none-eabi/lib/armv7-m\libm.a(lib_a-w_sqrt.o)
 .debug_frame   0x0000122c       0x38 c:/program files (x86)/atmel/atmel toolchain/arm gcc/native/4.8.1443/arm-gnu-toolchain/bin/../lib/gcc/arm-none-eabi/4.8.4/../../../../arm-none-eabi/lib/armv7-m\libm.a(lib_a-e_atan2.o)
 .debug_frame   0x00001264       0x34 c:/program files (x86)/atmel/atmel toolchain/arm gcc/native/4.8.1443/arm-gnu-toolchain/bin/../lib/gcc/arm-none-eabi/4.8.4/../../../../arm-none-eabi/lib/armv7-m\libm.a(lib_a-e_sqrt.o)
 .debug_frame   0x00001298       0x38 c:/program files (x86)/atmel/atmel toolchain/arm gcc/native/4.8.1443/arm-gnu-toolchain/bin/../lib/gcc/arm-none-eabi/4.8.4/../../../../arm-none-eabi/lib/armv7-m\libm.a(lib_a-s_atan.o)
 .debug_frame   0x000012d0       0x20 c:/program files (x86)/atmel/atmel toolchain/arm gcc/native/4.8.1443/arm-gnu-toolchain/bin/../lib/gcc/arm-none-eabi/4.8.4/../../../../arm-none-eabi/lib/armv7-m\libm.a(lib_a-s_fabs.o)
 .debug_frame   0x000012f0       0x28 c:/program files (x86)/atmel/atmel toolchain/arm gcc/native/4.8.1443/arm-gnu-toolchain/bin/../lib/gcc/arm-none-eabi/4.8.4/../../../../arm-none-eabi/lib/armv7-m\libm.a(lib_a-s_fpclassify.o)
 .debug_frame   0x00001318       0x20 c:/program files (x86)/atmel/atmel toolchain/arm gcc/native/4.8.1443/arm-gnu-toolchain/bin/../lib/gcc/arm-none-eabi/4.8.4/../../../../arm-none-eabi/lib/armv7-m\libm.a(lib_a-s_matherr.o)
 .debug_frame   0x00001338       0x58 c:/program files (x86)/atmel/atmel toolchain/arm gcc/native/4.8.1443/arm-gnu-toolchain/bin/../lib/gcc/arm-none-eabi/4.8.4/armv7-m\libgcc.a(bpabi.o)
 .debug_frame   0x00001390       0x34 c:/program files (x86)/atmel/atmel toolchain/arm gcc/native/4.8.1443/arm-gnu-toolchain/bin/../lib/gcc/arm-none-eabi/4.8.4/armv7-m\libgcc.a(_divdi3.o)
 .debug_frame   0x000013c4       0x34 c:/program files (x86)/atmel/atmel toolchain/arm gcc/native/4.8.1443/arm-gnu-toolchain/bin/../lib/gcc/arm-none-eabi/4.8.4/armv7-m\libgcc.a(_udivdi3.o)
 .debug_frame   0x000013f8       0x20 c:/program files (x86)/atmel/atmel toolchain/arm gcc/native/4.8.1443/arm-gnu-toolchain/bin/../lib/gcc/arm-none-eabi/4.8.4/../../../../arm-none-eabi/lib/armv7-m\libc.a(lib_a-errno.o)
 .debug_frame   0x00001418       0x2c c:/program files (x86)/atmel/atmel toolchain/arm gcc/native/4.8.1443/arm-gnu-toolchain/bin/../lib/gcc/arm-none-eabi/4.8.4/../../../../arm-none-eabi/lib/armv7-m\libc.a(lib_a-init.o)
 .debug_frame   0x00001444       0x48 c:/program files (x86)/atmel/atmel toolchain/arm gcc/native/4.8.1443/arm-gnu-toolchain/bin/../lib/gcc/arm-none-eabi/4.8.4/../../../../arm-none-eabi/lib/armv7-m\libc.a(lib_a-__call_atexit.o)
 .debug_frame   0x0000148c       0x20 c:/program files (x86)/atmel/atmel toolchain/arm gcc/native/4.8.1443/arm-gnu-toolchain/bin/../lib/gcc/arm-none-eabi/4.8.4/../../../../arm-none-eabi/lib/armv7-m\libc.a(lib_a-atexit.o)
 .debug_frame   0x000014ac       0x2c c:/program files (x86)/atmel/atmel toolchain/arm gcc/native/4.8.1443/arm-gnu-toolchain/bin/../lib/gcc/arm-none-eabi/4.8.4/../../../../arm-none-eabi/lib/armv7-m\libc.a(lib_a-fini.o)
 .debug_frame   0x000014d8       0x30 c:/program files (x86)/atmel/atmel toolchain/arm gcc/native/4.8.1443/arm-gnu-toolchain/bin/../lib/gcc/arm-none-eabi/4.8.4/../../../../arm-none-eabi/lib/armv7-m\libc.a(lib_a-__atexit.o)

Cross Reference Table

Symbol                                            File
ADC_Handler                                       src/ASF/sam/utils/cmsis/sam3x/source/templates/exceptions.o
                                                  src/ASF/sam/utils/cmsis/sam3x/source/templates/gcc/startup_sam3x.o
BusFault_Handler                                  src/ASF/sam/utils/cmsis/sam3x/source/templates/exceptions.o
                                                  src/ASF/sam/utils/cmsis/sam3x/source/templates/gcc/startup_sam3x.o
CAN0_Handler                                      src/ASF/sam/utils/cmsis/sam3x/source/templates/exceptions.o
                                                  src/ASF/sam/utils/cmsis/sam3x/source/templates/gcc/startup_sam3x.o
CAN1_Handler                                      src/ASF/sam/utils/cmsis/sam3x/source/templates/exceptions.o
                                                  src/ASF/sam/utils/cmsis/sam3x/source/templates/gcc/startup_sam3x.o
DACC_Handler                                      src/ASF/sam/utils/cmsis/sam3x/source/templates/exceptions.o
                                                  src/ASF/sam/utils/cmsis/sam3x/source/templates/gcc/startup_sam3x.o
DMAC_Handler                                      src/ASF/sam/utils/cmsis/sam3x/source/templates/exceptions.o
                                                  src/ASF/sam/utils/cmsis/sam3x/source/templates/gcc/startup_sam3x.o
DebugMon_Handler                                  src/ASF/sam/utils/cmsis/sam3x/source/templates/exceptions.o
                                                  src/ASF/sam/utils/cmsis/sam3x/source/templates/gcc/startup_sam3x.o
Dummy_Handler                                     src/ASF/sam/utils/cmsis/sam3x/source/templates/exceptions.o
EFC0_Handler                                      src/ASF/sam/utils/cmsis/sam3x/source/templates/exceptions.o
                                                  src/ASF/sam/utils/cmsis/sam3x/source/templates/gcc/startup_sam3x.o
EFC1_Handler                                      src/ASF/sam/utils/cmsis/sam3x/source/templates/exceptions.o
                                                  src/ASF/sam/utils/cmsis/sam3x/source/templates/gcc/startup_sam3x.o
EMAC_Handler                                      src/ASF/sam/utils/cmsis/sam3x/source/templates/exceptions.o
                                                  src/ASF/sam/utils/cmsis/sam3x/source/templates/gcc/startup_sam3x.o
HSMCI_Handler                                     src/ASF/sam/utils/cmsis/sam3x/source/templates/exceptions.o
                                                  src/ASF/sam/utils/cmsis/sam3x/source/templates/gcc/startup_sam3x.o
HardFault_Handler                                 src/ASF/sam/utils/cmsis/sam3x/source/templates/exceptions.o
                                                  src/ASF/sam/utils/cmsis/sam3x/source/templates/gcc/startup_sam3x.o
MemManage_Handler                                 src/ASF/sam/utils/cmsis/sam3x/source/templates/exceptions.o
                                                  src/ASF/sam/utils/cmsis/sam3x/source/templates/gcc/startup_sam3x.o
NMI_Handler                                       src/ASF/sam/utils/cmsis/sam3x/source/templates/exceptions.o
                                                  src/ASF/sam/utils/cmsis/sam3x/source/templates/gcc/startup_sam3x.o
PIOA_Handler                                      src/ASF/sam/drivers/pio/pio_handler.o
                                                  src/ASF/sam/utils/cmsis/sam3x/source/templates/gcc/startup_sam3x.o
PIOB_Handler                                      src/ASF/sam/drivers/pio/pio_handler.o
                                                  src/ASF/sam/utils/cmsis/sam3x/source/templates/gcc/startup_sam3x.o
PIOC_Handler                                      src/ASF/sam/drivers/pio/pio_handler.o
                                                  src/ASF/sam/utils/cmsis/sam3x/source/templates/gcc/startup_sam3x.o
PIOD_Handler                                      src/ASF/sam/drivers/pio/pio_handler.o
                                                  src/ASF/sam/utils/cmsis/sam3x/source/templates/gcc/startup_sam3x.o
PMC_Handler                                       src/ASF/sam/utils/cmsis/sam3x/source/templates/exceptions.o
                                                  src/ASF/sam/utils/cmsis/sam3x/source/templates/gcc/startup_sam3x.o
PWM_Handler                                       src/ASF/sam/utils/cmsis/sam3x/source/templates/exceptions.o
                                                  src/ASF/sam/utils/cmsis/sam3x/source/templates/gcc/startup_sam3x.o
PendSV_Handler                                    src/ASF/sam/utils/cmsis/sam3x/source/templates/exceptions.o
                                                  src/ASF/sam/utils/cmsis/sam3x/source/templates/gcc/startup_sam3x.o
RSTC_Handler                                      src/ASF/sam/utils/cmsis/sam3x/source/templates/exceptions.o
                                                  src/ASF/sam/utils/cmsis/sam3x/source/templates/gcc/startup_sam3x.o
RTC_Handler                                       src/ASF/sam/utils/cmsis/sam3x/source/templates/exceptions.o
                                                  src/ASF/sam/utils/cmsis/sam3x/source/templates/gcc/startup_sam3x.o
RTT_Handler                                       src/ASF/sam/utils/cmsis/sam3x/source/templates/exceptions.o
                                                  src/ASF/sam/utils/cmsis/sam3x/source/templates/gcc/startup_sam3x.o
Reset_Handler                                     src/ASF/sam/utils/cmsis/sam3x/source/templates/gcc/startup_sam3x.o
SMC_Handler                                       src/ASF/sam/utils/cmsis/sam3x/source/templates/exceptions.o
                                                  src/ASF/sam/utils/cmsis/sam3x/source/templates/gcc/startup_sam3x.o
SPI0_Handler                                      src/ASF/sam/utils/cmsis/sam3x/source/templates/exceptions.o
                                                  src/ASF/sam/utils/cmsis/sam3x/source/templates/gcc/startup_sam3x.o
SSC_Handler                                       src/ASF/sam/utils/cmsis/sam3x/source/templates/exceptions.o
                                                  src/ASF/sam/utils/cmsis/sam3x/source/templates/gcc/startup_sam3x.o
SUPC_Handler                                      src/ASF/sam/utils/cmsis/sam3x/source/templates/exceptions.o
                                                  src/ASF/sam/utils/cmsis/sam3x/source/templates/gcc/startup_sam3x.o
SVC_Handler                                       src/ASF/sam/utils/cmsis/sam3x/source/templates/exceptions.o
                                                  src/ASF/sam/utils/cmsis/sam3x/source/templates/gcc/startup_sam3x.o
SysTick_Handler                                   src/ASF/sam/utils/cmsis/sam3x/source/templates/exceptions.o
                                                  src/ASF/sam/utils/cmsis/sam3x/source/templates/gcc/startup_sam3x.o
SystemCoreClock                                   src/ASF/sam/utils/cmsis/sam3x/source/templates/system_sam3x.o
SystemCoreClockUpdate                             src/ASF/sam/utils/cmsis/sam3x/source/templates/system_sam3x.o
                                                  src/ASF/common/services/clock/sam3x/sysclk.o
SystemInit                                        src/ASF/sam/utils/cmsis/sam3x/source/templates/system_sam3x.o
TC0_Handler                                       src/ASF/sam/utils/cmsis/sam3x/source/templates/exceptions.o
                                                  src/ASF/sam/utils/cmsis/sam3x/source/templates/gcc/startup_sam3x.o
TC1_Handler                                       src/ASF/sam/utils/cmsis/sam3x/source/templates/exceptions.o
                                                  src/ASF/sam/utils/cmsis/sam3x/source/templates/gcc/startup_sam3x.o
TC2_Handler                                       src/ASF/sam/utils/cmsis/sam3x/source/templates/exceptions.o
                                                  src/ASF/sam/utils/cmsis/sam3x/source/templates/gcc/startup_sam3x.o
TC3_Handler                                       src/ASF/sam/utils/cmsis/sam3x/source/templates/exceptions.o
                                                  src/ASF/sam/utils/cmsis/sam3x/source/templates/gcc/startup_sam3x.o
TC4_Handler                                       src/ASF/sam/utils/cmsis/sam3x/source/templates/exceptions.o
                                                  src/ASF/sam/utils/cmsis/sam3x/source/templates/gcc/startup_sam3x.o
TC5_Handler                                       src/ASF/sam/utils/cmsis/sam3x/source/templates/exceptions.o
                                                  src/ASF/sam/utils/cmsis/sam3x/source/templates/gcc/startup_sam3x.o
TC6_Handler                                       src/ASF/sam/utils/cmsis/sam3x/source/templates/exceptions.o
                                                  src/ASF/sam/utils/cmsis/sam3x/source/templates/gcc/startup_sam3x.o
TC7_Handler                                       src/ASF/sam/utils/cmsis/sam3x/source/templates/exceptions.o
                                                  src/ASF/sam/utils/cmsis/sam3x/source/templates/gcc/startup_sam3x.o
TC8_Handler                                       src/ASF/sam/utils/cmsis/sam3x/source/templates/exceptions.o
                                                  src/ASF/sam/utils/cmsis/sam3x/source/templates/gcc/startup_sam3x.o
TRNG_Handler                                      src/ASF/sam/utils/cmsis/sam3x/source/templates/exceptions.o
                                                  src/ASF/sam/utils/cmsis/sam3x/source/templates/gcc/startup_sam3x.o
TWI0_Handler                                      src/ASF/sam/utils/cmsis/sam3x/source/templates/exceptions.o
                                                  src/ASF/sam/utils/cmsis/sam3x/source/templates/gcc/startup_sam3x.o
TWI1_Handler                                      src/ASF/sam/utils/cmsis/sam3x/source/templates/exceptions.o
                                                  src/ASF/sam/utils/cmsis/sam3x/source/templates/gcc/startup_sam3x.o
UART_Handler                                      src/ASF/sam/utils/cmsis/sam3x/source/templates/exceptions.o
                                                  src/ASF/sam/utils/cmsis/sam3x/source/templates/gcc/startup_sam3x.o
UOTGHS_Handler                                    src/ASF/sam/utils/cmsis/sam3x/source/templates/exceptions.o
                                                  src/ASF/sam/utils/cmsis/sam3x/source/templates/gcc/startup_sam3x.o
USART0_Handler                                    src/ASF/sam/utils/cmsis/sam3x/source/templates/exceptions.o
                                                  src/ASF/sam/utils/cmsis/sam3x/source/templates/gcc/startup_sam3x.o
USART1_Handler                                    src/main.o
                                                  src/ASF/sam/utils/cmsis/sam3x/source/templates/exceptions.o
                                                  src/ASF/sam/utils/cmsis/sam3x/source/templates/gcc/startup_sam3x.o
USART2_Handler                                    src/ASF/sam/utils/cmsis/sam3x/source/templates/exceptions.o
                                                  src/ASF/sam/utils/cmsis/sam3x/source/templates/gcc/startup_sam3x.o
USART3_Handler                                    src/ASF/sam/utils/cmsis/sam3x/source/templates/exceptions.o
                                                  src/ASF/sam/utils/cmsis/sam3x/source/templates/gcc/startup_sam3x.o
UsageFault_Handler                                src/ASF/sam/utils/cmsis/sam3x/source/templates/exceptions.o
                                                  src/ASF/sam/utils/cmsis/sam3x/source/templates/gcc/startup_sam3x.o
WDT_Handler                                       src/ASF/sam/utils/cmsis/sam3x/source/templates/exceptions.o
                                                  src/ASF/sam/utils/cmsis/sam3x/source/templates/gcc/startup_sam3x.o
_Jv_RegisterClasses                               c:/program files (x86)/atmel/atmel toolchain/arm gcc/native/4.8.1443/arm-gnu-toolchain/bin/../lib/gcc/arm-none-eabi/4.8.4/armv7-m/crtbegin.o
_PathLocale                                       c:/program files (x86)/atmel/atmel toolchain/arm gcc/native/4.8.1443/arm-gnu-toolchain/bin/../lib/gcc/arm-none-eabi/4.8.4/../../../../arm-none-eabi/lib/armv7-m\libc.a(lib_a-locale.o)
__adddf3                                          c:/program files (x86)/atmel/atmel toolchain/arm gcc/native/4.8.1443/arm-gnu-toolchain/bin/../lib/gcc/arm-none-eabi/4.8.4/armv7-m\libgcc.a(_arm_addsubdf3.o)
__aeabi_cdcmpeq                                   c:/program files (x86)/atmel/atmel toolchain/arm gcc/native/4.8.1443/arm-gnu-toolchain/bin/../lib/gcc/arm-none-eabi/4.8.4/armv7-m\libgcc.a(_arm_cmpdf2.o)
__aeabi_cdcmple                                   c:/program files (x86)/atmel/atmel toolchain/arm gcc/native/4.8.1443/arm-gnu-toolchain/bin/../lib/gcc/arm-none-eabi/4.8.4/armv7-m\libgcc.a(_arm_cmpdf2.o)
__aeabi_cdrcmple                                  c:/program files (x86)/atmel/atmel toolchain/arm gcc/native/4.8.1443/arm-gnu-toolchain/bin/../lib/gcc/arm-none-eabi/4.8.4/armv7-m\libgcc.a(_arm_cmpdf2.o)
__aeabi_d2iz                                      c:/program files (x86)/atmel/atmel toolchain/arm gcc/native/4.8.1443/arm-gnu-toolchain/bin/../lib/gcc/arm-none-eabi/4.8.4/armv7-m\libgcc.a(_arm_fixdfsi.o)
                                                  c:/program files (x86)/atmel/atmel toolchain/arm gcc/native/4.8.1443/arm-gnu-toolchain/bin/../lib/gcc/arm-none-eabi/4.8.4/../../../../arm-none-eabi/lib/armv7-m\libm.a(lib_a-k_sin.o)
                                                  c:/program files (x86)/atmel/atmel toolchain/arm gcc/native/4.8.1443/arm-gnu-toolchain/bin/../lib/gcc/arm-none-eabi/4.8.4/../../../../arm-none-eabi/lib/armv7-m\libm.a(lib_a-k_rem_pio2.o)
                                                  c:/program files (x86)/atmel/atmel toolchain/arm gcc/native/4.8.1443/arm-gnu-toolchain/bin/../lib/gcc/arm-none-eabi/4.8.4/../../../../arm-none-eabi/lib/armv7-m\libm.a(lib_a-k_cos.o)
                                                  c:/program files (x86)/atmel/atmel toolchain/arm gcc/native/4.8.1443/arm-gnu-toolchain/bin/../lib/gcc/arm-none-eabi/4.8.4/../../../../arm-none-eabi/lib/armv7-m\libm.a(lib_a-e_rem_pio2.o)
                                                  src/motorFunc.o
                                                  src/navigation.o
                                                  src/distanceSensor.o
__aeabi_d2uiz                                     c:/program files (x86)/atmel/atmel toolchain/arm gcc/native/4.8.1443/arm-gnu-toolchain/bin/../lib/gcc/arm-none-eabi/4.8.4/armv7-m\libgcc.a(_arm_fixunsdfsi.o)
                                                  src/motorFunc.o
                                                  src/navigation.o
__aeabi_dadd                                      c:/program files (x86)/atmel/atmel toolchain/arm gcc/native/4.8.1443/arm-gnu-toolchain/bin/../lib/gcc/arm-none-eabi/4.8.4/armv7-m\libgcc.a(_arm_addsubdf3.o)
                                                  c:/program files (x86)/atmel/atmel toolchain/arm gcc/native/4.8.1443/arm-gnu-toolchain/bin/../lib/gcc/arm-none-eabi/4.8.4/../../../../arm-none-eabi/lib/armv7-m\libm.a(lib_a-s_scalbn.o)
                                                  c:/program files (x86)/atmel/atmel toolchain/arm gcc/native/4.8.1443/arm-gnu-toolchain/bin/../lib/gcc/arm-none-eabi/4.8.4/../../../../arm-none-eabi/lib/armv7-m\libm.a(lib_a-s_floor.o)
                                                  c:/program files (x86)/atmel/atmel toolchain/arm gcc/native/4.8.1443/arm-gnu-toolchain/bin/../lib/gcc/arm-none-eabi/4.8.4/../../../../arm-none-eabi/lib/armv7-m\libm.a(lib_a-s_atan.o)
                                                  c:/program files (x86)/atmel/atmel toolchain/arm gcc/native/4.8.1443/arm-gnu-toolchain/bin/../lib/gcc/arm-none-eabi/4.8.4/../../../../arm-none-eabi/lib/armv7-m\libm.a(lib_a-k_sin.o)
                                                  c:/program files (x86)/atmel/atmel toolchain/arm gcc/native/4.8.1443/arm-gnu-toolchain/bin/../lib/gcc/arm-none-eabi/4.8.4/../../../../arm-none-eabi/lib/armv7-m\libm.a(lib_a-k_rem_pio2.o)
                                                  c:/program files (x86)/atmel/atmel toolchain/arm gcc/native/4.8.1443/arm-gnu-toolchain/bin/../lib/gcc/arm-none-eabi/4.8.4/../../../../arm-none-eabi/lib/armv7-m\libm.a(lib_a-k_cos.o)
                                                  c:/program files (x86)/atmel/atmel toolchain/arm gcc/native/4.8.1443/arm-gnu-toolchain/bin/../lib/gcc/arm-none-eabi/4.8.4/../../../../arm-none-eabi/lib/armv7-m\libm.a(lib_a-e_sqrt.o)
                                                  c:/program files (x86)/atmel/atmel toolchain/arm gcc/native/4.8.1443/arm-gnu-toolchain/bin/../lib/gcc/arm-none-eabi/4.8.4/../../../../arm-none-eabi/lib/armv7-m\libm.a(lib_a-e_rem_pio2.o)
                                                  c:/program files (x86)/atmel/atmel toolchain/arm gcc/native/4.8.1443/arm-gnu-toolchain/bin/../lib/gcc/arm-none-eabi/4.8.4/../../../../arm-none-eabi/lib/armv7-m\libm.a(lib_a-e_atan2.o)
                                                  src/motorFunc.o
                                                  src/navigation.o
__aeabi_dcmpeq                                    c:/program files (x86)/atmel/atmel toolchain/arm gcc/native/4.8.1443/arm-gnu-toolchain/bin/../lib/gcc/arm-none-eabi/4.8.4/armv7-m\libgcc.a(_arm_cmpdf2.o)
                                                  c:/program files (x86)/atmel/atmel toolchain/arm gcc/native/4.8.1443/arm-gnu-toolchain/bin/../lib/gcc/arm-none-eabi/4.8.4/../../../../arm-none-eabi/lib/armv7-m\libm.a(lib_a-k_rem_pio2.o)
                                                  c:/program files (x86)/atmel/atmel toolchain/arm gcc/native/4.8.1443/arm-gnu-toolchain/bin/../lib/gcc/arm-none-eabi/4.8.4/../../../../arm-none-eabi/lib/armv7-m\libm.a(lib_a-e_rem_pio2.o)
__aeabi_dcmpge                                    c:/program files (x86)/atmel/atmel toolchain/arm gcc/native/4.8.1443/arm-gnu-toolchain/bin/../lib/gcc/arm-none-eabi/4.8.4/armv7-m\libgcc.a(_arm_cmpdf2.o)
                                                  c:/program files (x86)/atmel/atmel toolchain/arm gcc/native/4.8.1443/arm-gnu-toolchain/bin/../lib/gcc/arm-none-eabi/4.8.4/../../../../arm-none-eabi/lib/armv7-m\libm.a(lib_a-k_rem_pio2.o)
__aeabi_dcmpgt                                    c:/program files (x86)/atmel/atmel toolchain/arm gcc/native/4.8.1443/arm-gnu-toolchain/bin/../lib/gcc/arm-none-eabi/4.8.4/armv7-m\libgcc.a(_arm_cmpdf2.o)
                                                  c:/program files (x86)/atmel/atmel toolchain/arm gcc/native/4.8.1443/arm-gnu-toolchain/bin/../lib/gcc/arm-none-eabi/4.8.4/../../../../arm-none-eabi/lib/armv7-m\libm.a(lib_a-s_floor.o)
                                                  c:/program files (x86)/atmel/atmel toolchain/arm gcc/native/4.8.1443/arm-gnu-toolchain/bin/../lib/gcc/arm-none-eabi/4.8.4/../../../../arm-none-eabi/lib/armv7-m\libm.a(lib_a-s_atan.o)
                                                  src/main.o
                                                  src/navigation.o
__aeabi_dcmple                                    c:/program files (x86)/atmel/atmel toolchain/arm gcc/native/4.8.1443/arm-gnu-toolchain/bin/../lib/gcc/arm-none-eabi/4.8.4/armv7-m\libgcc.a(_arm_cmpdf2.o)
__aeabi_dcmplt                                    c:/program files (x86)/atmel/atmel toolchain/arm gcc/native/4.8.1443/arm-gnu-toolchain/bin/../lib/gcc/arm-none-eabi/4.8.4/armv7-m\libgcc.a(_arm_cmpdf2.o)
                                                  c:/program files (x86)/atmel/atmel toolchain/arm gcc/native/4.8.1443/arm-gnu-toolchain/bin/../lib/gcc/arm-none-eabi/4.8.4/../../../../arm-none-eabi/lib/armv7-m\libm.a(lib_a-w_sqrt.o)
                                                  src/main.o
                                                  src/motorFunc.o
__aeabi_ddiv                                      c:/program files (x86)/atmel/atmel toolchain/arm gcc/native/4.8.1443/arm-gnu-toolchain/bin/../lib/gcc/arm-none-eabi/4.8.4/armv7-m\libgcc.a(_arm_muldivdf3.o)
                                                  c:/program files (x86)/atmel/atmel toolchain/arm gcc/native/4.8.1443/arm-gnu-toolchain/bin/../lib/gcc/arm-none-eabi/4.8.4/../../../../arm-none-eabi/lib/armv7-m\libm.a(lib_a-s_atan.o)
                                                  c:/program files (x86)/atmel/atmel toolchain/arm gcc/native/4.8.1443/arm-gnu-toolchain/bin/../lib/gcc/arm-none-eabi/4.8.4/../../../../arm-none-eabi/lib/armv7-m\libm.a(lib_a-e_sqrt.o)
                                                  c:/program files (x86)/atmel/atmel toolchain/arm gcc/native/4.8.1443/arm-gnu-toolchain/bin/../lib/gcc/arm-none-eabi/4.8.4/../../../../arm-none-eabi/lib/armv7-m\libm.a(lib_a-e_atan2.o)
                                                  c:/program files (x86)/atmel/atmel toolchain/arm gcc/native/4.8.1443/arm-gnu-toolchain/bin/../lib/gcc/arm-none-eabi/4.8.4/../../../../arm-none-eabi/lib/armv7-m\libm.a(lib_a-w_sqrt.o)
                                                  src/motorFunc.o
                                                  src/navigation.o
                                                  src/distanceSensor.o
__aeabi_dmul                                      c:/program files (x86)/atmel/atmel toolchain/arm gcc/native/4.8.1443/arm-gnu-toolchain/bin/../lib/gcc/arm-none-eabi/4.8.4/armv7-m\libgcc.a(_arm_muldivdf3.o)
                                                  c:/program files (x86)/atmel/atmel toolchain/arm gcc/native/4.8.1443/arm-gnu-toolchain/bin/../lib/gcc/arm-none-eabi/4.8.4/../../../../arm-none-eabi/lib/armv7-m\libm.a(lib_a-s_scalbn.o)
                                                  c:/program files (x86)/atmel/atmel toolchain/arm gcc/native/4.8.1443/arm-gnu-toolchain/bin/../lib/gcc/arm-none-eabi/4.8.4/../../../../arm-none-eabi/lib/armv7-m\libm.a(lib_a-s_atan.o)
                                                  c:/program files (x86)/atmel/atmel toolchain/arm gcc/native/4.8.1443/arm-gnu-toolchain/bin/../lib/gcc/arm-none-eabi/4.8.4/../../../../arm-none-eabi/lib/armv7-m\libm.a(lib_a-k_sin.o)
                                                  c:/program files (x86)/atmel/atmel toolchain/arm gcc/native/4.8.1443/arm-gnu-toolchain/bin/../lib/gcc/arm-none-eabi/4.8.4/../../../../arm-none-eabi/lib/armv7-m\libm.a(lib_a-k_rem_pio2.o)
                                                  c:/program files (x86)/atmel/atmel toolchain/arm gcc/native/4.8.1443/arm-gnu-toolchain/bin/../lib/gcc/arm-none-eabi/4.8.4/../../../../arm-none-eabi/lib/armv7-m\libm.a(lib_a-k_cos.o)
                                                  c:/program files (x86)/atmel/atmel toolchain/arm gcc/native/4.8.1443/arm-gnu-toolchain/bin/../lib/gcc/arm-none-eabi/4.8.4/../../../../arm-none-eabi/lib/armv7-m\libm.a(lib_a-e_sqrt.o)
                                                  c:/program files (x86)/atmel/atmel toolchain/arm gcc/native/4.8.1443/arm-gnu-toolchain/bin/../lib/gcc/arm-none-eabi/4.8.4/../../../../arm-none-eabi/lib/armv7-m\libm.a(lib_a-e_rem_pio2.o)
                                                  src/main.o
                                                  src/motorFunc.o
                                                  src/navigation.o
__aeabi_drsub                                     c:/program files (x86)/atmel/atmel toolchain/arm gcc/native/4.8.1443/arm-gnu-toolchain/bin/../lib/gcc/arm-none-eabi/4.8.4/armv7-m\libgcc.a(_arm_addsubdf3.o)
__aeabi_dsub                                      c:/program files (x86)/atmel/atmel toolchain/arm gcc/native/4.8.1443/arm-gnu-toolchain/bin/../lib/gcc/arm-none-eabi/4.8.4/armv7-m\libgcc.a(_arm_addsubdf3.o)
                                                  c:/program files (x86)/atmel/atmel toolchain/arm gcc/native/4.8.1443/arm-gnu-toolchain/bin/../lib/gcc/arm-none-eabi/4.8.4/../../../../arm-none-eabi/lib/armv7-m\libm.a(lib_a-s_atan.o)
                                                  c:/program files (x86)/atmel/atmel toolchain/arm gcc/native/4.8.1443/arm-gnu-toolchain/bin/../lib/gcc/arm-none-eabi/4.8.4/../../../../arm-none-eabi/lib/armv7-m\libm.a(lib_a-k_sin.o)
                                                  c:/program files (x86)/atmel/atmel toolchain/arm gcc/native/4.8.1443/arm-gnu-toolchain/bin/../lib/gcc/arm-none-eabi/4.8.4/../../../../arm-none-eabi/lib/armv7-m\libm.a(lib_a-k_rem_pio2.o)
                                                  c:/program files (x86)/atmel/atmel toolchain/arm gcc/native/4.8.1443/arm-gnu-toolchain/bin/../lib/gcc/arm-none-eabi/4.8.4/../../../../arm-none-eabi/lib/armv7-m\libm.a(lib_a-k_cos.o)
                                                  c:/program files (x86)/atmel/atmel toolchain/arm gcc/native/4.8.1443/arm-gnu-toolchain/bin/../lib/gcc/arm-none-eabi/4.8.4/../../../../arm-none-eabi/lib/armv7-m\libm.a(lib_a-e_sqrt.o)
                                                  c:/program files (x86)/atmel/atmel toolchain/arm gcc/native/4.8.1443/arm-gnu-toolchain/bin/../lib/gcc/arm-none-eabi/4.8.4/../../../../arm-none-eabi/lib/armv7-m\libm.a(lib_a-e_rem_pio2.o)
                                                  c:/program files (x86)/atmel/atmel toolchain/arm gcc/native/4.8.1443/arm-gnu-toolchain/bin/../lib/gcc/arm-none-eabi/4.8.4/../../../../arm-none-eabi/lib/armv7-m\libm.a(lib_a-e_atan2.o)
                                                  c:/program files (x86)/atmel/atmel toolchain/arm gcc/native/4.8.1443/arm-gnu-toolchain/bin/../lib/gcc/arm-none-eabi/4.8.4/../../../../arm-none-eabi/lib/armv7-m\libm.a(lib_a-s_sin.o)
                                                  c:/program files (x86)/atmel/atmel toolchain/arm gcc/native/4.8.1443/arm-gnu-toolchain/bin/../lib/gcc/arm-none-eabi/4.8.4/../../../../arm-none-eabi/lib/armv7-m\libm.a(lib_a-s_cos.o)
                                                  src/navigation.o
__aeabi_f2d                                       c:/program files (x86)/atmel/atmel toolchain/arm gcc/native/4.8.1443/arm-gnu-toolchain/bin/../lib/gcc/arm-none-eabi/4.8.4/armv7-m\libgcc.a(_arm_addsubdf3.o)
__aeabi_i2d                                       c:/program files (x86)/atmel/atmel toolchain/arm gcc/native/4.8.1443/arm-gnu-toolchain/bin/../lib/gcc/arm-none-eabi/4.8.4/armv7-m\libgcc.a(_arm_addsubdf3.o)
                                                  c:/program files (x86)/atmel/atmel toolchain/arm gcc/native/4.8.1443/arm-gnu-toolchain/bin/../lib/gcc/arm-none-eabi/4.8.4/../../../../arm-none-eabi/lib/armv7-m\libm.a(lib_a-k_rem_pio2.o)
                                                  c:/program files (x86)/atmel/atmel toolchain/arm gcc/native/4.8.1443/arm-gnu-toolchain/bin/../lib/gcc/arm-none-eabi/4.8.4/../../../../arm-none-eabi/lib/armv7-m\libm.a(lib_a-e_rem_pio2.o)
                                                  src/motorFunc.o
                                                  src/navigation.o
__aeabi_idiv0                                     c:/program files (x86)/atmel/atmel toolchain/arm gcc/native/4.8.1443/arm-gnu-toolchain/bin/../lib/gcc/arm-none-eabi/4.8.4/armv7-m\libgcc.a(_dvmd_tls.o)
__aeabi_l2d                                       c:/program files (x86)/atmel/atmel toolchain/arm gcc/native/4.8.1443/arm-gnu-toolchain/bin/../lib/gcc/arm-none-eabi/4.8.4/armv7-m\libgcc.a(_arm_addsubdf3.o)
__aeabi_ldiv0                                     c:/program files (x86)/atmel/atmel toolchain/arm gcc/native/4.8.1443/arm-gnu-toolchain/bin/../lib/gcc/arm-none-eabi/4.8.4/armv7-m\libgcc.a(_dvmd_tls.o)
                                                  c:/program files (x86)/atmel/atmel toolchain/arm gcc/native/4.8.1443/arm-gnu-toolchain/bin/../lib/gcc/arm-none-eabi/4.8.4/armv7-m\libgcc.a(_aeabi_uldivmod.o)
__aeabi_ui2d                                      c:/program files (x86)/atmel/atmel toolchain/arm gcc/native/4.8.1443/arm-gnu-toolchain/bin/../lib/gcc/arm-none-eabi/4.8.4/armv7-m\libgcc.a(_arm_addsubdf3.o)
                                                  src/distanceSensor.o
__aeabi_ul2d                                      c:/program files (x86)/atmel/atmel toolchain/arm gcc/native/4.8.1443/arm-gnu-toolchain/bin/../lib/gcc/arm-none-eabi/4.8.4/armv7-m\libgcc.a(_arm_addsubdf3.o)
__aeabi_uldivmod                                  c:/program files (x86)/atmel/atmel toolchain/arm gcc/native/4.8.1443/arm-gnu-toolchain/bin/../lib/gcc/arm-none-eabi/4.8.4/armv7-m\libgcc.a(_aeabi_uldivmod.o)
                                                  c:/program files (x86)/atmel/atmel toolchain/arm gcc/native/4.8.1443/arm-gnu-toolchain/bin/../lib/gcc/arm-none-eabi/4.8.4/../../../../arm-none-eabi/lib/armv7-m\libc.a(lib_a-vfiprintf.o)
                                                  src/motorFunc.o
__ascii_wctomb                                    c:/program files (x86)/atmel/atmel toolchain/arm gcc/native/4.8.1443/arm-gnu-toolchain/bin/../lib/gcc/arm-none-eabi/4.8.4/../../../../arm-none-eabi/lib/armv7-m\libc.a(lib_a-wctomb_r.o)
__bss_end__                                       c:/program files (x86)/atmel/atmel toolchain/arm gcc/native/4.8.1443/arm-gnu-toolchain/bin/../lib/gcc/arm-none-eabi/4.8.4/../../../../arm-none-eabi/lib/armv7-m/crt0.o
__bss_start__                                     c:/program files (x86)/atmel/atmel toolchain/arm gcc/native/4.8.1443/arm-gnu-toolchain/bin/../lib/gcc/arm-none-eabi/4.8.4/../../../../arm-none-eabi/lib/armv7-m/crt0.o
__call_exitprocs                                  c:/program files (x86)/atmel/atmel toolchain/arm gcc/native/4.8.1443/arm-gnu-toolchain/bin/../lib/gcc/arm-none-eabi/4.8.4/../../../../arm-none-eabi/lib/armv7-m\libc.a(lib_a-__call_atexit.o)
                                                  c:/program files (x86)/atmel/atmel toolchain/arm gcc/native/4.8.1443/arm-gnu-toolchain/bin/../lib/gcc/arm-none-eabi/4.8.4/../../../../arm-none-eabi/lib/armv7-m\libc.a(lib_a-exit.o)
__cmpdf2                                          c:/program files (x86)/atmel/atmel toolchain/arm gcc/native/4.8.1443/arm-gnu-toolchain/bin/../lib/gcc/arm-none-eabi/4.8.4/armv7-m\libgcc.a(_arm_cmpdf2.o)
__deregister_frame_info                           c:/program files (x86)/atmel/atmel toolchain/arm gcc/native/4.8.1443/arm-gnu-toolchain/bin/../lib/gcc/arm-none-eabi/4.8.4/armv7-m/crtbegin.o
__divdf3                                          c:/program files (x86)/atmel/atmel toolchain/arm gcc/native/4.8.1443/arm-gnu-toolchain/bin/../lib/gcc/arm-none-eabi/4.8.4/armv7-m\libgcc.a(_arm_muldivdf3.o)
__divdi3                                          c:/program files (x86)/atmel/atmel toolchain/arm gcc/native/4.8.1443/arm-gnu-toolchain/bin/../lib/gcc/arm-none-eabi/4.8.4/armv7-m\libgcc.a(_divdi3.o)
                                                  c:/program files (x86)/atmel/atmel toolchain/arm gcc/native/4.8.1443/arm-gnu-toolchain/bin/../lib/gcc/arm-none-eabi/4.8.4/armv7-m\libgcc.a(bpabi.o)
__dso_handle                                      c:/program files (x86)/atmel/atmel toolchain/arm gcc/native/4.8.1443/arm-gnu-toolchain/bin/../lib/gcc/arm-none-eabi/4.8.4/armv7-m/crtbegin.o
__eqdf2                                           c:/program files (x86)/atmel/atmel toolchain/arm gcc/native/4.8.1443/arm-gnu-toolchain/bin/../lib/gcc/arm-none-eabi/4.8.4/armv7-m\libgcc.a(_arm_cmpdf2.o)
__errno                                           c:/program files (x86)/atmel/atmel toolchain/arm gcc/native/4.8.1443/arm-gnu-toolchain/bin/../lib/gcc/arm-none-eabi/4.8.4/../../../../arm-none-eabi/lib/armv7-m\libc.a(lib_a-errno.o)
                                                  c:/program files (x86)/atmel/atmel toolchain/arm gcc/native/4.8.1443/arm-gnu-toolchain/bin/../lib/gcc/arm-none-eabi/4.8.4/../../../../arm-none-eabi/lib/armv7-m\libm.a(lib_a-w_sqrt.o)
__extendsfdf2                                     c:/program files (x86)/atmel/atmel toolchain/arm gcc/native/4.8.1443/arm-gnu-toolchain/bin/../lib/gcc/arm-none-eabi/4.8.4/armv7-m\libgcc.a(_arm_addsubdf3.o)
__fdlib_version                                   c:/program files (x86)/atmel/atmel toolchain/arm gcc/native/4.8.1443/arm-gnu-toolchain/bin/../lib/gcc/arm-none-eabi/4.8.4/../../../../arm-none-eabi/lib/armv7-m\libm.a(lib_a-s_lib_ver.o)
                                                  c:/program files (x86)/atmel/atmel toolchain/arm gcc/native/4.8.1443/arm-gnu-toolchain/bin/../lib/gcc/arm-none-eabi/4.8.4/../../../../arm-none-eabi/lib/armv7-m\libm.a(lib_a-w_sqrt.o)
__fini_array_end                                  c:/program files (x86)/atmel/atmel toolchain/arm gcc/native/4.8.1443/arm-gnu-toolchain/bin/../lib/gcc/arm-none-eabi/4.8.4/../../../../arm-none-eabi/lib/armv7-m\libc.a(lib_a-fini.o)
__fini_array_start                                c:/program files (x86)/atmel/atmel toolchain/arm gcc/native/4.8.1443/arm-gnu-toolchain/bin/../lib/gcc/arm-none-eabi/4.8.4/../../../../arm-none-eabi/lib/armv7-m\libc.a(lib_a-fini.o)
__fixdfsi                                         c:/program files (x86)/atmel/atmel toolchain/arm gcc/native/4.8.1443/arm-gnu-toolchain/bin/../lib/gcc/arm-none-eabi/4.8.4/armv7-m\libgcc.a(_arm_fixdfsi.o)
__fixunsdfsi                                      c:/program files (x86)/atmel/atmel toolchain/arm gcc/native/4.8.1443/arm-gnu-toolchain/bin/../lib/gcc/arm-none-eabi/4.8.4/armv7-m\libgcc.a(_arm_fixunsdfsi.o)
__floatdidf                                       c:/program files (x86)/atmel/atmel toolchain/arm gcc/native/4.8.1443/arm-gnu-toolchain/bin/../lib/gcc/arm-none-eabi/4.8.4/armv7-m\libgcc.a(_arm_addsubdf3.o)
__floatsidf                                       c:/program files (x86)/atmel/atmel toolchain/arm gcc/native/4.8.1443/arm-gnu-toolchain/bin/../lib/gcc/arm-none-eabi/4.8.4/armv7-m\libgcc.a(_arm_addsubdf3.o)
__floatundidf                                     c:/program files (x86)/atmel/atmel toolchain/arm gcc/native/4.8.1443/arm-gnu-toolchain/bin/../lib/gcc/arm-none-eabi/4.8.4/armv7-m\libgcc.a(_arm_addsubdf3.o)
__floatunsidf                                     c:/program files (x86)/atmel/atmel toolchain/arm gcc/native/4.8.1443/arm-gnu-toolchain/bin/../lib/gcc/arm-none-eabi/4.8.4/armv7-m\libgcc.a(_arm_addsubdf3.o)
__fp_lock_all                                     c:/program files (x86)/atmel/atmel toolchain/arm gcc/native/4.8.1443/arm-gnu-toolchain/bin/../lib/gcc/arm-none-eabi/4.8.4/../../../../arm-none-eabi/lib/armv7-m\libc.a(lib_a-findfp.o)
__fp_unlock_all                                   c:/program files (x86)/atmel/atmel toolchain/arm gcc/native/4.8.1443/arm-gnu-toolchain/bin/../lib/gcc/arm-none-eabi/4.8.4/../../../../arm-none-eabi/lib/armv7-m\libc.a(lib_a-findfp.o)
__fpclassifyd                                     c:/program files (x86)/atmel/atmel toolchain/arm gcc/native/4.8.1443/arm-gnu-toolchain/bin/../lib/gcc/arm-none-eabi/4.8.4/../../../../arm-none-eabi/lib/armv7-m\libm.a(lib_a-s_fpclassify.o)
                                                  c:/program files (x86)/atmel/atmel toolchain/arm gcc/native/4.8.1443/arm-gnu-toolchain/bin/../lib/gcc/arm-none-eabi/4.8.4/../../../../arm-none-eabi/lib/armv7-m\libm.a(lib_a-w_sqrt.o)
__gedf2                                           c:/program files (x86)/atmel/atmel toolchain/arm gcc/native/4.8.1443/arm-gnu-toolchain/bin/../lib/gcc/arm-none-eabi/4.8.4/armv7-m\libgcc.a(_arm_cmpdf2.o)
__gnu_ldivmod_helper                              c:/program files (x86)/atmel/atmel toolchain/arm gcc/native/4.8.1443/arm-gnu-toolchain/bin/../lib/gcc/arm-none-eabi/4.8.4/armv7-m\libgcc.a(bpabi.o)
__gnu_uldivmod_helper                             c:/program files (x86)/atmel/atmel toolchain/arm gcc/native/4.8.1443/arm-gnu-toolchain/bin/../lib/gcc/arm-none-eabi/4.8.4/armv7-m\libgcc.a(bpabi.o)
                                                  c:/program files (x86)/atmel/atmel toolchain/arm gcc/native/4.8.1443/arm-gnu-toolchain/bin/../lib/gcc/arm-none-eabi/4.8.4/armv7-m\libgcc.a(_aeabi_uldivmod.o)